Archive member included to satisfy reference by file (symbol)

d:/st/stm32cubeide_1.11.0/stm32cubeide/plugins/com.st.stm32cube.ide.mcu.externaltools.gnu-tools-for-stm32.10.3-2021.10.win32_1.0.100.202210260954/tools/bin/../lib/gcc/arm-none-eabi/10.3.1/../../../../arm-none-eabi/lib/thumb/v7e-m+fp/hard\libc_nano.a(lib_a-errno.o)
                              ./Core/Src/syscalls.o (__errno)
d:/st/stm32cubeide_1.11.0/stm32cubeide/plugins/com.st.stm32cube.ide.mcu.externaltools.gnu-tools-for-stm32.10.3-2021.10.win32_1.0.100.202210260954/tools/bin/../lib/gcc/arm-none-eabi/10.3.1/../../../../arm-none-eabi/lib/thumb/v7e-m+fp/hard\libc_nano.a(lib_a-exit.o)
                              d:/st/stm32cubeide_1.11.0/stm32cubeide/plugins/com.st.stm32cube.ide.mcu.externaltools.gnu-tools-for-stm32.10.3-2021.10.win32_1.0.100.202210260954/tools/bin/../lib/gcc/arm-none-eabi/10.3.1/../../../../arm-none-eabi/lib/thumb/v7e-m+fp/hard/crt0.o (exit)
d:/st/stm32cubeide_1.11.0/stm32cubeide/plugins/com.st.stm32cube.ide.mcu.externaltools.gnu-tools-for-stm32.10.3-2021.10.win32_1.0.100.202210260954/tools/bin/../lib/gcc/arm-none-eabi/10.3.1/../../../../arm-none-eabi/lib/thumb/v7e-m+fp/hard\libc_nano.a(lib_a-impure.o)
                              d:/st/stm32cubeide_1.11.0/stm32cubeide/plugins/com.st.stm32cube.ide.mcu.externaltools.gnu-tools-for-stm32.10.3-2021.10.win32_1.0.100.202210260954/tools/bin/../lib/gcc/arm-none-eabi/10.3.1/../../../../arm-none-eabi/lib/thumb/v7e-m+fp/hard\libc_nano.a(lib_a-exit.o) (_global_impure_ptr)
d:/st/stm32cubeide_1.11.0/stm32cubeide/plugins/com.st.stm32cube.ide.mcu.externaltools.gnu-tools-for-stm32.10.3-2021.10.win32_1.0.100.202210260954/tools/bin/../lib/gcc/arm-none-eabi/10.3.1/../../../../arm-none-eabi/lib/thumb/v7e-m+fp/hard\libc_nano.a(lib_a-init.o)
                              d:/st/stm32cubeide_1.11.0/stm32cubeide/plugins/com.st.stm32cube.ide.mcu.externaltools.gnu-tools-for-stm32.10.3-2021.10.win32_1.0.100.202210260954/tools/bin/../lib/gcc/arm-none-eabi/10.3.1/../../../../arm-none-eabi/lib/thumb/v7e-m+fp/hard/crt0.o (__libc_init_array)
d:/st/stm32cubeide_1.11.0/stm32cubeide/plugins/com.st.stm32cube.ide.mcu.externaltools.gnu-tools-for-stm32.10.3-2021.10.win32_1.0.100.202210260954/tools/bin/../lib/gcc/arm-none-eabi/10.3.1/../../../../arm-none-eabi/lib/thumb/v7e-m+fp/hard\libc_nano.a(lib_a-memcpy-stub.o)
                              ./FreeRTOS/queue.o (memcpy)
d:/st/stm32cubeide_1.11.0/stm32cubeide/plugins/com.st.stm32cube.ide.mcu.externaltools.gnu-tools-for-stm32.10.3-2021.10.win32_1.0.100.202210260954/tools/bin/../lib/gcc/arm-none-eabi/10.3.1/../../../../arm-none-eabi/lib/thumb/v7e-m+fp/hard\libc_nano.a(lib_a-memset.o)
                              d:/st/stm32cubeide_1.11.0/stm32cubeide/plugins/com.st.stm32cube.ide.mcu.externaltools.gnu-tools-for-stm32.10.3-2021.10.win32_1.0.100.202210260954/tools/bin/../lib/gcc/arm-none-eabi/10.3.1/../../../../arm-none-eabi/lib/thumb/v7e-m+fp/hard/crt0.o (memset)
d:/st/stm32cubeide_1.11.0/stm32cubeide/plugins/com.st.stm32cube.ide.mcu.externaltools.gnu-tools-for-stm32.10.3-2021.10.win32_1.0.100.202210260954/tools/bin/../lib/gcc/arm-none-eabi/10.3.1/thumb/v7e-m+fp/hard\libgcc.a(_aeabi_uldivmod.o)
                              ./Drivers/STM32F4xx_HAL_Driver/Src/stm32f4xx_hal_rcc.o (__aeabi_uldivmod)
d:/st/stm32cubeide_1.11.0/stm32cubeide/plugins/com.st.stm32cube.ide.mcu.externaltools.gnu-tools-for-stm32.10.3-2021.10.win32_1.0.100.202210260954/tools/bin/../lib/gcc/arm-none-eabi/10.3.1/thumb/v7e-m+fp/hard\libgcc.a(_udivmoddi4.o)
                              d:/st/stm32cubeide_1.11.0/stm32cubeide/plugins/com.st.stm32cube.ide.mcu.externaltools.gnu-tools-for-stm32.10.3-2021.10.win32_1.0.100.202210260954/tools/bin/../lib/gcc/arm-none-eabi/10.3.1/thumb/v7e-m+fp/hard\libgcc.a(_aeabi_uldivmod.o) (__udivmoddi4)
d:/st/stm32cubeide_1.11.0/stm32cubeide/plugins/com.st.stm32cube.ide.mcu.externaltools.gnu-tools-for-stm32.10.3-2021.10.win32_1.0.100.202210260954/tools/bin/../lib/gcc/arm-none-eabi/10.3.1/thumb/v7e-m+fp/hard\libgcc.a(_dvmd_tls.o)
                              d:/st/stm32cubeide_1.11.0/stm32cubeide/plugins/com.st.stm32cube.ide.mcu.externaltools.gnu-tools-for-stm32.10.3-2021.10.win32_1.0.100.202210260954/tools/bin/../lib/gcc/arm-none-eabi/10.3.1/thumb/v7e-m+fp/hard\libgcc.a(_aeabi_uldivmod.o) (__aeabi_ldiv0)

Discarded input sections

 .text          0x0000000000000000        0x0 d:/st/stm32cubeide_1.11.0/stm32cubeide/plugins/com.st.stm32cube.ide.mcu.externaltools.gnu-tools-for-stm32.10.3-2021.10.win32_1.0.100.202210260954/tools/bin/../lib/gcc/arm-none-eabi/10.3.1/thumb/v7e-m+fp/hard/crti.o
 .data          0x0000000000000000        0x0 d:/st/stm32cubeide_1.11.0/stm32cubeide/plugins/com.st.stm32cube.ide.mcu.externaltools.gnu-tools-for-stm32.10.3-2021.10.win32_1.0.100.202210260954/tools/bin/../lib/gcc/arm-none-eabi/10.3.1/thumb/v7e-m+fp/hard/crti.o
[...]
Memory Configuration

Name             Origin             Length             Attributes
CCMRAM           0x0000000010000000 0x0000000000010000 xrw
RAM              0x0000000020000000 0x0000000000020000 xrw
FLASH            0x0000000008000000 0x0000000000100000 xr
*default*        0x0000000000000000 0xffffffffffffffff

Linker script and memory map

LOAD d:/st/stm32cubeide_1.11.0/stm32cubeide/plugins/com.st.stm32cube.ide.mcu.externaltools.gnu-tools-for-stm32.10.3-2021.10.win32_1.0.100.202210260954/tools/bin/../lib/gcc/arm-none-eabi/10.3.1/thumb/v7e-m+fp/hard/crti.o
LOAD d:/st/stm32cubeide_1.11.0/stm32cubeide/plugins/com.st.stm32cube.ide.mcu.externaltools.gnu-tools-for-stm32.10.3-2021.10.win32_1.0.100.202210260954/tools/bin/../lib/gcc/arm-none-eabi/10.3.1/thumb/v7e-m+fp/hard/crtbegin.o
LOAD d:/st/stm32cubeide_1.11.0/stm32cubeide/plugins/com.st.stm32cube.ide.mcu.externaltools.gnu-tools-for-stm32.10.3-2021.10.win32_1.0.100.202210260954/tools/bin/../lib/gcc/arm-none-eabi/10.3.1/../../../../arm-none-eabi/lib/thumb/v7e-m+fp/hard/crt0.o
LOAD ./Core/Src/main.o
LOAD ./Core/Src/stm32f4xx_hal_msp.o
LOAD ./Core/Src/stm32f4xx_hal_timebase_tim.o
LOAD ./Core/Src/stm32f4xx_it.o
LOAD ./Core/Src/syscalls.o
LOAD ./Core/Src/sysmem.o
LOAD ./Core/Src/system_stm32f4xx.o
LOAD ./Core/Startup/startup_stm32f407vgtx.o
LOAD ./Drivers/STM32F4xx_HAL_Driver/Src/stm32f4xx_hal.o
LOAD ./Drivers/STM32F4xx_HAL_Driver/Src/stm32f4xx_hal_cortex.o
LOAD ./Drivers/STM32F4xx_HAL_Driver/Src/stm32f4xx_hal_dma.o
LOAD ./Drivers/STM32F4xx_HAL_Driver/Src/stm32f4xx_hal_dma_ex.o
LOAD ./Drivers/STM32F4xx_HAL_Driver/Src/stm32f4xx_hal_exti.o
LOAD ./Drivers/STM32F4xx_HAL_Driver/Src/stm32f4xx_hal_flash.o
LOAD ./Drivers/STM32F4xx_HAL_Driver/Src/stm32f4xx_hal_flash_ex.o
LOAD ./Drivers/STM32F4xx_HAL_Driver/Src/stm32f4xx_hal_flash_ramfunc.o
LOAD ./Drivers/STM32F4xx_HAL_Driver/Src/stm32f4xx_hal_gpio.o
LOAD ./Drivers/STM32F4xx_HAL_Driver/Src/stm32f4xx_hal_pwr.o
LOAD ./Drivers/STM32F4xx_HAL_Driver/Src/stm32f4xx_hal_pwr_ex.o
LOAD ./Drivers/STM32F4xx_HAL_Driver/Src/stm32f4xx_hal_rcc.o
LOAD ./Drivers/STM32F4xx_HAL_Driver/Src/stm32f4xx_hal_rcc_ex.o
LOAD ./Drivers/STM32F4xx_HAL_Driver/Src/stm32f4xx_hal_tim.o
LOAD ./Drivers/STM32F4xx_HAL_Driver/Src/stm32f4xx_hal_tim_ex.o
LOAD ./FreeRTOS/croutine.o
LOAD ./FreeRTOS/event_groups.o
LOAD ./FreeRTOS/list.o
LOAD ./FreeRTOS/queue.o
LOAD ./FreeRTOS/stream_buffer.o
LOAD ./FreeRTOS/tasks.o
LOAD ./FreeRTOS/timers.o
LOAD ./FreeRTOS/portable/ARM_CM4F/port.o
LOAD ./FreeRTOS/portable/MemMang/heap_4.o
START GROUP
LOAD d:/st/stm32cubeide_1.11.0/stm32cubeide/plugins/com.st.stm32cube.ide.mcu.externaltools.gnu-tools-for-stm32.10.3-2021.10.win32_1.0.100.202210260954/tools/bin/../lib/gcc/arm-none-eabi/10.3.1/../../../../arm-none-eabi/lib/thumb/v7e-m+fp/hard\libc_nano.a
LOAD d:/st/stm32cubeide_1.11.0/stm32cubeide/plugins/com.st.stm32cube.ide.mcu.externaltools.gnu-tools-for-stm32.10.3-2021.10.win32_1.0.100.202210260954/tools/bin/../lib/gcc/arm-none-eabi/10.3.1/../../../../arm-none-eabi/lib/thumb/v7e-m+fp/hard\libm.a
END GROUP
START GROUP
LOAD d:/st/stm32cubeide_1.11.0/stm32cubeide/plugins/com.st.stm32cube.ide.mcu.externaltools.gnu-tools-for-stm32.10.3-2021.10.win32_1.0.100.202210260954/tools/bin/../lib/gcc/arm-none-eabi/10.3.1/thumb/v7e-m+fp/hard\libgcc.a
LOAD d:/st/stm32cubeide_1.11.0/stm32cubeide/plugins/com.st.stm32cube.ide.mcu.externaltools.gnu-tools-for-stm32.10.3-2021.10.win32_1.0.100.202210260954/tools/bin/../lib/gcc/arm-none-eabi/10.3.1/../../../../arm-none-eabi/lib/thumb/v7e-m+fp/hard\libc_nano.a
END GROUP
START GROUP
LOAD d:/st/stm32cubeide_1.11.0/stm32cubeide/plugins/com.st.stm32cube.ide.mcu.externaltools.gnu-tools-for-stm32.10.3-2021.10.win32_1.0.100.202210260954/tools/bin/../lib/gcc/arm-none-eabi/10.3.1/thumb/v7e-m+fp/hard\libgcc.a
LOAD d:/st/stm32cubeide_1.11.0/stm32cubeide/plugins/com.st.stm32cube.ide.mcu.externaltools.gnu-tools-for-stm32.10.3-2021.10.win32_1.0.100.202210260954/tools/bin/../lib/gcc/arm-none-eabi/10.3.1/../../../../arm-none-eabi/lib/thumb/v7e-m+fp/hard\libc_nano.a
LOAD d:/st/stm32cubeide_1.11.0/stm32cubeide/plugins/com.st.stm32cube.ide.mcu.externaltools.gnu-tools-for-stm32.10.3-2021.10.win32_1.0.100.202210260954/tools/bin/../lib/gcc/arm-none-eabi/10.3.1/../../../../arm-none-eabi/lib/thumb/v7e-m+fp/hard\libnosys.a
END GROUP
START GROUP
LOAD d:/st/stm32cubeide_1.11.0/stm32cubeide/plugins/com.st.stm32cube.ide.mcu.externaltools.gnu-tools-for-stm32.10.3-2021.10.win32_1.0.100.202210260954/tools/bin/../lib/gcc/arm-none-eabi/10.3.1/thumb/v7e-m+fp/hard\libgcc.a
LOAD d:/st/stm32cubeide_1.11.0/stm32cubeide/plugins/com.st.stm32cube.ide.mcu.externaltools.gnu-tools-for-stm32.10.3-2021.10.win32_1.0.100.202210260954/tools/bin/../lib/gcc/arm-none-eabi/10.3.1/../../../../arm-none-eabi/lib/thumb/v7e-m+fp/hard\libc_nano.a
LOAD d:/st/stm32cubeide_1.11.0/stm32cubeide/plugins/com.st.stm32cube.ide.mcu.externaltools.gnu-tools-for-stm32.10.3-2021.10.win32_1.0.100.202210260954/tools/bin/../lib/gcc/arm-none-eabi/10.3.1/../../../../arm-none-eabi/lib/thumb/v7e-m+fp/hard\libnosys.a
END GROUP
LOAD d:/st/stm32cubeide_1.11.0/stm32cubeide/plugins/com.st.stm32cube.ide.mcu.externaltools.gnu-tools-for-stm32.10.3-2021.10.win32_1.0.100.202210260954/tools/bin/../lib/gcc/arm-none-eabi/10.3.1/thumb/v7e-m+fp/hard/crtend.o
LOAD d:/st/stm32cubeide_1.11.0/stm32cubeide/plugins/com.st.stm32cube.ide.mcu.externaltools.gnu-tools-for-stm32.10.3-2021.10.win32_1.0.100.202210260954/tools/bin/../lib/gcc/arm-none-eabi/10.3.1/thumb/v7e-m+fp/hard/crtn.o
                0x0000000020020000                _estack = (ORIGIN (RAM) + LENGTH (RAM))
                0x0000000000000200                _Min_Heap_Size = 0x200
                0x0000000000000400                _Min_Stack_Size = 0x400

.isr_vector     0x0000000008000000      0x188
                0x0000000008000000                . = ALIGN (0x4)
 *(.isr_vector)
 .isr_vector    0x0000000008000000      0x188 ./Core/Startup/startup_stm32f407vgtx.o
                0x0000000008000000                g_pfnVectors
                0x0000000008000188                . = ALIGN (0x4)

.text           0x0000000008000190     0x43f8
                0x0000000008000190                . = ALIGN (0x4)
 *(.text)
 .text          0x0000000008000190       0x40 d:/st/stm32cubeide_1.11.0/stm32cubeide/plugins/com.st.stm32cube.ide.mcu.externaltools.gnu-tools-for-stm32.10.3-2021.10.win32_1.0.100.202210260954/tools/bin/../lib/gcc/arm-none-eabi/10.3.1/thumb/v7e-m+fp/hard/crtbegin.o
 .text          0x00000000080001d0       0x30 d:/st/stm32cubeide_1.11.0/stm32cubeide/plugins/com.st.stm32cube.ide.mcu.externaltools.gnu-tools-for-stm32.10.3-2021.10.win32_1.0.100.202210260954/tools/bin/../lib/gcc/arm-none-eabi/10.3.1/thumb/v7e-m+fp/hard\libgcc.a(_aeabi_uldivmod.o)
                0x00000000080001d0                __aeabi_uldivmod
 .text          0x0000000008000200      0x2d0 d:/st/stm32cubeide_1.11.0/stm32cubeide/plugins/com.st.stm32cube.ide.mcu.externaltools.gnu-tools-for-stm32.10.3-2021.10.win32_1.0.100.202210260954/tools/bin/../lib/gcc/arm-none-eabi/10.3.1/thumb/v7e-m+fp/hard\libgcc.a(_udivmoddi4.o)
                0x0000000008000200                __udivmoddi4
 .text          0x00000000080004d0        0x4 d:/st/stm32cubeide_1.11.0/stm32cubeide/plugins/com.st.stm32cube.ide.mcu.externaltools.gnu-tools-for-stm32.10.3-2021.10.win32_1.0.100.202210260954/tools/bin/../lib/gcc/arm-none-eabi/10.3.1/thumb/v7e-m+fp/hard\libgcc.a(_dvmd_tls.o)
                0x00000000080004d0                __aeabi_idiv0
                0x00000000080004d0                __aeabi_ldiv0
 *(.text*)
 .text.main     0x00000000080004d4       0x16 ./Core/Src/main.o
                0x00000000080004d4                main
 *fill*         0x00000000080004ea        0x2 
 .text.SystemClock_Config
                0x00000000080004ec       0xd4 ./Core/Src/main.o
                0x00000000080004ec                SystemClock_Config
 .text.MX_GPIO_Init
                0x00000000080005c0      0x2bc ./Core/Src/main.o
 .text.HAL_TIM_PeriodElapsedCallback
                0x000000000800087c       0x24 ./Core/Src/main.o
                0x000000000800087c                HAL_TIM_PeriodElapsedCallback
 .text.Error_Handler
                0x00000000080008a0        0xa ./Core/Src/main.o
                0x00000000080008a0                Error_Handler
 *fill*         0x00000000080008aa        0x2 
 .text.HAL_MspInit
                0x00000000080008ac       0x50 ./Core/Src/stm32f4xx_hal_msp.o
                0x00000000080008ac                HAL_MspInit
 .text.HAL_InitTick
                0x00000000080008fc       0xf8 ./Core/Src/stm32f4xx_hal_timebase_tim.o
                0x00000000080008fc                HAL_InitTick
 .text.NMI_Handler
                0x00000000080009f4        0x6 ./Core/Src/stm32f4xx_it.o
                0x00000000080009f4                NMI_Handler
 .text.HardFault_Handler
                0x00000000080009fa        0x6 ./Core/Src/stm32f4xx_it.o
                0x00000000080009fa                HardFault_Handler
 .text.MemManage_Handler
                0x0000000008000a00        0x6 ./Core/Src/stm32f4xx_it.o
                0x0000000008000a00                MemManage_Handler
 .text.BusFault_Handler
                0x0000000008000a06        0x6 ./Core/Src/stm32f4xx_it.o
                0x0000000008000a06                BusFault_Handler
 .text.UsageFault_Handler
                0x0000000008000a0c        0x6 ./Core/Src/stm32f4xx_it.o
                0x0000000008000a0c                UsageFault_Handler
 .text.DebugMon_Handler
                0x0000000008000a12        0xe ./Core/Src/stm32f4xx_it.o
                0x0000000008000a12                DebugMon_Handler
 .text.TIM7_IRQHandler
                0x0000000008000a20       0x14 ./Core/Src/stm32f4xx_it.o
                0x0000000008000a20                TIM7_IRQHandler
 .text.SystemInit
                0x0000000008000a34       0x24 ./Core/Src/system_stm32f4xx.o
                0x0000000008000a34                SystemInit
 .text.Reset_Handler
                0x0000000008000a58       0x50 ./Core/Startup/startup_stm32f407vgtx.o
                0x0000000008000a58                Reset_Handler
 .text.Default_Handler
                0x0000000008000aa8        0x2 ./Core/Startup/startup_stm32f407vgtx.o
                0x0000000008000aa8                RTC_Alarm_IRQHandler
                0x0000000008000aa8                HASH_RNG_IRQHandler
                0x0000000008000aa8                EXTI2_IRQHandler
                0x0000000008000aa8                TIM8_CC_IRQHandler
                0x0000000008000aa8                TIM1_CC_IRQHandler
                0x0000000008000aa8                DMA2_Stream5_IRQHandler
                0x0000000008000aa8                DMA1_Stream5_IRQHandler
                0x0000000008000aa8                PVD_IRQHandler
                0x0000000008000aa8                SDIO_IRQHandler
                0x0000000008000aa8                TAMP_STAMP_IRQHandler
                0x0000000008000aa8                CAN2_RX1_IRQHandler
                0x0000000008000aa8                EXTI3_IRQHandler
                0x0000000008000aa8                TIM8_TRG_COM_TIM14_IRQHandler
                0x0000000008000aa8                TIM1_UP_TIM10_IRQHandler
                0x0000000008000aa8                TIM8_UP_TIM13_IRQHandler
                0x0000000008000aa8                I2C3_ER_IRQHandler
                0x0000000008000aa8                EXTI0_IRQHandler
                0x0000000008000aa8                I2C2_EV_IRQHandler
                0x0000000008000aa8                DMA1_Stream2_IRQHandler
                0x0000000008000aa8                CAN1_RX0_IRQHandler
                0x0000000008000aa8                FPU_IRQHandler
                0x0000000008000aa8                OTG_HS_WKUP_IRQHandler
                0x0000000008000aa8                CAN2_SCE_IRQHandler
                0x0000000008000aa8                DMA2_Stream2_IRQHandler
                0x0000000008000aa8                SPI1_IRQHandler
                0x0000000008000aa8                TIM6_DAC_IRQHandler
                0x0000000008000aa8                TIM1_BRK_TIM9_IRQHandler
                0x0000000008000aa8                DCMI_IRQHandler
                0x0000000008000aa8                CAN2_RX0_IRQHandler
                0x0000000008000aa8                DMA2_Stream3_IRQHandler
                0x0000000008000aa8                USART6_IRQHandler
                0x0000000008000aa8                USART3_IRQHandler
                0x0000000008000aa8                CAN1_RX1_IRQHandler
                0x0000000008000aa8                UART5_IRQHandler
                0x0000000008000aa8                DMA2_Stream0_IRQHandler
                0x0000000008000aa8                TIM4_IRQHandler
                0x0000000008000aa8                I2C1_EV_IRQHandler
                0x0000000008000aa8                DMA1_Stream6_IRQHandler
                0x0000000008000aa8                DMA1_Stream1_IRQHandler
                0x0000000008000aa8                UART4_IRQHandler
                0x0000000008000aa8                TIM3_IRQHandler
                0x0000000008000aa8                RCC_IRQHandler
                0x0000000008000aa8                TIM8_BRK_TIM12_IRQHandler
                0x0000000008000aa8                Default_Handler
                0x0000000008000aa8                EXTI15_10_IRQHandler
                0x0000000008000aa8                ADC_IRQHandler
                0x0000000008000aa8                DMA1_Stream7_IRQHandler
                0x0000000008000aa8                CAN2_TX_IRQHandler
                0x0000000008000aa8                TIM5_IRQHandler
                0x0000000008000aa8                DMA2_Stream7_IRQHandler
                0x0000000008000aa8                I2C3_EV_IRQHandler
                0x0000000008000aa8                EXTI9_5_IRQHandler
                0x0000000008000aa8                RTC_WKUP_IRQHandler
                0x0000000008000aa8                ETH_WKUP_IRQHandler
                0x0000000008000aa8                SPI2_IRQHandler
                0x0000000008000aa8                OTG_HS_EP1_IN_IRQHandler
                0x0000000008000aa8                DMA1_Stream0_IRQHandler
                0x0000000008000aa8                CAN1_TX_IRQHandler
                0x0000000008000aa8                EXTI4_IRQHandler
                0x0000000008000aa8                FSMC_IRQHandler
                0x0000000008000aa8                ETH_IRQHandler
                0x0000000008000aa8                OTG_HS_EP1_OUT_IRQHandler
                0x0000000008000aa8                WWDG_IRQHandler
                0x0000000008000aa8                TIM2_IRQHandler
                0x0000000008000aa8                OTG_FS_WKUP_IRQHandler
                0x0000000008000aa8                TIM1_TRG_COM_TIM11_IRQHandler
                0x0000000008000aa8                OTG_HS_IRQHandler
                0x0000000008000aa8                EXTI1_IRQHandler
                0x0000000008000aa8                USART2_IRQHandler
                0x0000000008000aa8                I2C2_ER_IRQHandler
                0x0000000008000aa8                DMA2_Stream1_IRQHandler
                0x0000000008000aa8                CAN1_SCE_IRQHandler
                0x0000000008000aa8                FLASH_IRQHandler
                0x0000000008000aa8                DMA2_Stream4_IRQHandler
                0x0000000008000aa8                USART1_IRQHandler
                0x0000000008000aa8                OTG_FS_IRQHandler
                0x0000000008000aa8                SPI3_IRQHandler
                0x0000000008000aa8                DMA1_Stream4_IRQHandler
                0x0000000008000aa8                I2C1_ER_IRQHandler
                0x0000000008000aa8                DMA2_Stream6_IRQHandler
                0x0000000008000aa8                DMA1_Stream3_IRQHandler
 *fill*         0x0000000008000aaa        0x2 
 .text.HAL_Init
                0x0000000008000aac       0x44 ./Drivers/STM32F4xx_HAL_Driver/Src/stm32f4xx_hal.o
                0x0000000008000aac                HAL_Init
 .text.HAL_IncTick
                0x0000000008000af0       0x28 ./Drivers/STM32F4xx_HAL_Driver/Src/stm32f4xx_hal.o
                0x0000000008000af0                HAL_IncTick
 .text.HAL_GetTick
                0x0000000008000b18       0x18 ./Drivers/STM32F4xx_HAL_Driver/Src/stm32f4xx_hal.o
                0x0000000008000b18                HAL_GetTick
 .text.__NVIC_SetPriorityGrouping
                0x0000000008000b30       0x48 ./Drivers/STM32F4xx_HAL_Driver/Src/stm32f4xx_hal_cortex.o
 .text.__NVIC_GetPriorityGrouping
                0x0000000008000b78       0x1c ./Drivers/STM32F4xx_HAL_Driver/Src/stm32f4xx_hal_cortex.o
 .text.__NVIC_EnableIRQ
                0x0000000008000b94       0x3c ./Drivers/STM32F4xx_HAL_Driver/Src/stm32f4xx_hal_cortex.o
 .text.__NVIC_SetPriority
                0x0000000008000bd0       0x54 ./Drivers/STM32F4xx_HAL_Driver/Src/stm32f4xx_hal_cortex.o
 .text.NVIC_EncodePriority
                0x0000000008000c24       0x66 ./Drivers/STM32F4xx_HAL_Driver/Src/stm32f4xx_hal_cortex.o
 .text.HAL_NVIC_SetPriorityGrouping
                0x0000000008000c8a       0x16 ./Drivers/STM32F4xx_HAL_Driver/Src/stm32f4xx_hal_cortex.o
                0x0000000008000c8a                HAL_NVIC_SetPriorityGrouping
 .text.HAL_NVIC_SetPriority
                0x0000000008000ca0       0x38 ./Drivers/STM32F4xx_HAL_Driver/Src/stm32f4xx_hal_cortex.o
                0x0000000008000ca0                HAL_NVIC_SetPriority
 .text.HAL_NVIC_EnableIRQ
                0x0000000008000cd8       0x1c ./Drivers/STM32F4xx_HAL_Driver/Src/stm32f4xx_hal_cortex.o
                0x0000000008000cd8                HAL_NVIC_EnableIRQ
 .text.HAL_GPIO_Init
                0x0000000008000cf4      0x338 ./Drivers/STM32F4xx_HAL_Driver/Src/stm32f4xx_hal_gpio.o
                0x0000000008000cf4                HAL_GPIO_Init
 .text.HAL_GPIO_WritePin
                0x000000000800102c       0x32 ./Drivers/STM32F4xx_HAL_Driver/Src/stm32f4xx_hal_gpio.o
                0x000000000800102c                HAL_GPIO_WritePin
 *fill*         0x000000000800105e        0x2 
 .text.HAL_RCC_OscConfig
                0x0000000008001060      0x4f0 ./Drivers/STM32F4xx_HAL_Driver/Src/stm32f4xx_hal_rcc.o
                0x0000000008001060                HAL_RCC_OscConfig
 .text.HAL_RCC_ClockConfig
                0x0000000008001550      0x1cc ./Drivers/STM32F4xx_HAL_Driver/Src/stm32f4xx_hal_rcc.o
                0x0000000008001550                HAL_RCC_ClockConfig
 .text.HAL_RCC_GetSysClockFreq
                0x000000000800171c      0x20c ./Drivers/STM32F4xx_HAL_Driver/Src/stm32f4xx_hal_rcc.o
                0x000000000800171c                HAL_RCC_GetSysClockFreq
 .text.HAL_RCC_GetHCLKFreq
                0x0000000008001928       0x18 ./Drivers/STM32F4xx_HAL_Driver/Src/stm32f4xx_hal_rcc.o
                0x0000000008001928                HAL_RCC_GetHCLKFreq
 .text.HAL_RCC_GetPCLK1Freq
                0x0000000008001940       0x28 ./Drivers/STM32F4xx_HAL_Driver/Src/stm32f4xx_hal_rcc.o
                0x0000000008001940                HAL_RCC_GetPCLK1Freq
 .text.HAL_RCC_GetClockConfig
                0x0000000008001968       0x64 ./Drivers/STM32F4xx_HAL_Driver/Src/stm32f4xx_hal_rcc.o
                0x0000000008001968                HAL_RCC_GetClockConfig
 .text.HAL_TIM_Base_Init
                0x00000000080019cc       0x9e ./Drivers/STM32F4xx_HAL_Driver/Src/stm32f4xx_hal_tim.o
                0x00000000080019cc                HAL_TIM_Base_Init
 .text.HAL_TIM_Base_MspInit
                0x0000000008001a6a       0x14 ./Drivers/STM32F4xx_HAL_Driver/Src/stm32f4xx_hal_tim.o
                0x0000000008001a6a                HAL_TIM_Base_MspInit
 *fill*         0x0000000008001a7e        0x2 
 .text.HAL_TIM_Base_Start_IT
                0x0000000008001a80       0xe0 ./Drivers/STM32F4xx_HAL_Driver/Src/stm32f4xx_hal_tim.o
                0x0000000008001a80                HAL_TIM_Base_Start_IT
 .text.HAL_TIM_IRQHandler
                0x0000000008001b60      0x210 ./Drivers/STM32F4xx_HAL_Driver/Src/stm32f4xx_hal_tim.o
                0x0000000008001b60                HAL_TIM_IRQHandler
 .text.HAL_TIM_OC_DelayElapsedCallback
                0x0000000008001d70       0x14 ./Drivers/STM32F4xx_HAL_Driver/Src/stm32f4xx_hal_tim.o
                0x0000000008001d70                HAL_TIM_OC_DelayElapsedCallback
 .text.HAL_TIM_IC_CaptureCallback
                0x0000000008001d84       0x14 ./Drivers/STM32F4xx_HAL_Driver/Src/stm32f4xx_hal_tim.o
                0x0000000008001d84                HAL_TIM_IC_CaptureCallback
 .text.HAL_TIM_PWM_PulseFinishedCallback
                0x0000000008001d98       0x14 ./Drivers/STM32F4xx_HAL_Driver/Src/stm32f4xx_hal_tim.o
                0x0000000008001d98                HAL_TIM_PWM_PulseFinishedCallback
 .text.HAL_TIM_TriggerCallback
                0x0000000008001dac       0x14 ./Drivers/STM32F4xx_HAL_Driver/Src/stm32f4xx_hal_tim.o
                0x0000000008001dac                HAL_TIM_TriggerCallback
 .text.TIM_Base_SetConfig
                0x0000000008001dc0      0x140 ./Drivers/STM32F4xx_HAL_Driver/Src/stm32f4xx_hal_tim.o
                0x0000000008001dc0                TIM_Base_SetConfig
 .text.HAL_TIMEx_CommutCallback
                0x0000000008001f00       0x14 ./Drivers/STM32F4xx_HAL_Driver/Src/stm32f4xx_hal_tim_ex.o
                0x0000000008001f00                HAL_TIMEx_CommutCallback
 .text.HAL_TIMEx_BreakCallback
                0x0000000008001f14       0x14 ./Drivers/STM32F4xx_HAL_Driver/Src/stm32f4xx_hal_tim_ex.o
                0x0000000008001f14                HAL_TIMEx_BreakCallback
 .text.vListInitialise
                0x0000000008001f28       0x40 ./FreeRTOS/list.o
                0x0000000008001f28                vListInitialise
 .text.vListInitialiseItem
                0x0000000008001f68       0x1a ./FreeRTOS/list.o
                0x0000000008001f68                vListInitialiseItem
 .text.vListInsertEnd
                0x0000000008001f82       0x48 ./FreeRTOS/list.o
                0x0000000008001f82                vListInsertEnd
 .text.vListInsert
                0x0000000008001fca       0x72 ./FreeRTOS/list.o
                0x0000000008001fca                vListInsert
 .text.uxListRemove
                0x000000000800203c       0x54 ./FreeRTOS/list.o
                0x000000000800203c                uxListRemove
 .text.xQueueGenericReset
                0x0000000008002090       0xd0 ./FreeRTOS/queue.o
                0x0000000008002090                xQueueGenericReset
 .text.xQueueGenericCreate
                0x0000000008002160       0x78 ./FreeRTOS/queue.o
                0x0000000008002160                xQueueGenericCreate
 .text.prvInitialiseNewQueue
                0x00000000080021d8       0x46 ./FreeRTOS/queue.o
 *fill*         0x000000000800221e        0x2 
 .text.xQueueGenericSend
                0x0000000008002220      0x1fc ./FreeRTOS/queue.o
                0x0000000008002220                xQueueGenericSend
 .text.xQueueGenericSendFromISR
                0x000000000800241c      0x130 ./FreeRTOS/queue.o
                0x000000000800241c                xQueueGenericSendFromISR
 .text.xQueueReceive
                0x000000000800254c      0x1c0 ./FreeRTOS/queue.o
                0x000000000800254c                xQueueReceive
 .text.prvCopyDataToQueue
                0x000000000800270c       0xd4 ./FreeRTOS/queue.o
 .text.prvCopyDataFromQueue
                0x00000000080027e0       0x4c ./FreeRTOS/queue.o
 .text.prvUnlockQueue
                0x000000000800282c       0xa4 ./FreeRTOS/queue.o
 .text.prvIsQueueEmpty
                0x00000000080028d0       0x2c ./FreeRTOS/queue.o
 .text.prvIsQueueFull
                0x00000000080028fc       0x30 ./FreeRTOS/queue.o
 .text.vQueueAddToRegistry
                0x000000000800292c       0x54 ./FreeRTOS/queue.o
                0x000000000800292c                vQueueAddToRegistry
 .text.vQueueWaitForMessageRestricted
                0x0000000008002980       0x68 ./FreeRTOS/queue.o
                0x0000000008002980                vQueueWaitForMessageRestricted
 .text.xTaskCreate
                0x00000000080029e8       0x82 ./FreeRTOS/tasks.o
                0x00000000080029e8                xTaskCreate
 .text.prvInitialiseNewTask
                0x0000000008002a6a      0x11e ./FreeRTOS/tasks.o
 .text.prvAddNewTaskToReadyList
                0x0000000008002b88       0xdc ./FreeRTOS/tasks.o
 .text.vTaskStartScheduler
                0x0000000008002c64       0x9c ./FreeRTOS/tasks.o
                0x0000000008002c64                vTaskStartScheduler
 .text.vTaskSuspendAll
                0x0000000008002d00       0x1c ./FreeRTOS/tasks.o
                0x0000000008002d00                vTaskSuspendAll
 .text.xTaskResumeAll
                0x0000000008002d1c      0x138 ./FreeRTOS/tasks.o
                0x0000000008002d1c                xTaskResumeAll
 .text.xTaskGetTickCount
                0x0000000008002e54       0x20 ./FreeRTOS/tasks.o
                0x0000000008002e54                xTaskGetTickCount
 .text.xTaskIncrementTick
                0x0000000008002e74      0x170 ./FreeRTOS/tasks.o
                0x0000000008002e74                xTaskIncrementTick
 .text.vTaskSwitchContext
                0x0000000008002fe4       0xb8 ./FreeRTOS/tasks.o
                0x0000000008002fe4                vTaskSwitchContext
 .text.vTaskPlaceOnEventList
                0x000000000800309c       0x48 ./FreeRTOS/tasks.o
                0x000000000800309c                vTaskPlaceOnEventList
 .text.vTaskPlaceOnEventListRestricted
                0x00000000080030e4       0x58 ./FreeRTOS/tasks.o
                0x00000000080030e4                vTaskPlaceOnEventListRestricted
 .text.xTaskRemoveFromEventList
                0x000000000800313c       0xc4 ./FreeRTOS/tasks.o
                0x000000000800313c                xTaskRemoveFromEventList
 .text.vTaskInternalSetTimeOutState
                0x0000000008003200       0x2c ./FreeRTOS/tasks.o
                0x0000000008003200                vTaskInternalSetTimeOutState
 .text.xTaskCheckForTimeOut
                0x000000000800322c       0xc4 ./FreeRTOS/tasks.o
                0x000000000800322c                xTaskCheckForTimeOut
 .text.vTaskMissedYield
                0x00000000080032f0       0x18 ./FreeRTOS/tasks.o
                0x00000000080032f0                vTaskMissedYield
 .text.prvIdleTask
                0x0000000008003308       0x30 ./FreeRTOS/tasks.o
 .text.prvInitialiseTaskLists
                0x0000000008003338       0x80 ./FreeRTOS/tasks.o
 .text.prvCheckTasksWaitingTermination
                0x00000000080033b8       0x5c ./FreeRTOS/tasks.o
 .text.prvDeleteTCB
                0x0000000008003414       0x20 ./FreeRTOS/tasks.o
 .text.prvResetNextTaskUnblockTime
                0x0000000008003434       0x40 ./FreeRTOS/tasks.o
 .text.xTaskGetSchedulerState
                0x0000000008003474       0x3c ./FreeRTOS/tasks.o
                0x0000000008003474                xTaskGetSchedulerState
 .text.xTaskPriorityDisinherit
                0x00000000080034b0      0x10c ./FreeRTOS/tasks.o
                0x00000000080034b0                xTaskPriorityDisinherit
 .text.prvAddCurrentTaskToDelayedList
                0x00000000080035bc       0xcc ./FreeRTOS/tasks.o
 .text.xTimerCreateTimerTask
                0x0000000008003688       0x64 ./FreeRTOS/timers.o
                0x0000000008003688                xTimerCreateTimerTask
 .text.xTimerGenericCommand
                0x00000000080036ec       0x9c ./FreeRTOS/timers.o
                0x00000000080036ec                xTimerGenericCommand
 .text.prvProcessExpiredTimer
                0x0000000008003788       0x98 ./FreeRTOS/timers.o
 .text.prvTimerTask
                0x0000000008003820       0x24 ./FreeRTOS/timers.o
 .text.prvProcessTimerOrBlockTask
                0x0000000008003844       0x9c ./FreeRTOS/timers.o
 .text.prvGetNextExpireTime
                0x00000000080038e0       0x48 ./FreeRTOS/timers.o
 .text.prvSampleTimeNow
                0x0000000008003928       0x40 ./FreeRTOS/timers.o
 .text.prvInsertTimerInActiveList
                0x0000000008003968       0x84 ./FreeRTOS/timers.o
 .text.prvProcessReceivedCommands
                0x00000000080039ec      0x18c ./FreeRTOS/timers.o
 .text.prvSwitchTimerLists
                0x0000000008003b78       0xc8 ./FreeRTOS/timers.o
 .text.prvCheckForValidListAndQueue
                0x0000000008003c40       0x6c ./FreeRTOS/timers.o
 .text.pxPortInitialiseStack
                0x0000000008003cac       0x68 ./FreeRTOS/portable/ARM_CM4F/port.o
                0x0000000008003cac                pxPortInitialiseStack
 .text.prvTaskExitError
                0x0000000008003d14       0x58 ./FreeRTOS/portable/ARM_CM4F/port.o
 *fill*         0x0000000008003d6c        0x4 
 .text.SVC_Handler
                0x0000000008003d70       0x28 ./FreeRTOS/portable/ARM_CM4F/port.o
                0x0000000008003d70                SVC_Handler
 .text.prvPortStartFirstTask
                0x0000000008003d98       0x28 ./FreeRTOS/portable/ARM_CM4F/port.o
 .text.xPortStartScheduler
                0x0000000008003dc0      0x144 ./FreeRTOS/portable/ARM_CM4F/port.o
                0x0000000008003dc0                xPortStartScheduler
 .text.vPortEnterCritical
                0x0000000008003f04       0x60 ./FreeRTOS/portable/ARM_CM4F/port.o
                0x0000000008003f04                vPortEnterCritical
 .text.vPortExitCritical
                0x0000000008003f64       0x54 ./FreeRTOS/portable/ARM_CM4F/port.o
                0x0000000008003f64                vPortExitCritical
 *fill*         0x0000000008003fb8        0x8 
 .text.PendSV_Handler
                0x0000000008003fc0       0x68 ./FreeRTOS/portable/ARM_CM4F/port.o
                0x0000000008003fc0                PendSV_Handler
 .text.SysTick_Handler
                0x0000000008004028       0x44 ./FreeRTOS/portable/ARM_CM4F/port.o
                0x0000000008004028                SysTick_Handler
 .text.vPortSetupTimerInterrupt
                0x000000000800406c       0x48 ./FreeRTOS/portable/ARM_CM4F/port.o
                0x000000000800406c                vPortSetupTimerInterrupt
 .text.vPortEnableVFP
                0x00000000080040b4       0x14 ./FreeRTOS/portable/ARM_CM4F/port.o
 .text.vPortValidateInterruptPriority
                0x00000000080040c8       0x80 ./FreeRTOS/portable/ARM_CM4F/port.o
                0x00000000080040c8                vPortValidateInterruptPriority
 .text.pvPortMalloc
                0x0000000008004148      0x188 ./FreeRTOS/portable/MemMang/heap_4.o
                0x0000000008004148                pvPortMalloc
 .text.vPortFree
                0x00000000080042d0       0xb4 ./FreeRTOS/portable/MemMang/heap_4.o
                0x00000000080042d0                vPortFree
 .text.prvHeapInit
                0x0000000008004384       0xc4 ./FreeRTOS/portable/MemMang/heap_4.o
 .text.prvInsertBlockIntoFreeList
                0x0000000008004448       0xb4 ./FreeRTOS/portable/MemMang/heap_4.o
 .text.__libc_init_array
                0x00000000080044fc       0x48 d:/st/stm32cubeide_1.11.0/stm32cubeide/plugins/com.st.stm32cube.ide.mcu.externaltools.gnu-tools-for-stm32.10.3-2021.10.win32_1.0.100.202210260954/tools/bin/../lib/gcc/arm-none-eabi/10.3.1/../../../../arm-none-eabi/lib/thumb/v7e-m+fp/hard\libc_nano.a(lib_a-init.o)
                0x00000000080044fc                __libc_init_array
 .text.memcpy   0x0000000008004544       0x1c d:/st/stm32cubeide_1.11.0/stm32cubeide/plugins/com.st.stm32cube.ide.mcu.externaltools.gnu-tools-for-stm32.10.3-2021.10.win32_1.0.100.202210260954/tools/bin/../lib/gcc/arm-none-eabi/10.3.1/../../../../arm-none-eabi/lib/thumb/v7e-m+fp/hard\libc_nano.a(lib_a-memcpy-stub.o)
                0x0000000008004544                memcpy
 .text.memset   0x0000000008004560       0x10 d:/st/stm32cubeide_1.11.0/stm32cubeide/plugins/com.st.stm32cube.ide.mcu.externaltools.gnu-tools-for-stm32.10.3-2021.10.win32_1.0.100.202210260954/tools/bin/../lib/gcc/arm-none-eabi/10.3.1/../../../../arm-none-eabi/lib/thumb/v7e-m+fp/hard\libc_nano.a(lib_a-memset.o)
                0x0000000008004560                memset
 *(.glue_7)
 .glue_7        0x0000000008004570        0x0 linker stubs
 *(.glue_7t)
 .glue_7t       0x0000000008004570        0x0 linker stubs
 *(.eh_frame)
 .eh_frame      0x0000000008004570        0x0 d:/st/stm32cubeide_1.11.0/stm32cubeide/plugins/com.st.stm32cube.ide.mcu.externaltools.gnu-tools-for-stm32.10.3-2021.10.win32_1.0.100.202210260954/tools/bin/../lib/gcc/arm-none-eabi/10.3.1/thumb/v7e-m+fp/hard/crtbegin.o
 *(.init)
 .init          0x0000000008004570        0x4 d:/st/stm32cubeide_1.11.0/stm32cubeide/plugins/com.st.stm32cube.ide.mcu.externaltools.gnu-tools-for-stm32.10.3-2021.10.win32_1.0.100.202210260954/tools/bin/../lib/gcc/arm-none-eabi/10.3.1/thumb/v7e-m+fp/hard/crti.o
                0x0000000008004570                _init
 .init          0x0000000008004574        0x8 d:/st/stm32cubeide_1.11.0/stm32cubeide/plugins/com.st.stm32cube.ide.mcu.externaltools.gnu-tools-for-stm32.10.3-2021.10.win32_1.0.100.202210260954/tools/bin/../lib/gcc/arm-none-eabi/10.3.1/thumb/v7e-m+fp/hard/crtn.o
 *(.fini)
 .fini          0x000000000800457c        0x4 d:/st/stm32cubeide_1.11.0/stm32cubeide/plugins/com.st.stm32cube.ide.mcu.externaltools.gnu-tools-for-stm32.10.3-2021.10.win32_1.0.100.202210260954/tools/bin/../lib/gcc/arm-none-eabi/10.3.1/thumb/v7e-m+fp/hard/crti.o
                0x000000000800457c                _fini
 .fini          0x0000000008004580        0x8 d:/st/stm32cubeide_1.11.0/stm32cubeide/plugins/com.st.stm32cube.ide.mcu.externaltools.gnu-tools-for-stm32.10.3-2021.10.win32_1.0.100.202210260954/tools/bin/../lib/gcc/arm-none-eabi/10.3.1/thumb/v7e-m+fp/hard/crtn.o
                0x0000000008004588                . = ALIGN (0x4)
                0x0000000008004588                _etext = .

.vfp11_veneer   0x0000000008004588        0x0
 .vfp11_veneer  0x0000000008004588        0x0 linker stubs

.v4_bx          0x0000000008004588        0x0
 .v4_bx         0x0000000008004588        0x0 linker stubs

.iplt           0x0000000008004588        0x0
 .iplt          0x0000000008004588        0x0 d:/st/stm32cubeide_1.11.0/stm32cubeide/plugins/com.st.stm32cube.ide.mcu.externaltools.gnu-tools-for-stm32.10.3-2021.10.win32_1.0.100.202210260954/tools/bin/../lib/gcc/arm-none-eabi/10.3.1/thumb/v7e-m+fp/hard/crtbegin.o

.rodata         0x0000000008004588       0x30
                0x0000000008004588                . = ALIGN (0x4)
 *(.rodata)
 .rodata        0x0000000008004588        0x5 ./FreeRTOS/tasks.o
 *fill*         0x000000000800458d        0x3 
 .rodata        0x0000000008004590        0xd ./FreeRTOS/timers.o
 *(.rodata*)
 *fill*         0x000000000800459d        0x3 
 .rodata.AHBPrescTable
                0x00000000080045a0       0x10 ./Core/Src/system_stm32f4xx.o
                0x00000000080045a0                AHBPrescTable
 .rodata.APBPrescTable
                0x00000000080045b0        0x8 ./Core/Src/system_stm32f4xx.o
                0x00000000080045b0                APBPrescTable
                0x00000000080045b8                . = ALIGN (0x4)

.ARM.extab      0x00000000080045b8        0x0
                0x00000000080045b8                . = ALIGN (0x4)
 *(.ARM.extab* .gnu.linkonce.armextab.*)
                0x00000000080045b8                . = ALIGN (0x4)

.ARM            0x00000000080045b8        0x8
                0x00000000080045b8                . = ALIGN (0x4)
                0x00000000080045b8                __exidx_start = .
 *(.ARM.exidx*)
 .ARM.exidx     0x00000000080045b8        0x8 d:/st/stm32cubeide_1.11.0/stm32cubeide/plugins/com.st.stm32cube.ide.mcu.externaltools.gnu-tools-for-stm32.10.3-2021.10.win32_1.0.100.202210260954/tools/bin/../lib/gcc/arm-none-eabi/10.3.1/thumb/v7e-m+fp/hard\libgcc.a(_udivmoddi4.o)
                0x00000000080045c0                __exidx_end = .
                0x00000000080045c0                . = ALIGN (0x4)

.rel.dyn        0x00000000080045c0        0x0
 .rel.iplt      0x00000000080045c0        0x0 d:/st/stm32cubeide_1.11.0/stm32cubeide/plugins/com.st.stm32cube.ide.mcu.externaltools.gnu-tools-for-stm32.10.3-2021.10.win32_1.0.100.202210260954/tools/bin/../lib/gcc/arm-none-eabi/10.3.1/thumb/v7e-m+fp/hard/crtbegin.o

.preinit_array  0x00000000080045c0        0x0
                0x00000000080045c0                . = ALIGN (0x4)
                0x00000000080045c0                PROVIDE (__preinit_array_start = .)
 *(.preinit_array*)
                0x00000000080045c0                PROVIDE (__preinit_array_end = .)
                0x00000000080045c0                . = ALIGN (0x4)

.init_array     0x00000000080045c0        0x4
                0x00000000080045c0                . = ALIGN (0x4)
                0x00000000080045c0                PROVIDE (__init_array_start = .)
 *(SORT_BY_NAME(.init_array.*))
 *(.init_array*)
 .init_array    0x00000000080045c0        0x4 d:/st/stm32cubeide_1.11.0/stm32cubeide/plugins/com.st.stm32cube.ide.mcu.externaltools.gnu-tools-for-stm32.10.3-2021.10.win32_1.0.100.202210260954/tools/bin/../lib/gcc/arm-none-eabi/10.3.1/thumb/v7e-m+fp/hard/crtbegin.o
                0x00000000080045c4                PROVIDE (__init_array_end = .)
                0x00000000080045c4                . = ALIGN (0x4)

.fini_array     0x00000000080045c4        0x4
                0x00000000080045c4                . = ALIGN (0x4)
                [!provide]                        PROVIDE (__fini_array_start = .)
 *(SORT_BY_NAME(.fini_array.*))
 *(.fini_array*)
 .fini_array    0x00000000080045c4        0x4 d:/st/stm32cubeide_1.11.0/stm32cubeide/plugins/com.st.stm32cube.ide.mcu.externaltools.gnu-tools-for-stm32.10.3-2021.10.win32_1.0.100.202210260954/tools/bin/../lib/gcc/arm-none-eabi/10.3.1/thumb/v7e-m+fp/hard/crtbegin.o
                [!provide]                        PROVIDE (__fini_array_end = .)
                0x00000000080045c8                . = ALIGN (0x4)
                0x00000000080045c8                _sidata = LOADADDR (.data)

.data           0x0000000020000000       0x10 load address 0x00000000080045c8
                0x0000000020000000                . = ALIGN (0x4)
                0x0000000020000000                _sdata = .
 *(.data)
 *(.data*)
 .data.SystemCoreClock
                0x0000000020000000        0x4 ./Core/Src/system_stm32f4xx.o
                0x0000000020000000                SystemCoreClock
 .data.uwTickPrio
                0x0000000020000004        0x4 ./Drivers/STM32F4xx_HAL_Driver/Src/stm32f4xx_hal.o
                0x0000000020000004                uwTickPrio
 .data.uwTickFreq
                0x0000000020000008        0x1 ./Drivers/STM32F4xx_HAL_Driver/Src/stm32f4xx_hal.o
                0x0000000020000008                uwTickFreq
 *fill*         0x0000000020000009        0x3 
 .data.uxCriticalNesting
                0x000000002000000c        0x4 ./FreeRTOS/portable/ARM_CM4F/port.o
 *(.RamFunc)
 *(.RamFunc*)
                0x0000000020000010                . = ALIGN (0x4)
                0x0000000020000010                _edata = .
                0x00000000080045d8                _siccmram = LOADADDR (.ccmram)

.igot.plt       0x0000000020000010        0x0 load address 0x00000000080045d8
 .igot.plt      0x0000000020000010        0x0 d:/st/stm32cubeide_1.11.0/stm32cubeide/plugins/com.st.stm32cube.ide.mcu.externaltools.gnu-tools-for-stm32.10.3-2021.10.win32_1.0.100.202210260954/tools/bin/../lib/gcc/arm-none-eabi/10.3.1/thumb/v7e-m+fp/hard/crtbegin.o

.ccmram         0x0000000010000000        0x0 load address 0x00000000080045d8
                0x0000000010000000                . = ALIGN (0x4)
                0x0000000010000000                _sccmram = .
 *(.ccmram)
 *(.ccmram*)
                0x0000000010000000                . = ALIGN (0x4)
                0x0000000010000000                _eccmram = .
                0x0000000010000000                . = ALIGN (0x4)

.bss            0x0000000020000010    0x12e08
                0x0000000020000010                _sbss = .
                0x0000000020000010                __bss_start__ = _sbss
 *(.bss)
 .bss           0x0000000020000010       0x1c d:/st/stm32cubeide_1.11.0/stm32cubeide/plugins/com.st.stm32cube.ide.mcu.externaltools.gnu-tools-for-stm32.10.3-2021.10.win32_1.0.100.202210260954/tools/bin/../lib/gcc/arm-none-eabi/10.3.1/thumb/v7e-m+fp/hard/crtbegin.o
 *(.bss*)
 .bss.htim7     0x000000002000002c       0x48 ./Core/Src/stm32f4xx_hal_timebase_tim.o
                0x000000002000002c                htim7
 .bss.uwTick    0x0000000020000074        0x4 ./Drivers/STM32F4xx_HAL_Driver/Src/stm32f4xx_hal.o
                0x0000000020000074                uwTick
 .bss.xQueueRegistry
                0x0000000020000078       0x40 ./FreeRTOS/queue.o
                0x0000000020000078                xQueueRegistry
 .bss.pxCurrentTCB
                0x00000000200000b8        0x4 ./FreeRTOS/tasks.o
                0x00000000200000b8                pxCurrentTCB
 .bss.pxReadyTasksLists
                0x00000000200000bc       0x64 ./FreeRTOS/tasks.o
 .bss.xDelayedTaskList1
                0x0000000020000120       0x14 ./FreeRTOS/tasks.o
 .bss.xDelayedTaskList2
                0x0000000020000134       0x14 ./FreeRTOS/tasks.o
 .bss.pxDelayedTaskList
                0x0000000020000148        0x4 ./FreeRTOS/tasks.o
 .bss.pxOverflowDelayedTaskList
                0x000000002000014c        0x4 ./FreeRTOS/tasks.o
 .bss.xPendingReadyList
                0x0000000020000150       0x14 ./FreeRTOS/tasks.o
 .bss.xTasksWaitingTermination
                0x0000000020000164       0x14 ./FreeRTOS/tasks.o
 .bss.uxDeletedTasksWaitingCleanUp
                0x0000000020000178        0x4 ./FreeRTOS/tasks.o
 .bss.xSuspendedTaskList
                0x000000002000017c       0x14 ./FreeRTOS/tasks.o
 .bss.uxCurrentNumberOfTasks
                0x0000000020000190        0x4 ./FreeRTOS/tasks.o
 .bss.xTickCount
                0x0000000020000194        0x4 ./FreeRTOS/tasks.o
 .bss.uxTopReadyPriority
                0x0000000020000198        0x4 ./FreeRTOS/tasks.o
 .bss.xSchedulerRunning
                0x000000002000019c        0x4 ./FreeRTOS/tasks.o
 .bss.uxPendedTicks
                0x00000000200001a0        0x4 ./FreeRTOS/tasks.o
 .bss.xYieldPending
                0x00000000200001a4        0x4 ./FreeRTOS/tasks.o
 .bss.xNumOfOverflows
                0x00000000200001a8        0x4 ./FreeRTOS/tasks.o
 .bss.uxTaskNumber
                0x00000000200001ac        0x4 ./FreeRTOS/tasks.o
 .bss.xNextTaskUnblockTime
                0x00000000200001b0        0x4 ./FreeRTOS/tasks.o
 .bss.xIdleTaskHandle
                0x00000000200001b4        0x4 ./FreeRTOS/tasks.o
 .bss.uxSchedulerSuspended
                0x00000000200001b8        0x4 ./FreeRTOS/tasks.o
 .bss.xActiveTimerList1
                0x00000000200001bc       0x14 ./FreeRTOS/timers.o
 .bss.xActiveTimerList2
                0x00000000200001d0       0x14 ./FreeRTOS/timers.o
 .bss.pxCurrentTimerList
                0x00000000200001e4        0x4 ./FreeRTOS/timers.o
 .bss.pxOverflowTimerList
                0x00000000200001e8        0x4 ./FreeRTOS/timers.o
 .bss.xTimerQueue
                0x00000000200001ec        0x4 ./FreeRTOS/timers.o
 .bss.xTimerTaskHandle
                0x00000000200001f0        0x4 ./FreeRTOS/timers.o
 .bss.xLastTime.0
                0x00000000200001f4        0x4 ./FreeRTOS/timers.o
 .bss.ucMaxSysCallPriority
                0x00000000200001f8        0x1 ./FreeRTOS/portable/ARM_CM4F/port.o
 *fill*         0x00000000200001f9        0x3 
 .bss.ulMaxPRIGROUPValue
                0x00000000200001fc        0x4 ./FreeRTOS/portable/ARM_CM4F/port.o
 .bss.ucHeap    0x0000000020000200    0x12c00 ./FreeRTOS/portable/MemMang/heap_4.o
 .bss.xStart    0x0000000020012e00        0x8 ./FreeRTOS/portable/MemMang/heap_4.o
 .bss.pxEnd     0x0000000020012e08        0x4 ./FreeRTOS/portable/MemMang/heap_4.o
 .bss.xFreeBytesRemaining
                0x0000000020012e0c        0x4 ./FreeRTOS/portable/MemMang/heap_4.o
 .bss.xMinimumEverFreeBytesRemaining
                0x0000000020012e10        0x4 ./FreeRTOS/portable/MemMang/heap_4.o
 .bss.xBlockAllocatedBit
                0x0000000020012e14        0x4 ./FreeRTOS/portable/MemMang/heap_4.o
 *(COMMON)
                0x0000000020012e18                . = ALIGN (0x4)
                0x0000000020012e18                _ebss = .
                0x0000000020012e18                __bss_end__ = _ebss

._user_heap_stack
                0x0000000020012e18      0x600
                0x0000000020012e18                . = ALIGN (0x8)
                [!provide]                        PROVIDE (end = .)
                0x0000000020012e18                PROVIDE (_end = .)
                0x0000000020013018                . = (. + _Min_Heap_Size)
 *fill*         0x0000000020012e18      0x200 
                0x0000000020013418                . = (. + _Min_Stack_Size)
 *fill*         0x0000000020013018      0x400 
                0x0000000020013418                . = ALIGN (0x8)

/DISCARD/
 libc.a(*)
 libm.a(*)
 libgcc.a(*)

.ARM.attributes
                0x0000000000000000       0x30
 *(.ARM.attributes)
 .ARM.attributes
                0x0000000000000000       0x1e d:/st/stm32cubeide_1.11.0/stm32cubeide/plugins/com.st.stm32cube.ide.mcu.externaltools.gnu-tools-for-stm32.10.3-2021.10.win32_1.0.100.202210260954/tools/bin/../lib/gcc/arm-none-eabi/10.3.1/thumb/v7e-m+fp/hard/crti.o
 .ARM.attributes
                0x000000000000001e       0x34 d:/st/stm32cubeide_1.11.0/stm32cubeide/plugins/com.st.stm32cube.ide.mcu.externaltools.gnu-tools-for-stm32.10.3-2021.10.win32_1.0.100.202210260954/tools/bin/../lib/gcc/arm-none-eabi/10.3.1/thumb/v7e-m+fp/hard/crtbegin.o
 .ARM.attributes
                0x0000000000000052       0x34 ./Core/Src/main.o
 .ARM.attributes
                0x0000000000000086       0x34 ./Core/Src/stm32f4xx_hal_msp.o
 .ARM.attributes
                0x00000000000000ba       0x34 ./Core/Src/stm32f4xx_hal_timebase_tim.o
 .ARM.attributes
                0x00000000000000ee       0x34 ./Core/Src/stm32f4xx_it.o
 .ARM.attributes
                0x0000000000000122       0x34 ./Core/Src/system_stm32f4xx.o
 .ARM.attributes
                0x0000000000000156       0x21 ./Core/Startup/startup_stm32f407vgtx.o
 .ARM.attributes
                0x0000000000000177       0x34 ./Drivers/STM32F4xx_HAL_Driver/Src/stm32f4xx_hal.o
 .ARM.attributes
                0x00000000000001ab       0x34 ./Drivers/STM32F4xx_HAL_Driver/Src/stm32f4xx_hal_cortex.o
 .ARM.attributes
                0x00000000000001df       0x34 ./Drivers/STM32F4xx_HAL_Driver/Src/stm32f4xx_hal_gpio.o
 .ARM.attributes
                0x0000000000000213       0x34 ./Drivers/STM32F4xx_HAL_Driver/Src/stm32f4xx_hal_rcc.o
 .ARM.attributes
                0x0000000000000247       0x34 ./Drivers/STM32F4xx_HAL_Driver/Src/stm32f4xx_hal_tim.o
 .ARM.attributes
                0x000000000000027b       0x34 ./Drivers/STM32F4xx_HAL_Driver/Src/stm32f4xx_hal_tim_ex.o
 .ARM.attributes
                0x00000000000002af       0x34 ./FreeRTOS/list.o
 .ARM.attributes
                0x00000000000002e3       0x34 ./FreeRTOS/queue.o
 .ARM.attributes
                0x0000000000000317       0x34 ./FreeRTOS/tasks.o
 .ARM.attributes
                0x000000000000034b       0x34 ./FreeRTOS/timers.o
 .ARM.attributes
                0x000000000000037f       0x34 ./FreeRTOS/portable/ARM_CM4F/port.o
 .ARM.attributes
                0x00000000000003b3       0x34 ./FreeRTOS/portable/MemMang/heap_4.o
 .ARM.attributes
                0x00000000000003e7       0x34 d:/st/stm32cubeide_1.11.0/stm32cubeide/plugins/com.st.stm32cube.ide.mcu.externaltools.gnu-tools-for-stm32.10.3-2021.10.win32_1.0.100.202210260954/tools/bin/../lib/gcc/arm-none-eabi/10.3.1/../../../../arm-none-eabi/lib/thumb/v7e-m+fp/hard\libc_nano.a(lib_a-init.o)
 .ARM.attributes
                0x000000000000041b       0x34 d:/st/stm32cubeide_1.11.0/stm32cubeide/plugins/com.st.stm32cube.ide.mcu.externaltools.gnu-tools-for-stm32.10.3-2021.10.win32_1.0.100.202210260954/tools/bin/../lib/gcc/arm-none-eabi/10.3.1/../../../../arm-none-eabi/lib/thumb/v7e-m+fp/hard\libc_nano.a(lib_a-memcpy-stub.o)
 .ARM.attributes
                0x000000000000044f       0x34 d:/st/stm32cubeide_1.11.0/stm32cubeide/plugins/com.st.stm32cube.ide.mcu.externaltools.gnu-tools-for-stm32.10.3-2021.10.win32_1.0.100.202210260954/tools/bin/../lib/gcc/arm-none-eabi/10.3.1/../../../../arm-none-eabi/lib/thumb/v7e-m+fp/hard\libc_nano.a(lib_a-memset.o)
 .ARM.attributes
                0x0000000000000483       0x1e d:/st/stm32cubeide_1.11.0/stm32cubeide/plugins/com.st.stm32cube.ide.mcu.externaltools.gnu-tools-for-stm32.10.3-2021.10.win32_1.0.100.202210260954/tools/bin/../lib/gcc/arm-none-eabi/10.3.1/thumb/v7e-m+fp/hard\libgcc.a(_aeabi_uldivmod.o)
 .ARM.attributes
                0x00000000000004a1       0x34 d:/st/stm32cubeide_1.11.0/stm32cubeide/plugins/com.st.stm32cube.ide.mcu.externaltools.gnu-tools-for-stm32.10.3-2021.10.win32_1.0.100.202210260954/tools/bin/../lib/gcc/arm-none-eabi/10.3.1/thumb/v7e-m+fp/hard\libgcc.a(_udivmoddi4.o)
 .ARM.attributes
                0x00000000000004d5       0x1e d:/st/stm32cubeide_1.11.0/stm32cubeide/plugins/com.st.stm32cube.ide.mcu.externaltools.gnu-tools-for-stm32.10.3-2021.10.win32_1.0.100.202210260954/tools/bin/../lib/gcc/arm-none-eabi/10.3.1/thumb/v7e-m+fp/hard\libgcc.a(_dvmd_tls.o)
 .ARM.attributes
                0x00000000000004f3       0x1e d:/st/stm32cubeide_1.11.0/stm32cubeide/plugins/com.st.stm32cube.ide.mcu.externaltools.gnu-tools-for-stm32.10.3-2021.10.win32_1.0.100.202210260954/tools/bin/../lib/gcc/arm-none-eabi/10.3.1/thumb/v7e-m+fp/hard/crtn.o
OUTPUT(lab0.elf elf32-littlearm)
LOAD linker stubs
LOAD d:/st/stm32cubeide_1.11.0/stm32cubeide/plugins/com.st.stm32cube.ide.mcu.externaltools.gnu-tools-for-stm32.10.3-2021.10.win32_1.0.100.202210260954/tools/bin/../lib/gcc/arm-none-eabi/10.3.1/../../../../arm-none-eabi/lib/thumb/v7e-m+fp/hard\libc.a
LOAD d:/st/stm32cubeide_1.11.0/stm32cubeide/plugins/com.st.stm32cube.ide.mcu.externaltools.gnu-tools-for-stm32.10.3-2021.10.win32_1.0.100.202210260954/tools/bin/../lib/gcc/arm-none-eabi/10.3.1/../../../../arm-none-eabi/lib/thumb/v7e-m+fp/hard\libm.a
LOAD d:/st/stm32cubeide_1.11.0/stm32cubeide/plugins/com.st.stm32cube.ide.mcu.externaltools.gnu-tools-for-stm32.10.3-2021.10.win32_1.0.100.202210260954/tools/bin/../lib/gcc/arm-none-eabi/10.3.1/thumb/v7e-m+fp/hard\libgcc.a

.debug_info     0x0000000000000000     0xe4db
 .debug_info    0x0000000000000000      0xd61 ./Core/Src/main.o
 .debug_info    0x0000000000000d61      0x2a8 ./Core/Src/stm32f4xx_hal_msp.o
 .debug_info    0x0000000000001009      0xc4b ./Core/Src/stm32f4xx_hal_timebase_tim.o
 .debug_info    0x0000000000001c54      0x6f8 ./Core/Src/stm32f4xx_it.o
 .debug_info    0x000000000000234c      0x523 ./Core/Src/system_stm32f4xx.o
 .debug_info    0x000000000000286f       0x22 ./Core/Startup/startup_stm32f407vgtx.o
 .debug_info    0x0000000000002891      0x97c ./Drivers/STM32F4xx_HAL_Driver/Src/stm32f4xx_hal.o
 .debug_info    0x000000000000320d      0xe1b ./Drivers/STM32F4xx_HAL_Driver/Src/stm32f4xx_hal_cortex.o
 .debug_info    0x0000000000004028      0x76a ./Drivers/STM32F4xx_HAL_Driver/Src/stm32f4xx_hal_gpio.o
 .debug_info    0x0000000000004792      0x966 ./Drivers/STM32F4xx_HAL_Driver/Src/stm32f4xx_hal_rcc.o
 .debug_info    0x00000000000050f8     0x2bbe ./Drivers/STM32F4xx_HAL_Driver/Src/stm32f4xx_hal_tim.o
 .debug_info    0x0000000000007cb6     0x15e0 ./Drivers/STM32F4xx_HAL_Driver/Src/stm32f4xx_hal_tim_ex.o
 .debug_info    0x0000000000009296      0x2d1 ./FreeRTOS/list.o
 .debug_info    0x0000000000009567     0x184e ./FreeRTOS/queue.o
 .debug_info    0x000000000000adb5     0x1fbe ./FreeRTOS/tasks.o
 .debug_info    0x000000000000cd73      0xe77 ./FreeRTOS/timers.o
 .debug_info    0x000000000000dbea      0x507 ./FreeRTOS/portable/ARM_CM4F/port.o
 .debug_info    0x000000000000e0f1      0x3ea ./FreeRTOS/portable/MemMang/heap_4.o

.debug_abbrev   0x0000000000000000     0x24e6
 .debug_abbrev  0x0000000000000000      0x26f ./Core/Src/main.o
 .debug_abbrev  0x000000000000026f       0xd4 ./Core/Src/stm32f4xx_hal_msp.o
 .debug_abbrev  0x0000000000000343      0x1e6 ./Core/Src/stm32f4xx_hal_timebase_tim.o
 .debug_abbrev  0x0000000000000529      0x171 ./Core/Src/stm32f4xx_it.o
 .debug_abbrev  0x000000000000069a      0x116 ./Core/Src/system_stm32f4xx.o
 .debug_abbrev  0x00000000000007b0       0x12 ./Core/Startup/startup_stm32f407vgtx.o
 .debug_abbrev  0x00000000000007c2      0x20d ./Drivers/STM32F4xx_HAL_Driver/Src/stm32f4xx_hal.o
 .debug_abbrev  0x00000000000009cf      0x316 ./Drivers/STM32F4xx_HAL_Driver/Src/stm32f4xx_hal_cortex.o
 .debug_abbrev  0x0000000000000ce5      0x1c4 ./Drivers/STM32F4xx_HAL_Driver/Src/stm32f4xx_hal_gpio.o
 .debug_abbrev  0x0000000000000ea9      0x2aa ./Drivers/STM32F4xx_HAL_Driver/Src/stm32f4xx_hal_rcc.o
 .debug_abbrev  0x0000000000001153      0x25d ./Drivers/STM32F4xx_HAL_Driver/Src/stm32f4xx_hal_tim.o
 .debug_abbrev  0x00000000000013b0      0x265 ./Drivers/STM32F4xx_HAL_Driver/Src/stm32f4xx_hal_tim_ex.o
 .debug_abbrev  0x0000000000001615       0xf2 ./FreeRTOS/list.o
 .debug_abbrev  0x0000000000001707      0x341 ./FreeRTOS/queue.o
 .debug_abbrev  0x0000000000001a48      0x36e ./FreeRTOS/tasks.o
 .debug_abbrev  0x0000000000001db6      0x2d8 ./FreeRTOS/timers.o
 .debug_abbrev  0x000000000000208e      0x259 ./FreeRTOS/portable/ARM_CM4F/port.o
 .debug_abbrev  0x00000000000022e7      0x1ff ./FreeRTOS/portable/MemMang/heap_4.o

.debug_aranges  0x0000000000000000      0xe48
 .debug_aranges
                0x0000000000000000       0x40 ./Core/Src/main.o
 .debug_aranges
                0x0000000000000040       0x20 ./Core/Src/stm32f4xx_hal_msp.o
 .debug_aranges
                0x0000000000000060       0x30 ./Core/Src/stm32f4xx_hal_timebase_tim.o
 .debug_aranges
                0x0000000000000090       0x50 ./Core/Src/stm32f4xx_it.o
 .debug_aranges
                0x00000000000000e0       0x28 ./Core/Src/system_stm32f4xx.o
 .debug_aranges
                0x0000000000000108       0x28 ./Core/Startup/startup_stm32f407vgtx.o
 .debug_aranges
                0x0000000000000130       0xf0 ./Drivers/STM32F4xx_HAL_Driver/Src/stm32f4xx_hal.o
 .debug_aranges
                0x0000000000000220      0x118 ./Drivers/STM32F4xx_HAL_Driver/Src/stm32f4xx_hal_cortex.o
 .debug_aranges
                0x0000000000000338       0x58 ./Drivers/STM32F4xx_HAL_Driver/Src/stm32f4xx_hal_gpio.o
 .debug_aranges
                0x0000000000000390       0x88 ./Drivers/STM32F4xx_HAL_Driver/Src/stm32f4xx_hal_rcc.o
 .debug_aranges
                0x0000000000000418      0x3d0 ./Drivers/STM32F4xx_HAL_Driver/Src/stm32f4xx_hal_tim.o
 .debug_aranges
                0x00000000000007e8      0x168 ./Drivers/STM32F4xx_HAL_Driver/Src/stm32f4xx_hal_tim_ex.o
 .debug_aranges
                0x0000000000000950       0x40 ./FreeRTOS/list.o
 .debug_aranges
                0x0000000000000990      0x130 ./FreeRTOS/queue.o
 .debug_aranges
                0x0000000000000ac0      0x1e8 ./FreeRTOS/tasks.o
 .debug_aranges
                0x0000000000000ca8       0xd0 ./FreeRTOS/timers.o
 .debug_aranges
                0x0000000000000d78       0x80 ./FreeRTOS/portable/ARM_CM4F/port.o
 .debug_aranges
                0x0000000000000df8       0x50 ./FreeRTOS/portable/MemMang/heap_4.o

.debug_ranges   0x0000000000000000      0xd30
 .debug_ranges  0x0000000000000000       0x30 ./Core/Src/main.o
 .debug_ranges  0x0000000000000030       0x10 ./Core/Src/stm32f4xx_hal_msp.o
 .debug_ranges  0x0000000000000040       0x20 ./Core/Src/stm32f4xx_hal_timebase_tim.o
 .debug_ranges  0x0000000000000060       0x40 ./Core/Src/stm32f4xx_it.o
 .debug_ranges  0x00000000000000a0       0x18 ./Core/Src/system_stm32f4xx.o
 .debug_ranges  0x00000000000000b8       0x20 ./Core/Startup/startup_stm32f407vgtx.o
 .debug_ranges  0x00000000000000d8       0xe0 ./Drivers/STM32F4xx_HAL_Driver/Src/stm32f4xx_hal.o
 .debug_ranges  0x00000000000001b8      0x108 ./Drivers/STM32F4xx_HAL_Driver/Src/stm32f4xx_hal_cortex.o
 .debug_ranges  0x00000000000002c0       0x48 ./Drivers/STM32F4xx_HAL_Driver/Src/stm32f4xx_hal_gpio.o
 .debug_ranges  0x0000000000000308       0x78 ./Drivers/STM32F4xx_HAL_Driver/Src/stm32f4xx_hal_rcc.o
 .debug_ranges  0x0000000000000380      0x3c0 ./Drivers/STM32F4xx_HAL_Driver/Src/stm32f4xx_hal_tim.o
 .debug_ranges  0x0000000000000740      0x158 ./Drivers/STM32F4xx_HAL_Driver/Src/stm32f4xx_hal_tim_ex.o
 .debug_ranges  0x0000000000000898       0x30 ./FreeRTOS/list.o
 .debug_ranges  0x00000000000008c8      0x120 ./FreeRTOS/queue.o
 .debug_ranges  0x00000000000009e8      0x1d8 ./FreeRTOS/tasks.o
 .debug_ranges  0x0000000000000bc0       0xc0 ./FreeRTOS/timers.o
 .debug_ranges  0x0000000000000c80       0x70 ./FreeRTOS/portable/ARM_CM4F/port.o
 .debug_ranges  0x0000000000000cf0       0x40 ./FreeRTOS/portable/MemMang/heap_4.o

.debug_macro    0x0000000000000000    0x214ac
 .debug_macro   0x0000000000000000      0x23b ./Core/Src/main.o
 .debug_macro   0x000000000000023b      0xa78 ./Core/Src/main.o
 .debug_macro   0x0000000000000cb3      0x295 ./Core/Src/main.o
 .debug_macro   0x0000000000000f48       0x2e ./Core/Src/main.o
 .debug_macro   0x0000000000000f76       0x2f ./Core/Src/main.o
 .debug_macro   0x0000000000000fa5       0x22 ./Core/Src/main.o
 .debug_macro   0x0000000000000fc7       0x8e ./Core/Src/main.o
 .debug_macro   0x0000000000001055       0x51 ./Core/Src/main.o
 .debug_macro   0x00000000000010a6      0x103 ./Core/Src/main.o
 .debug_macro   0x00000000000011a9       0x6a ./Core/Src/main.o
 .debug_macro   0x0000000000001213      0x1df ./Core/Src/main.o
 .debug_macro   0x00000000000013f2       0x1c ./Core/Src/main.o
 .debug_macro   0x000000000000140e       0x22 ./Core/Src/main.o
 .debug_macro   0x0000000000001430       0xd9 ./Core/Src/main.o
 .debug_macro   0x0000000000001509     0x102d ./Core/Src/main.o
 .debug_macro   0x0000000000002536      0x11f ./Core/Src/main.o
 .debug_macro   0x0000000000002655    0x15e82 ./Core/Src/main.o
 .debug_macro   0x00000000000184d7       0x6d ./Core/Src/main.o
 .debug_macro   0x0000000000018544     0x367e ./Core/Src/main.o
 .debug_macro   0x000000000001bbc2      0x174 ./Core/Src/main.o
 .debug_macro   0x000000000001bd36       0x5c ./Core/Src/main.o
 .debug_macro   0x000000000001bd92      0x96b ./Core/Src/main.o
 .debug_macro   0x000000000001c6fd      0x9fe ./Core/Src/main.o
 .debug_macro   0x000000000001d0fb      0x115 ./Core/Src/main.o
 .debug_macro   0x000000000001d210      0x13e ./Core/Src/main.o
 .debug_macro   0x000000000001d34e       0xa5 ./Core/Src/main.o
 .debug_macro   0x000000000001d3f3      0x174 ./Core/Src/main.o
 .debug_macro   0x000000000001d567      0x287 ./Core/Src/main.o
 .debug_macro   0x000000000001d7ee       0x5f ./Core/Src/main.o
 .debug_macro   0x000000000001d84d      0x236 ./Core/Src/main.o
 .debug_macro   0x000000000001da83      0x12c ./Core/Src/main.o
 .debug_macro   0x000000000001dbaf      0x21e ./Core/Src/main.o
 .debug_macro   0x000000000001ddcd       0x2e ./Core/Src/main.o
 .debug_macro   0x000000000001ddfb      0x11a ./Core/Src/main.o
 .debug_macro   0x000000000001df15       0x7e ./Core/Src/main.o
 .debug_macro   0x000000000001df93       0x89 ./Core/Src/main.o
 .debug_macro   0x000000000001e01c      0x8e6 ./Core/Src/main.o
 .debug_macro   0x000000000001e902       0x47 ./Core/Src/main.o
 .debug_macro   0x000000000001e949      0x12d ./Core/Src/main.o
 .debug_macro   0x000000000001ea76      0x190 ./Core/Src/main.o
 .debug_macro   0x000000000001ec06      0x106 ./Core/Src/main.o
 .debug_macro   0x000000000001ed0c      0x15a ./Core/Src/main.o
 .debug_macro   0x000000000001ee66       0xe4 ./Core/Src/main.o
 .debug_macro   0x000000000001ef4a       0x1c ./Core/Src/main.o
 .debug_macro   0x000000000001ef66       0x26 ./Core/Src/main.o
 .debug_macro   0x000000000001ef8c      0x4d3 ./Core/Src/main.o
 .debug_macro   0x000000000001f45f       0xb5 ./Core/Src/main.o
 .debug_macro   0x000000000001f514       0xaa ./Core/Src/main.o
 .debug_macro   0x000000000001f5be      0x1d3 ./Core/Src/stm32f4xx_hal_msp.o
 .debug_macro   0x000000000001f791      0x1c4 ./Core/Src/stm32f4xx_hal_timebase_tim.o
 .debug_macro   0x000000000001f955      0x1dd ./Core/Src/stm32f4xx_it.o
 .debug_macro   0x000000000001fb32      0x1c4 ./Core/Src/system_stm32f4xx.o
 .debug_macro   0x000000000001fcf6      0x224 ./Drivers/STM32F4xx_HAL_Driver/Src/stm32f4xx_hal.o
 .debug_macro   0x000000000001ff1a      0x1c4 ./Drivers/STM32F4xx_HAL_Driver/Src/stm32f4xx_hal_cortex.o
 .debug_macro   0x00000000000200de      0x1ca ./Drivers/STM32F4xx_HAL_Driver/Src/stm32f4xx_hal_gpio.o
 .debug_macro   0x00000000000202a8      0x1e8 ./Drivers/STM32F4xx_HAL_Driver/Src/stm32f4xx_hal_rcc.o
 .debug_macro   0x0000000000020490      0x1c5 ./Drivers/STM32F4xx_HAL_Driver/Src/stm32f4xx_hal_tim.o
 .debug_macro   0x0000000000020655      0x1c4 ./Drivers/STM32F4xx_HAL_Driver/Src/stm32f4xx_hal_tim_ex.o
 .debug_macro   0x0000000000020819      0x187 ./FreeRTOS/list.o
 .debug_macro   0x00000000000209a0      0x216 ./FreeRTOS/queue.o
 .debug_macro   0x0000000000020bb6       0x16 ./FreeRTOS/queue.o
 .debug_macro   0x0000000000020bcc       0x20 ./FreeRTOS/queue.o
 .debug_macro   0x0000000000020bec       0x80 ./FreeRTOS/queue.o
 .debug_macro   0x0000000000020c6c      0x279 ./FreeRTOS/tasks.o
 .debug_macro   0x0000000000020ee5       0x10 ./FreeRTOS/tasks.o
 .debug_macro   0x0000000000020ef5      0x1dc ./FreeRTOS/timers.o
 .debug_macro   0x00000000000210d1       0x97 ./FreeRTOS/timers.o
 .debug_macro   0x0000000000021168      0x196 ./FreeRTOS/portable/ARM_CM4F/port.o
 .debug_macro   0x00000000000212fe      0x1ae ./FreeRTOS/portable/MemMang/heap_4.o

.debug_line     0x0000000000000000     0xf664
 .debug_line    0x0000000000000000      0x911 ./Core/Src/main.o
 .debug_line    0x0000000000000911      0x6ab ./Core/Src/stm32f4xx_hal_msp.o
 .debug_line    0x0000000000000fbc      0x725 ./Core/Src/stm32f4xx_hal_timebase_tim.o
 .debug_line    0x00000000000016e1      0x748 ./Core/Src/stm32f4xx_it.o
 .debug_line    0x0000000000001e29      0x72d ./Core/Src/system_stm32f4xx.o
 .debug_line    0x0000000000002556       0x88 ./Core/Startup/startup_stm32f407vgtx.o
 .debug_line    0x00000000000025de      0x993 ./Drivers/STM32F4xx_HAL_Driver/Src/stm32f4xx_hal.o
 .debug_line    0x0000000000002f71      0xc42 ./Drivers/STM32F4xx_HAL_Driver/Src/stm32f4xx_hal_cortex.o
 .debug_line    0x0000000000003bb3      0xb07 ./Drivers/STM32F4xx_HAL_Driver/Src/stm32f4xx_hal_gpio.o
 .debug_line    0x00000000000046ba      0xd0f ./Drivers/STM32F4xx_HAL_Driver/Src/stm32f4xx_hal_rcc.o
 .debug_line    0x00000000000053c9     0x3687 ./Drivers/STM32F4xx_HAL_Driver/Src/stm32f4xx_hal_tim.o
 .debug_line    0x0000000000008a50     0x1990 ./Drivers/STM32F4xx_HAL_Driver/Src/stm32f4xx_hal_tim_ex.o
 .debug_line    0x000000000000a3e0      0x6c2 ./FreeRTOS/list.o
 .debug_line    0x000000000000aaa2     0x14d2 ./FreeRTOS/queue.o
 .debug_line    0x000000000000bf74     0x1ae8 ./FreeRTOS/tasks.o
 .debug_line    0x000000000000da5c      0xbe0 ./FreeRTOS/timers.o
 .debug_line    0x000000000000e63c      0x7a4 ./FreeRTOS/portable/ARM_CM4F/port.o
 .debug_line    0x000000000000ede0      0x884 ./FreeRTOS/portable/MemMang/heap_4.o

.debug_str      0x0000000000000000    0xcf49e
 .debug_str     0x0000000000000000    0xc62a7 ./Core/Src/main.o
                                      0xc65e4 (size before relaxing)
 .debug_str     0x00000000000c62a7       0x2c ./Core/Src/stm32f4xx_hal_msp.o
                                      0xc201e (size before relaxing)
 .debug_str     0x00000000000c62d3      0x60a ./Core/Src/stm32f4xx_hal_timebase_tim.o
                                      0xc2560 (size before relaxing)
 .debug_str     0x00000000000c68dd       0xb5 ./Core/Src/stm32f4xx_it.o
                                      0xc24cb (size before relaxing)
 .debug_str     0x00000000000c6992       0xdb ./Core/Src/system_stm32f4xx.o
                                      0xc1a69 (size before relaxing)
 .debug_str     0x00000000000c6a6d       0x36 ./Core/Startup/startup_stm32f407vgtx.o
                                         0x53 (size before relaxing)
 .debug_str     0x00000000000c6aa3      0x5d3 ./Drivers/STM32F4xx_HAL_Driver/Src/stm32f4xx_hal.o
                                      0xc25ed (size before relaxing)
 .debug_str     0x00000000000c7076      0x33a ./Drivers/STM32F4xx_HAL_Driver/Src/stm32f4xx_hal_cortex.o
                                      0xc2320 (size before relaxing)
 .debug_str     0x00000000000c73b0      0x131 ./Drivers/STM32F4xx_HAL_Driver/Src/stm32f4xx_hal_gpio.o
                                      0xc1be4 (size before relaxing)
 .debug_str     0x00000000000c74e1      0x1fd ./Drivers/STM32F4xx_HAL_Driver/Src/stm32f4xx_hal_rcc.o
                                      0xc1e9d (size before relaxing)
 .debug_str     0x00000000000c76de      0xe69 ./Drivers/STM32F4xx_HAL_Driver/Src/stm32f4xx_hal_tim.o
                                      0xc2de3 (size before relaxing)
 .debug_str     0x00000000000c8547      0x503 ./Drivers/STM32F4xx_HAL_Driver/Src/stm32f4xx_hal_tim_ex.o
                                      0xc25ff (size before relaxing)
 .debug_str     0x00000000000c8a4a     0x2fc0 ./FreeRTOS/list.o
                                       0xa64b (size before relaxing)
 .debug_str     0x00000000000cba0a     0x1231 ./FreeRTOS/queue.o
                                       0xbf14 (size before relaxing)
 .debug_str     0x00000000000ccc3b     0x1a01 ./FreeRTOS/tasks.o
                                       0xcaec (size before relaxing)
 .debug_str     0x00000000000ce63c      0x4e7 ./FreeRTOS/timers.o
                                       0xc2c5 (size before relaxing)
 .debug_str     0x00000000000ceb23      0x760 ./FreeRTOS/portable/ARM_CM4F/port.o
                                       0x85b4 (size before relaxing)
 .debug_str     0x00000000000cf283      0x21b ./FreeRTOS/portable/MemMang/heap_4.o
                                       0xae68 (size before relaxing)

.comment        0x0000000000000000       0x50
 .comment       0x0000000000000000       0x50 ./Core/Src/main.o
                                         0x51 (size before relaxing)
 .comment       0x0000000000000050       0x51 ./Core/Src/stm32f4xx_hal_msp.o
 .comment       0x0000000000000050       0x51 ./Core/Src/stm32f4xx_hal_timebase_tim.o
 .comment       0x0000000000000050       0x51 ./Core/Src/stm32f4xx_it.o
 .comment       0x0000000000000050       0x51 ./Core/Src/system_stm32f4xx.o
 .comment       0x0000000000000050       0x51 ./Drivers/STM32F4xx_HAL_Driver/Src/stm32f4xx_hal.o
 .comment       0x0000000000000050       0x51 ./Drivers/STM32F4xx_HAL_Driver/Src/stm32f4xx_hal_cortex.o
 .comment       0x0000000000000050       0x51 ./Drivers/STM32F4xx_HAL_Driver/Src/stm32f4xx_hal_gpio.o
 .comment       0x0000000000000050       0x51 ./Drivers/STM32F4xx_HAL_Driver/Src/stm32f4xx_hal_rcc.o
 .comment       0x0000000000000050       0x51 ./Drivers/STM32F4xx_HAL_Driver/Src/stm32f4xx_hal_tim.o
 .comment       0x0000000000000050       0x51 ./Drivers/STM32F4xx_HAL_Driver/Src/stm32f4xx_hal_tim_ex.o
 .comment       0x0000000000000050       0x51 ./FreeRTOS/list.o
 .comment       0x0000000000000050       0x51 ./FreeRTOS/queue.o
 .comment       0x0000000000000050       0x51 ./FreeRTOS/tasks.o
 .comment       0x0000000000000050       0x51 ./FreeRTOS/timers.o
 .comment       0x0000000000000050       0x51 ./FreeRTOS/portable/ARM_CM4F/port.o
 .comment       0x0000000000000050       0x51 ./FreeRTOS/portable/MemMang/heap_4.o

.debug_frame    0x0000000000000000     0x3b0c
 .debug_frame   0x0000000000000000       0xb4 ./Core/Src/main.o
 .debug_frame   0x00000000000000b4       0x38 ./Core/Src/stm32f4xx_hal_msp.o
 .debug_frame   0x00000000000000ec       0x74 ./Core/Src/stm32f4xx_hal_timebase_tim.o
 .debug_frame   0x0000000000000160       0xc4 ./Core/Src/stm32f4xx_it.o
 .debug_frame   0x0000000000000224       0x58 ./Core/Src/system_stm32f4xx.o
 .debug_frame   0x000000000000027c      0x374 ./Drivers/STM32F4xx_HAL_Driver/Src/stm32f4xx_hal.o
 .debug_frame   0x00000000000005f0      0x498 ./Drivers/STM32F4xx_HAL_Driver/Src/stm32f4xx_hal_cortex.o
 .debug_frame   0x0000000000000a88      0x14c ./Drivers/STM32F4xx_HAL_Driver/Src/stm32f4xx_hal_gpio.o
 .debug_frame   0x0000000000000bd4      0x1f4 ./Drivers/STM32F4xx_HAL_Driver/Src/stm32f4xx_hal_rcc.o
 .debug_frame   0x0000000000000dc8     0x11c4 ./Drivers/STM32F4xx_HAL_Driver/Src/stm32f4xx_hal_tim.o
 .debug_frame   0x0000000000001f8c      0x638 ./Drivers/STM32F4xx_HAL_Driver/Src/stm32f4xx_hal_tim_ex.o
 .debug_frame   0x00000000000025c4       0xd8 ./FreeRTOS/list.o
 .debug_frame   0x000000000000269c      0x530 ./FreeRTOS/queue.o
 .debug_frame   0x0000000000002bcc      0x854 ./FreeRTOS/tasks.o
 .debug_frame   0x0000000000003420      0x368 ./FreeRTOS/timers.o
 .debug_frame   0x0000000000003788      0x1a8 ./FreeRTOS/portable/ARM_CM4F/port.o
 .debug_frame   0x0000000000003930      0x108 ./FreeRTOS/portable/MemMang/heap_4.o
 .debug_frame   0x0000000000003a38       0x2c d:/st/stm32cubeide_1.11.0/stm32cubeide/plugins/com.st.stm32cube.ide.mcu.externaltools.gnu-tools-for-stm32.10.3-2021.10.win32_1.0.100.202210260954/tools/bin/../lib/gcc/arm-none-eabi/10.3.1/../../../../arm-none-eabi/lib/thumb/v7e-m+fp/hard\libc_nano.a(lib_a-init.o)
 .debug_frame   0x0000000000003a64       0x28 d:/st/stm32cubeide_1.11.0/stm32cubeide/plugins/com.st.stm32cube.ide.mcu.externaltools.gnu-tools-for-stm32.10.3-2021.10.win32_1.0.100.202210260954/tools/bin/../lib/gcc/arm-none-eabi/10.3.1/../../../../arm-none-eabi/lib/thumb/v7e-m+fp/hard\libc_nano.a(lib_a-memcpy-stub.o)
 .debug_frame   0x0000000000003a8c       0x20 d:/st/stm32cubeide_1.11.0/stm32cubeide/plugins/com.st.stm32cube.ide.mcu.externaltools.gnu-tools-for-stm32.10.3-2021.10.win32_1.0.100.202210260954/tools/bin/../lib/gcc/arm-none-eabi/10.3.1/../../../../arm-none-eabi/lib/thumb/v7e-m+fp/hard\libc_nano.a(lib_a-memset.o)
 .debug_frame   0x0000000000003aac       0x2c d:/st/stm32cubeide_1.11.0/stm32cubeide/plugins/com.st.stm32cube.ide.mcu.externaltools.gnu-tools-for-stm32.10.3-2021.10.win32_1.0.100.202210260954/tools/bin/../lib/gcc/arm-none-eabi/10.3.1/thumb/v7e-m+fp/hard\libgcc.a(_aeabi_uldivmod.o)
 .debug_frame   0x0000000000003ad8       0x34 d:/st/stm32cubeide_1.11.0/stm32cubeide/plugins/com.st.stm32cube.ide.mcu.externaltools.gnu-tools-for-stm32.10.3-2021.10.win32_1.0.100.202210260954/tools/bin/../lib/gcc/arm-none-eabi/10.3.1/thumb/v7e-m+fp/hard\libgcc.a(_udivmoddi4.o)
