Archive member included to satisfy reference by file (symbol)

d:/st/stm32cubeide_1.11.0/stm32cubeide/plugins/com.st.stm32cube.ide.mcu.externaltools.gnu-tools-for-stm32.10.3-2021.10.win32_1.0.100.202210260954/tools/bin/../lib/gcc/arm-none-eabi/10.3.1/../../../../arm-none-eabi/lib/thumb/v7e-m+fp/hard\libc_nano.a(lib_a-errno.o)
                              ./Core/Src/syscalls.o (__errno)
d:/st/stm32cubeide_1.11.0/stm32cubeide/plugins/com.st.stm32cube.ide.mcu.externaltools.gnu-tools-for-stm32.10.3-2021.10.win32_1.0.100.202210260954/tools/bin/../lib/gcc/arm-none-eabi/10.3.1/../../../../arm-none-eabi/lib/thumb/v7e-m+fp/hard\libc_nano.a(lib_a-exit.o)
                              d:/st/stm32cubeide_1.11.0/stm32cubeide/plugins/com.st.stm32cube.ide.mcu.externaltools.gnu-tools-for-stm32.10.3-2021.10.win32_1.0.100.202210260954/tools/bin/../lib/gcc/arm-none-eabi/10.3.1/../../../../arm-none-eabi/lib/thumb/v7e-m+fp/hard/crt0.o (exit)
d:/st/stm32cubeide_1.11.0/stm32cubeide/plugins/com.st.stm32cube.ide.mcu.externaltools.gnu-tools-for-stm32.10.3-2021.10.win32_1.0.100.202210260954/tools/bin/../lib/gcc/arm-none-eabi/10.3.1/../../../../arm-none-eabi/lib/thumb/v7e-m+fp/hard\libc_nano.a(lib_a-impure.o)
                              d:/st/stm32cubeide_1.11.0/stm32cubeide/plugins/com.st.stm32cube.ide.mcu.externaltools.gnu-tools-for-stm32.10.3-2021.10.win32_1.0.100.202210260954/tools/bin/../lib/gcc/arm-none-eabi/10.3.1/../../../../arm-none-eabi/lib/thumb/v7e-m+fp/hard\libc_nano.a(lib_a-exit.o) (_global_impure_ptr)
d:/st/stm32cubeide_1.11.0/stm32cubeide/plugins/com.st.stm32cube.ide.mcu.externaltools.gnu-tools-for-stm32.10.3-2021.10.win32_1.0.100.202210260954/tools/bin/../lib/gcc/arm-none-eabi/10.3.1/../../../../arm-none-eabi/lib/thumb/v7e-m+fp/hard\libc_nano.a(lib_a-init.o)
                              d:/st/stm32cubeide_1.11.0/stm32cubeide/plugins/com.st.stm32cube.ide.mcu.externaltools.gnu-tools-for-stm32.10.3-2021.10.win32_1.0.100.202210260954/tools/bin/../lib/gcc/arm-none-eabi/10.3.1/../../../../arm-none-eabi/lib/thumb/v7e-m+fp/hard/crt0.o (__libc_init_array)
d:/st/stm32cubeide_1.11.0/stm32cubeide/plugins/com.st.stm32cube.ide.mcu.externaltools.gnu-tools-for-stm32.10.3-2021.10.win32_1.0.100.202210260954/tools/bin/../lib/gcc/arm-none-eabi/10.3.1/../../../../arm-none-eabi/lib/thumb/v7e-m+fp/hard\libc_nano.a(lib_a-memcpy-stub.o)
                              ./FreeRTOS/queue.o (memcpy)
d:/st/stm32cubeide_1.11.0/stm32cubeide/plugins/com.st.stm32cube.ide.mcu.externaltools.gnu-tools-for-stm32.10.3-2021.10.win32_1.0.100.202210260954/tools/bin/../lib/gcc/arm-none-eabi/10.3.1/../../../../arm-none-eabi/lib/thumb/v7e-m+fp/hard\libc_nano.a(lib_a-memset.o)
                              d:/st/stm32cubeide_1.11.0/stm32cubeide/plugins/com.st.stm32cube.ide.mcu.externaltools.gnu-tools-for-stm32.10.3-2021.10.win32_1.0.100.202210260954/tools/bin/../lib/gcc/arm-none-eabi/10.3.1/../../../../arm-none-eabi/lib/thumb/v7e-m+fp/hard/crt0.o (memset)
d:/st/stm32cubeide_1.11.0/stm32cubeide/plugins/com.st.stm32cube.ide.mcu.externaltools.gnu-tools-for-stm32.10.3-2021.10.win32_1.0.100.202210260954/tools/bin/../lib/gcc/arm-none-eabi/10.3.1/../../../../arm-none-eabi/lib/thumb/v7e-m+fp/hard\libc_nano.a(lib_a-sprintf.o)
                              ./FreeRTOS/tasks.o (sprintf)
d:/st/stm32cubeide_1.11.0/stm32cubeide/plugins/com.st.stm32cube.ide.mcu.externaltools.gnu-tools-for-stm32.10.3-2021.10.win32_1.0.100.202210260954/tools/bin/../lib/gcc/arm-none-eabi/10.3.1/../../../../arm-none-eabi/lib/thumb/v7e-m+fp/hard\libc_nano.a(lib_a-strlen.o)
                              ./FreeRTOS/tasks.o (strlen)
d:/st/stm32cubeide_1.11.0/stm32cubeide/plugins/com.st.stm32cube.ide.mcu.externaltools.gnu-tools-for-stm32.10.3-2021.10.win32_1.0.100.202210260954/tools/bin/../lib/gcc/arm-none-eabi/10.3.1/../../../../arm-none-eabi/lib/thumb/v7e-m+fp/hard\libc_nano.a(lib_a-nano-svfprintf.o)
                              d:/st/stm32cubeide_1.11.0/stm32cubeide/plugins/com.st.stm32cube.ide.mcu.externaltools.gnu-tools-for-stm32.10.3-2021.10.win32_1.0.100.202210260954/tools/bin/../lib/gcc/arm-none-eabi/10.3.1/../../../../arm-none-eabi/lib/thumb/v7e-m+fp/hard\libc_nano.a(lib_a-sprintf.o) (_svfprintf_r)
d:/st/stm32cubeide_1.11.0/stm32cubeide/plugins/com.st.stm32cube.ide.mcu.externaltools.gnu-tools-for-stm32.10.3-2021.10.win32_1.0.100.202210260954/tools/bin/../lib/gcc/arm-none-eabi/10.3.1/../../../../arm-none-eabi/lib/thumb/v7e-m+fp/hard\libc_nano.a(lib_a-nano-vfprintf_i.o)
                              d:/st/stm32cubeide_1.11.0/stm32cubeide/plugins/com.st.stm32cube.ide.mcu.externaltools.gnu-tools-for-stm32.10.3-2021.10.win32_1.0.100.202210260954/tools/bin/../lib/gcc/arm-none-eabi/10.3.1/../../../../arm-none-eabi/lib/thumb/v7e-m+fp/hard\libc_nano.a(lib_a-nano-svfprintf.o) (_printf_i)
[...]
Memory Configuration

Name             Origin             Length             Attributes
CCMRAM           0x0000000010000000 0x0000000000010000 xrw
RAM              0x0000000020000000 0x0000000000020000 xrw
FLASH            0x0000000008000000 0x0000000000100000 xr
*default*        0x0000000000000000 0xffffffffffffffff

Linker script and memory map

LOAD d:/st/stm32cubeide_1.11.0/stm32cubeide/plugins/com.st.stm32cube.ide.mcu.externaltools.gnu-tools-for-stm32.10.3-2021.10.win32_1.0.100.202210260954/tools/bin/../lib/gcc/arm-none-eabi/10.3.1/thumb/v7e-m+fp/hard/crti.o
LOAD d:/st/stm32cubeide_1.11.0/stm32cubeide/plugins/com.st.stm32cube.ide.mcu.externaltools.gnu-tools-for-stm32.10.3-2021.10.win32_1.0.100.202210260954/tools/bin/../lib/gcc/arm-none-eabi/10.3.1/thumb/v7e-m+fp/hard/crtbegin.o
LOAD d:/st/stm32cubeide_1.11.0/stm32cubeide/plugins/com.st.stm32cube.ide.mcu.externaltools.gnu-tools-for-stm32.10.3-2021.10.win32_1.0.100.202210260954/tools/bin/../lib/gcc/arm-none-eabi/10.3.1/../../../../arm-none-eabi/lib/thumb/v7e-m+fp/hard/crt0.o
LOAD ./Core/Src/main.o
LOAD ./Core/Src/stm32f4xx_hal_msp.o
LOAD ./Core/Src/stm32f4xx_hal_timebase_tim.o
LOAD ./Core/Src/stm32f4xx_it.o
LOAD ./Core/Src/syscalls.o
LOAD ./Core/Src/sysmem.o
LOAD ./Core/Src/system_stm32f4xx.o
LOAD ./Core/Startup/startup_stm32f407vgtx.o
LOAD ./Drivers/STM32F4xx_HAL_Driver/Src/stm32f4xx_hal.o
LOAD ./Drivers/STM32F4xx_HAL_Driver/Src/stm32f4xx_hal_cortex.o
LOAD ./Drivers/STM32F4xx_HAL_Driver/Src/stm32f4xx_hal_dma.o
LOAD ./Drivers/STM32F4xx_HAL_Driver/Src/stm32f4xx_hal_dma_ex.o
LOAD ./Drivers/STM32F4xx_HAL_Driver/Src/stm32f4xx_hal_exti.o
LOAD ./Drivers/STM32F4xx_HAL_Driver/Src/stm32f4xx_hal_flash.o
LOAD ./Drivers/STM32F4xx_HAL_Driver/Src/stm32f4xx_hal_flash_ex.o
LOAD ./Drivers/STM32F4xx_HAL_Driver/Src/stm32f4xx_hal_flash_ramfunc.o
LOAD ./Drivers/STM32F4xx_HAL_Driver/Src/stm32f4xx_hal_gpio.o
LOAD ./Drivers/STM32F4xx_HAL_Driver/Src/stm32f4xx_hal_pwr.o
LOAD ./Drivers/STM32F4xx_HAL_Driver/Src/stm32f4xx_hal_pwr_ex.o
LOAD ./Drivers/STM32F4xx_HAL_Driver/Src/stm32f4xx_hal_rcc.o
LOAD ./Drivers/STM32F4xx_HAL_Driver/Src/stm32f4xx_hal_rcc_ex.o
LOAD ./Drivers/STM32F4xx_HAL_Driver/Src/stm32f4xx_hal_tim.o
LOAD ./Drivers/STM32F4xx_HAL_Driver/Src/stm32f4xx_hal_tim_ex.o
LOAD ./Drivers/STM32F4xx_HAL_Driver/Src/stm32f4xx_hal_uart.o
LOAD ./FreeRTOS/croutine.o
LOAD ./FreeRTOS/event_groups.o
LOAD ./FreeRTOS/list.o
LOAD ./FreeRTOS/queue.o
LOAD ./FreeRTOS/stream_buffer.o
LOAD ./FreeRTOS/tasks.o
LOAD ./FreeRTOS/timers.o
LOAD ./FreeRTOS/portable/ARM_CM4F/port.o
LOAD ./FreeRTOS/portable/MemMang/heap_4.o
START GROUP
LOAD d:/st/stm32cubeide_1.11.0/stm32cubeide/plugins/com.st.stm32cube.ide.mcu.externaltools.gnu-tools-for-stm32.10.3-2021.10.win32_1.0.100.202210260954/tools/bin/../lib/gcc/arm-none-eabi/10.3.1/../../../../arm-none-eabi/lib/thumb/v7e-m+fp/hard\libc_nano.a
LOAD d:/st/stm32cubeide_1.11.0/stm32cubeide/plugins/com.st.stm32cube.ide.mcu.externaltools.gnu-tools-for-stm32.10.3-2021.10.win32_1.0.100.202210260954/tools/bin/../lib/gcc/arm-none-eabi/10.3.1/../../../../arm-none-eabi/lib/thumb/v7e-m+fp/hard\libm.a
END GROUP
START GROUP
LOAD d:/st/stm32cubeide_1.11.0/stm32cubeide/plugins/com.st.stm32cube.ide.mcu.externaltools.gnu-tools-for-stm32.10.3-2021.10.win32_1.0.100.202210260954/tools/bin/../lib/gcc/arm-none-eabi/10.3.1/thumb/v7e-m+fp/hard\libgcc.a
LOAD d:/st/stm32cubeide_1.11.0/stm32cubeide/plugins/com.st.stm32cube.ide.mcu.externaltools.gnu-tools-for-stm32.10.3-2021.10.win32_1.0.100.202210260954/tools/bin/../lib/gcc/arm-none-eabi/10.3.1/../../../../arm-none-eabi/lib/thumb/v7e-m+fp/hard\libc_nano.a
END GROUP
START GROUP
LOAD d:/st/stm32cubeide_1.11.0/stm32cubeide/plugins/com.st.stm32cube.ide.mcu.externaltools.gnu-tools-for-stm32.10.3-2021.10.win32_1.0.100.202210260954/tools/bin/../lib/gcc/arm-none-eabi/10.3.1/thumb/v7e-m+fp/hard\libgcc.a
LOAD d:/st/stm32cubeide_1.11.0/stm32cubeide/plugins/com.st.stm32cube.ide.mcu.externaltools.gnu-tools-for-stm32.10.3-2021.10.win32_1.0.100.202210260954/tools/bin/../lib/gcc/arm-none-eabi/10.3.1/../../../../arm-none-eabi/lib/thumb/v7e-m+fp/hard\libc_nano.a
LOAD d:/st/stm32cubeide_1.11.0/stm32cubeide/plugins/com.st.stm32cube.ide.mcu.externaltools.gnu-tools-for-stm32.10.3-2021.10.win32_1.0.100.202210260954/tools/bin/../lib/gcc/arm-none-eabi/10.3.1/../../../../arm-none-eabi/lib/thumb/v7e-m+fp/hard\libnosys.a
END GROUP
START GROUP
LOAD d:/st/stm32cubeide_1.11.0/stm32cubeide/plugins/com.st.stm32cube.ide.mcu.externaltools.gnu-tools-for-stm32.10.3-2021.10.win32_1.0.100.202210260954/tools/bin/../lib/gcc/arm-none-eabi/10.3.1/thumb/v7e-m+fp/hard\libgcc.a
LOAD d:/st/stm32cubeide_1.11.0/stm32cubeide/plugins/com.st.stm32cube.ide.mcu.externaltools.gnu-tools-for-stm32.10.3-2021.10.win32_1.0.100.202210260954/tools/bin/../lib/gcc/arm-none-eabi/10.3.1/../../../../arm-none-eabi/lib/thumb/v7e-m+fp/hard\libc_nano.a
LOAD d:/st/stm32cubeide_1.11.0/stm32cubeide/plugins/com.st.stm32cube.ide.mcu.externaltools.gnu-tools-for-stm32.10.3-2021.10.win32_1.0.100.202210260954/tools/bin/../lib/gcc/arm-none-eabi/10.3.1/../../../../arm-none-eabi/lib/thumb/v7e-m+fp/hard\libnosys.a
END GROUP
LOAD d:/st/stm32cubeide_1.11.0/stm32cubeide/plugins/com.st.stm32cube.ide.mcu.externaltools.gnu-tools-for-stm32.10.3-2021.10.win32_1.0.100.202210260954/tools/bin/../lib/gcc/arm-none-eabi/10.3.1/thumb/v7e-m+fp/hard/crtend.o
LOAD d:/st/stm32cubeide_1.11.0/stm32cubeide/plugins/com.st.stm32cube.ide.mcu.externaltools.gnu-tools-for-stm32.10.3-2021.10.win32_1.0.100.202210260954/tools/bin/../lib/gcc/arm-none-eabi/10.3.1/thumb/v7e-m+fp/hard/crtn.o
                0x0000000020020000                _estack = (ORIGIN (RAM) + LENGTH (RAM))
                0x0000000000000200                _Min_Heap_Size = 0x200
                0x0000000000000400                _Min_Stack_Size = 0x400

.isr_vector     0x0000000008000000      0x188
                0x0000000008000000                . = ALIGN (0x4)
 *(.isr_vector)
 .isr_vector    0x0000000008000000      0x188 ./Core/Startup/startup_stm32f407vgtx.o
                0x0000000008000000                g_pfnVectors
                0x0000000008000188                . = ALIGN (0x4)

.text           0x0000000008000190     0x5ba4
                0x0000000008000190                . = ALIGN (0x4)
 *(.text)
 .text          0x0000000008000190       0x40 d:/st/stm32cubeide_1.11.0/stm32cubeide/plugins/com.st.stm32cube.ide.mcu.externaltools.gnu-tools-for-stm32.10.3-2021.10.win32_1.0.100.202210260954/tools/bin/../lib/gcc/arm-none-eabi/10.3.1/thumb/v7e-m+fp/hard/crtbegin.o
 .text          0x00000000080001d0       0x10 d:/st/stm32cubeide_1.11.0/stm32cubeide/plugins/com.st.stm32cube.ide.mcu.externaltools.gnu-tools-for-stm32.10.3-2021.10.win32_1.0.100.202210260954/tools/bin/../lib/gcc/arm-none-eabi/10.3.1/../../../../arm-none-eabi/lib/thumb/v7e-m+fp/hard\libc_nano.a(lib_a-strlen.o)
                0x00000000080001d0                strlen
 .text          0x00000000080001e0       0xa0 d:/st/stm32cubeide_1.11.0/stm32cubeide/plugins/com.st.stm32cube.ide.mcu.externaltools.gnu-tools-for-stm32.10.3-2021.10.win32_1.0.100.202210260954/tools/bin/../lib/gcc/arm-none-eabi/10.3.1/../../../../arm-none-eabi/lib/thumb/v7e-m+fp/hard\libc_nano.a(lib_a-memchr.o)
                0x00000000080001e0                memchr
 .text          0x0000000008000280       0x30 d:/st/stm32cubeide_1.11.0/stm32cubeide/plugins/com.st.stm32cube.ide.mcu.externaltools.gnu-tools-for-stm32.10.3-2021.10.win32_1.0.100.202210260954/tools/bin/../lib/gcc/arm-none-eabi/10.3.1/thumb/v7e-m+fp/hard\libgcc.a(_aeabi_uldivmod.o)
                0x0000000008000280                __aeabi_uldivmod
 .text          0x00000000080002b0      0x2d0 d:/st/stm32cubeide_1.11.0/stm32cubeide/plugins/com.st.stm32cube.ide.mcu.externaltools.gnu-tools-for-stm32.10.3-2021.10.win32_1.0.100.202210260954/tools/bin/../lib/gcc/arm-none-eabi/10.3.1/thumb/v7e-m+fp/hard\libgcc.a(_udivmoddi4.o)
                0x00000000080002b0                __udivmoddi4
 .text          0x0000000008000580        0x4 d:/st/stm32cubeide_1.11.0/stm32cubeide/plugins/com.st.stm32cube.ide.mcu.externaltools.gnu-tools-for-stm32.10.3-2021.10.win32_1.0.100.202210260954/tools/bin/../lib/gcc/arm-none-eabi/10.3.1/thumb/v7e-m+fp/hard\libgcc.a(_dvmd_tls.o)
                0x0000000008000580                __aeabi_idiv0
                0x0000000008000580                __aeabi_ldiv0
 *(.text*)
 .text.TaskMonitor_App
                0x0000000008000584       0x16 ./Core/Src/main.o
                0x0000000008000584                TaskMonitor_App
 *fill*         0x000000000800059a        0x2 
 .text.Red_LED_app
                0x000000000800059c       0x2c ./Core/Src/main.o
                0x000000000800059c                Red_LED_app
 .text.Green_LED_App
                0x00000000080005c8       0x2c ./Core/Src/main.o
                0x00000000080005c8                Green_LED_App
 .text.Delay_App
                0x00000000080005f4       0x2c ./Core/Src/main.o
                0x00000000080005f4                Delay_App
 .text.main     0x0000000008000620       0xb8 ./Core/Src/main.o
                0x0000000008000620                main
 .text.SystemClock_Config
                0x00000000080006d8       0xd4 ./Core/Src/main.o
                0x00000000080006d8                SystemClock_Config
 .text.MX_USART2_UART_Init
                0x00000000080007ac       0x54 ./Core/Src/main.o
 .text.MX_GPIO_Init
                0x0000000008000800      0x2cc ./Core/Src/main.o
 .text.HAL_TIM_PeriodElapsedCallback
                0x0000000008000acc       0x24 ./Core/Src/main.o
                0x0000000008000acc                HAL_TIM_PeriodElapsedCallback
 .text.Error_Handler
                0x0000000008000af0        0xa ./Core/Src/main.o
                0x0000000008000af0                Error_Handler
 *fill*         0x0000000008000afa        0x2 
 .text.HAL_MspInit
                0x0000000008000afc       0x50 ./Core/Src/stm32f4xx_hal_msp.o
                0x0000000008000afc                HAL_MspInit
 .text.HAL_UART_MspInit
                0x0000000008000b4c       0x90 ./Core/Src/stm32f4xx_hal_msp.o
                0x0000000008000b4c                HAL_UART_MspInit
 .text.HAL_InitTick
                0x0000000008000bdc       0xf8 ./Core/Src/stm32f4xx_hal_timebase_tim.o
                0x0000000008000bdc                HAL_InitTick
 .text.NMI_Handler
                0x0000000008000cd4        0x6 ./Core/Src/stm32f4xx_it.o
                0x0000000008000cd4                NMI_Handler
 .text.HardFault_Handler
                0x0000000008000cda        0x6 ./Core/Src/stm32f4xx_it.o
                0x0000000008000cda                HardFault_Handler
 .text.MemManage_Handler
                0x0000000008000ce0        0x6 ./Core/Src/stm32f4xx_it.o
                0x0000000008000ce0                MemManage_Handler
 .text.BusFault_Handler
                0x0000000008000ce6        0x6 ./Core/Src/stm32f4xx_it.o
                0x0000000008000ce6                BusFault_Handler
 .text.UsageFault_Handler
                0x0000000008000cec        0x6 ./Core/Src/stm32f4xx_it.o
                0x0000000008000cec                UsageFault_Handler
 .text.DebugMon_Handler
                0x0000000008000cf2        0xe ./Core/Src/stm32f4xx_it.o
                0x0000000008000cf2                DebugMon_Handler
 .text.EXTI0_IRQHandler
                0x0000000008000d00        0xe ./Core/Src/stm32f4xx_it.o
                0x0000000008000d00                EXTI0_IRQHandler
 *fill*         0x0000000008000d0e        0x2 
 .text.TIM7_IRQHandler
                0x0000000008000d10       0x14 ./Core/Src/stm32f4xx_it.o
                0x0000000008000d10                TIM7_IRQHandler
 .text._sbrk    0x0000000008000d24       0x6c ./Core/Src/sysmem.o
                0x0000000008000d24                _sbrk
 .text.SystemInit
                0x0000000008000d90       0x24 ./Core/Src/system_stm32f4xx.o
                0x0000000008000d90                SystemInit
 .text.Reset_Handler
                0x0000000008000db4       0x50 ./Core/Startup/startup_stm32f407vgtx.o
                0x0000000008000db4                Reset_Handler
 .text.Default_Handler
                0x0000000008000e04        0x2 ./Core/Startup/startup_stm32f407vgtx.o
                0x0000000008000e04                RTC_Alarm_IRQHandler
                0x0000000008000e04                HASH_RNG_IRQHandler
                0x0000000008000e04                EXTI2_IRQHandler
                0x0000000008000e04                TIM8_CC_IRQHandler
                0x0000000008000e04                TIM1_CC_IRQHandler
                0x0000000008000e04                DMA2_Stream5_IRQHandler
                0x0000000008000e04                DMA1_Stream5_IRQHandler
                0x0000000008000e04                PVD_IRQHandler
                0x0000000008000e04                SDIO_IRQHandler
                0x0000000008000e04                TAMP_STAMP_IRQHandler
                0x0000000008000e04                CAN2_RX1_IRQHandler
                0x0000000008000e04                EXTI3_IRQHandler
                0x0000000008000e04                TIM8_TRG_COM_TIM14_IRQHandler
                0x0000000008000e04                TIM1_UP_TIM10_IRQHandler
                0x0000000008000e04                TIM8_UP_TIM13_IRQHandler
                0x0000000008000e04                I2C3_ER_IRQHandler
                0x0000000008000e04                I2C2_EV_IRQHandler
                0x0000000008000e04                DMA1_Stream2_IRQHandler
                0x0000000008000e04                CAN1_RX0_IRQHandler
                0x0000000008000e04                FPU_IRQHandler
                0x0000000008000e04                OTG_HS_WKUP_IRQHandler
                0x0000000008000e04                CAN2_SCE_IRQHandler
                0x0000000008000e04                DMA2_Stream2_IRQHandler
                0x0000000008000e04                SPI1_IRQHandler
                0x0000000008000e04                TIM6_DAC_IRQHandler
                0x0000000008000e04                TIM1_BRK_TIM9_IRQHandler
                0x0000000008000e04                DCMI_IRQHandler
                0x0000000008000e04                CAN2_RX0_IRQHandler
                0x0000000008000e04                DMA2_Stream3_IRQHandler
                0x0000000008000e04                USART6_IRQHandler
                0x0000000008000e04                USART3_IRQHandler
                0x0000000008000e04                CAN1_RX1_IRQHandler
                0x0000000008000e04                UART5_IRQHandler
                0x0000000008000e04                DMA2_Stream0_IRQHandler
                0x0000000008000e04                TIM4_IRQHandler
                0x0000000008000e04                I2C1_EV_IRQHandler
                0x0000000008000e04                DMA1_Stream6_IRQHandler
                0x0000000008000e04                DMA1_Stream1_IRQHandler
                0x0000000008000e04                UART4_IRQHandler
                0x0000000008000e04                TIM3_IRQHandler
                0x0000000008000e04                RCC_IRQHandler
                0x0000000008000e04                TIM8_BRK_TIM12_IRQHandler
                0x0000000008000e04                Default_Handler
                0x0000000008000e04                EXTI15_10_IRQHandler
                0x0000000008000e04                ADC_IRQHandler
                0x0000000008000e04                DMA1_Stream7_IRQHandler
                0x0000000008000e04                CAN2_TX_IRQHandler
                0x0000000008000e04                TIM5_IRQHandler
                0x0000000008000e04                DMA2_Stream7_IRQHandler
                0x0000000008000e04                I2C3_EV_IRQHandler
                0x0000000008000e04                EXTI9_5_IRQHandler
                0x0000000008000e04                RTC_WKUP_IRQHandler
                0x0000000008000e04                ETH_WKUP_IRQHandler
                0x0000000008000e04                SPI2_IRQHandler
                0x0000000008000e04                OTG_HS_EP1_IN_IRQHandler
                0x0000000008000e04                DMA1_Stream0_IRQHandler
                0x0000000008000e04                CAN1_TX_IRQHandler
                0x0000000008000e04                EXTI4_IRQHandler
                0x0000000008000e04                FSMC_IRQHandler
                0x0000000008000e04                ETH_IRQHandler
                0x0000000008000e04                OTG_HS_EP1_OUT_IRQHandler
                0x0000000008000e04                WWDG_IRQHandler
                0x0000000008000e04                TIM2_IRQHandler
                0x0000000008000e04                OTG_FS_WKUP_IRQHandler
                0x0000000008000e04                TIM1_TRG_COM_TIM11_IRQHandler
                0x0000000008000e04                OTG_HS_IRQHandler
                0x0000000008000e04                EXTI1_IRQHandler
                0x0000000008000e04                USART2_IRQHandler
                0x0000000008000e04                I2C2_ER_IRQHandler
                0x0000000008000e04                DMA2_Stream1_IRQHandler
                0x0000000008000e04                CAN1_SCE_IRQHandler
                0x0000000008000e04                FLASH_IRQHandler
                0x0000000008000e04                DMA2_Stream4_IRQHandler
                0x0000000008000e04                USART1_IRQHandler
                0x0000000008000e04                OTG_FS_IRQHandler
                0x0000000008000e04                SPI3_IRQHandler
                0x0000000008000e04                DMA1_Stream4_IRQHandler
                0x0000000008000e04                I2C1_ER_IRQHandler
                0x0000000008000e04                DMA2_Stream6_IRQHandler
                0x0000000008000e04                DMA1_Stream3_IRQHandler
 *fill*         0x0000000008000e06        0x2 
 .text.HAL_Init
                0x0000000008000e08       0x44 ./Drivers/STM32F4xx_HAL_Driver/Src/stm32f4xx_hal.o
                0x0000000008000e08                HAL_Init
 .text.HAL_IncTick
                0x0000000008000e4c       0x28 ./Drivers/STM32F4xx_HAL_Driver/Src/stm32f4xx_hal.o
                0x0000000008000e4c                HAL_IncTick
 .text.HAL_GetTick
                0x0000000008000e74       0x18 ./Drivers/STM32F4xx_HAL_Driver/Src/stm32f4xx_hal.o
                0x0000000008000e74                HAL_GetTick
 .text.__NVIC_SetPriorityGrouping
                0x0000000008000e8c       0x48 ./Drivers/STM32F4xx_HAL_Driver/Src/stm32f4xx_hal_cortex.o
 .text.__NVIC_GetPriorityGrouping
                0x0000000008000ed4       0x1c ./Drivers/STM32F4xx_HAL_Driver/Src/stm32f4xx_hal_cortex.o
 .text.__NVIC_EnableIRQ
                0x0000000008000ef0       0x3c ./Drivers/STM32F4xx_HAL_Driver/Src/stm32f4xx_hal_cortex.o
 .text.__NVIC_SetPriority
                0x0000000008000f2c       0x54 ./Drivers/STM32F4xx_HAL_Driver/Src/stm32f4xx_hal_cortex.o
 .text.NVIC_EncodePriority
                0x0000000008000f80       0x66 ./Drivers/STM32F4xx_HAL_Driver/Src/stm32f4xx_hal_cortex.o
 .text.HAL_NVIC_SetPriorityGrouping
                0x0000000008000fe6       0x16 ./Drivers/STM32F4xx_HAL_Driver/Src/stm32f4xx_hal_cortex.o
                0x0000000008000fe6                HAL_NVIC_SetPriorityGrouping
 .text.HAL_NVIC_SetPriority
                0x0000000008000ffc       0x38 ./Drivers/STM32F4xx_HAL_Driver/Src/stm32f4xx_hal_cortex.o
                0x0000000008000ffc                HAL_NVIC_SetPriority
 .text.HAL_NVIC_EnableIRQ
                0x0000000008001034       0x1c ./Drivers/STM32F4xx_HAL_Driver/Src/stm32f4xx_hal_cortex.o
                0x0000000008001034                HAL_NVIC_EnableIRQ
 .text.HAL_GPIO_Init
                0x0000000008001050      0x338 ./Drivers/STM32F4xx_HAL_Driver/Src/stm32f4xx_hal_gpio.o
                0x0000000008001050                HAL_GPIO_Init
 .text.HAL_GPIO_WritePin
                0x0000000008001388       0x32 ./Drivers/STM32F4xx_HAL_Driver/Src/stm32f4xx_hal_gpio.o
                0x0000000008001388                HAL_GPIO_WritePin
 .text.HAL_GPIO_TogglePin
                0x00000000080013ba       0x34 ./Drivers/STM32F4xx_HAL_Driver/Src/stm32f4xx_hal_gpio.o
                0x00000000080013ba                HAL_GPIO_TogglePin
 *fill*         0x00000000080013ee        0x2 
 .text.HAL_GPIO_EXTI_IRQHandler
                0x00000000080013f0       0x30 ./Drivers/STM32F4xx_HAL_Driver/Src/stm32f4xx_hal_gpio.o
                0x00000000080013f0                HAL_GPIO_EXTI_IRQHandler
 .text.HAL_GPIO_EXTI_Callback
                0x0000000008001420       0x16 ./Drivers/STM32F4xx_HAL_Driver/Src/stm32f4xx_hal_gpio.o
                0x0000000008001420                HAL_GPIO_EXTI_Callback
 *fill*         0x0000000008001436        0x2 
 .text.HAL_RCC_OscConfig
                0x0000000008001438      0x4f0 ./Drivers/STM32F4xx_HAL_Driver/Src/stm32f4xx_hal_rcc.o
                0x0000000008001438                HAL_RCC_OscConfig
 .text.HAL_RCC_ClockConfig
                0x0000000008001928      0x1cc ./Drivers/STM32F4xx_HAL_Driver/Src/stm32f4xx_hal_rcc.o
                0x0000000008001928                HAL_RCC_ClockConfig
 .text.HAL_RCC_GetSysClockFreq
                0x0000000008001af4      0x20c ./Drivers/STM32F4xx_HAL_Driver/Src/stm32f4xx_hal_rcc.o
                0x0000000008001af4                HAL_RCC_GetSysClockFreq
 .text.HAL_RCC_GetHCLKFreq
                0x0000000008001d00       0x18 ./Drivers/STM32F4xx_HAL_Driver/Src/stm32f4xx_hal_rcc.o
                0x0000000008001d00                HAL_RCC_GetHCLKFreq
 .text.HAL_RCC_GetPCLK1Freq
                0x0000000008001d18       0x28 ./Drivers/STM32F4xx_HAL_Driver/Src/stm32f4xx_hal_rcc.o
                0x0000000008001d18                HAL_RCC_GetPCLK1Freq
 .text.HAL_RCC_GetPCLK2Freq
                0x0000000008001d40       0x28 ./Drivers/STM32F4xx_HAL_Driver/Src/stm32f4xx_hal_rcc.o
                0x0000000008001d40                HAL_RCC_GetPCLK2Freq
 .text.HAL_RCC_GetClockConfig
                0x0000000008001d68       0x64 ./Drivers/STM32F4xx_HAL_Driver/Src/stm32f4xx_hal_rcc.o
                0x0000000008001d68                HAL_RCC_GetClockConfig
 .text.HAL_TIM_Base_Init
                0x0000000008001dcc       0x9e ./Drivers/STM32F4xx_HAL_Driver/Src/stm32f4xx_hal_tim.o
                0x0000000008001dcc                HAL_TIM_Base_Init
 .text.HAL_TIM_Base_MspInit
                0x0000000008001e6a       0x14 ./Drivers/STM32F4xx_HAL_Driver/Src/stm32f4xx_hal_tim.o
                0x0000000008001e6a                HAL_TIM_Base_MspInit
 *fill*         0x0000000008001e7e        0x2 
 .text.HAL_TIM_Base_Start_IT
                0x0000000008001e80       0xe0 ./Drivers/STM32F4xx_HAL_Driver/Src/stm32f4xx_hal_tim.o
                0x0000000008001e80                HAL_TIM_Base_Start_IT
 .text.HAL_TIM_IRQHandler
                0x0000000008001f60      0x210 ./Drivers/STM32F4xx_HAL_Driver/Src/stm32f4xx_hal_tim.o
                0x0000000008001f60                HAL_TIM_IRQHandler
 .text.HAL_TIM_OC_DelayElapsedCallback
                0x0000000008002170       0x14 ./Drivers/STM32F4xx_HAL_Driver/Src/stm32f4xx_hal_tim.o
                0x0000000008002170                HAL_TIM_OC_DelayElapsedCallback
 .text.HAL_TIM_IC_CaptureCallback
                0x0000000008002184       0x14 ./Drivers/STM32F4xx_HAL_Driver/Src/stm32f4xx_hal_tim.o
                0x0000000008002184                HAL_TIM_IC_CaptureCallback
 .text.HAL_TIM_PWM_PulseFinishedCallback
                0x0000000008002198       0x14 ./Drivers/STM32F4xx_HAL_Driver/Src/stm32f4xx_hal_tim.o
                0x0000000008002198                HAL_TIM_PWM_PulseFinishedCallback
 .text.HAL_TIM_TriggerCallback
                0x00000000080021ac       0x14 ./Drivers/STM32F4xx_HAL_Driver/Src/stm32f4xx_hal_tim.o
                0x00000000080021ac                HAL_TIM_TriggerCallback
 .text.TIM_Base_SetConfig
                0x00000000080021c0      0x140 ./Drivers/STM32F4xx_HAL_Driver/Src/stm32f4xx_hal_tim.o
                0x00000000080021c0                TIM_Base_SetConfig
 .text.HAL_TIMEx_CommutCallback
                0x0000000008002300       0x14 ./Drivers/STM32F4xx_HAL_Driver/Src/stm32f4xx_hal_tim_ex.o
                0x0000000008002300                HAL_TIMEx_CommutCallback
 .text.HAL_TIMEx_BreakCallback
                0x0000000008002314       0x14 ./Drivers/STM32F4xx_HAL_Driver/Src/stm32f4xx_hal_tim_ex.o
                0x0000000008002314                HAL_TIMEx_BreakCallback
 .text.HAL_UART_Init
                0x0000000008002328       0x9a ./Drivers/STM32F4xx_HAL_Driver/Src/stm32f4xx_hal_uart.o
                0x0000000008002328                HAL_UART_Init
 .text.HAL_UART_Transmit
                0x00000000080023c2      0x124 ./Drivers/STM32F4xx_HAL_Driver/Src/stm32f4xx_hal_uart.o
                0x00000000080023c2                HAL_UART_Transmit
 .text.UART_WaitOnFlagUntilTimeout
                0x00000000080024e6       0xdc ./Drivers/STM32F4xx_HAL_Driver/Src/stm32f4xx_hal_uart.o
 *fill*         0x00000000080025c2        0x2 
 .text.UART_SetConfig
                0x00000000080025c4      0x4e8 ./Drivers/STM32F4xx_HAL_Driver/Src/stm32f4xx_hal_uart.o
 .text.vListInitialise
                0x0000000008002aac       0x40 ./FreeRTOS/list.o
                0x0000000008002aac                vListInitialise
 .text.vListInitialiseItem
                0x0000000008002aec       0x1a ./FreeRTOS/list.o
                0x0000000008002aec                vListInitialiseItem
 .text.vListInsertEnd
                0x0000000008002b06       0x48 ./FreeRTOS/list.o
                0x0000000008002b06                vListInsertEnd
 .text.vListInsert
                0x0000000008002b4e       0x72 ./FreeRTOS/list.o
                0x0000000008002b4e                vListInsert
 .text.uxListRemove
                0x0000000008002bc0       0x54 ./FreeRTOS/list.o
                0x0000000008002bc0                uxListRemove
 .text.xQueueGenericReset
                0x0000000008002c14       0xd0 ./FreeRTOS/queue.o
                0x0000000008002c14                xQueueGenericReset
 .text.xQueueGenericCreate
                0x0000000008002ce4       0x78 ./FreeRTOS/queue.o
                0x0000000008002ce4                xQueueGenericCreate
 .text.prvInitialiseNewQueue
                0x0000000008002d5c       0x46 ./FreeRTOS/queue.o
 *fill*         0x0000000008002da2        0x2 
 .text.xQueueGenericSend
                0x0000000008002da4      0x1fc ./FreeRTOS/queue.o
                0x0000000008002da4                xQueueGenericSend
 .text.xQueueGenericSendFromISR
                0x0000000008002fa0      0x130 ./FreeRTOS/queue.o
                0x0000000008002fa0                xQueueGenericSendFromISR
 .text.xQueueReceive
                0x00000000080030d0      0x1c0 ./FreeRTOS/queue.o
                0x00000000080030d0                xQueueReceive
 .text.prvCopyDataToQueue
                0x0000000008003290       0xd4 ./FreeRTOS/queue.o
 .text.prvCopyDataFromQueue
                0x0000000008003364       0x4c ./FreeRTOS/queue.o
 .text.prvUnlockQueue
                0x00000000080033b0       0xa4 ./FreeRTOS/queue.o
 .text.prvIsQueueEmpty
                0x0000000008003454       0x2c ./FreeRTOS/queue.o
 .text.prvIsQueueFull
                0x0000000008003480       0x30 ./FreeRTOS/queue.o
 .text.vQueueAddToRegistry
                0x00000000080034b0       0x54 ./FreeRTOS/queue.o
                0x00000000080034b0                vQueueAddToRegistry
 .text.vQueueWaitForMessageRestricted
                0x0000000008003504       0x68 ./FreeRTOS/queue.o
                0x0000000008003504                vQueueWaitForMessageRestricted
 .text.Taskmonitor
                0x000000000800356c      0x2d4 ./FreeRTOS/tasks.o
                0x000000000800356c                Taskmonitor
 .text.xTaskCreate
                0x0000000008003840       0x82 ./FreeRTOS/tasks.o
                0x0000000008003840                xTaskCreate
 .text.prvInitialiseNewTask
                0x00000000080038c2      0x11e ./FreeRTOS/tasks.o
 .text.prvAddNewTaskToReadyList
                0x00000000080039e0       0xdc ./FreeRTOS/tasks.o
 .text.vTaskDelay
                0x0000000008003abc       0x68 ./FreeRTOS/tasks.o
                0x0000000008003abc                vTaskDelay
 .text.vTaskStartScheduler
                0x0000000008003b24       0x9c ./FreeRTOS/tasks.o
                0x0000000008003b24                vTaskStartScheduler
 .text.vTaskSuspendAll
                0x0000000008003bc0       0x1c ./FreeRTOS/tasks.o
                0x0000000008003bc0                vTaskSuspendAll
 .text.xTaskResumeAll
                0x0000000008003bdc      0x138 ./FreeRTOS/tasks.o
                0x0000000008003bdc                xTaskResumeAll
 .text.xTaskGetTickCount
                0x0000000008003d14       0x20 ./FreeRTOS/tasks.o
                0x0000000008003d14                xTaskGetTickCount
 .text.xTaskIncrementTick
                0x0000000008003d34      0x170 ./FreeRTOS/tasks.o
                0x0000000008003d34                xTaskIncrementTick
 .text.vTaskSwitchContext
                0x0000000008003ea4       0xb8 ./FreeRTOS/tasks.o
                0x0000000008003ea4                vTaskSwitchContext
 .text.vTaskPlaceOnEventList
                0x0000000008003f5c       0x48 ./FreeRTOS/tasks.o
                0x0000000008003f5c                vTaskPlaceOnEventList
 .text.vTaskPlaceOnEventListRestricted
                0x0000000008003fa4       0x58 ./FreeRTOS/tasks.o
                0x0000000008003fa4                vTaskPlaceOnEventListRestricted
 .text.xTaskRemoveFromEventList
                0x0000000008003ffc       0xc4 ./FreeRTOS/tasks.o
                0x0000000008003ffc                xTaskRemoveFromEventList
 .text.vTaskInternalSetTimeOutState
                0x00000000080040c0       0x2c ./FreeRTOS/tasks.o
                0x00000000080040c0                vTaskInternalSetTimeOutState
 .text.xTaskCheckForTimeOut
                0x00000000080040ec       0xc4 ./FreeRTOS/tasks.o
                0x00000000080040ec                xTaskCheckForTimeOut
 .text.vTaskMissedYield
                0x00000000080041b0       0x18 ./FreeRTOS/tasks.o
                0x00000000080041b0                vTaskMissedYield
 .text.prvIdleTask
                0x00000000080041c8       0x30 ./FreeRTOS/tasks.o
 .text.prvInitialiseTaskLists
                0x00000000080041f8       0x80 ./FreeRTOS/tasks.o
 .text.prvCheckTasksWaitingTermination
                0x0000000008004278       0x5c ./FreeRTOS/tasks.o
 .text.prvDeleteTCB
                0x00000000080042d4       0x20 ./FreeRTOS/tasks.o
 .text.prvResetNextTaskUnblockTime
                0x00000000080042f4       0x40 ./FreeRTOS/tasks.o
 .text.xTaskGetSchedulerState
                0x0000000008004334       0x3c ./FreeRTOS/tasks.o
                0x0000000008004334                xTaskGetSchedulerState
 .text.xTaskPriorityDisinherit
                0x0000000008004370      0x10c ./FreeRTOS/tasks.o
                0x0000000008004370                xTaskPriorityDisinherit
 .text.prvAddCurrentTaskToDelayedList
                0x000000000800447c       0xcc ./FreeRTOS/tasks.o
 .text.xTimerCreateTimerTask
                0x0000000008004548       0x64 ./FreeRTOS/timers.o
                0x0000000008004548                xTimerCreateTimerTask
 .text.xTimerGenericCommand
                0x00000000080045ac       0x9c ./FreeRTOS/timers.o
                0x00000000080045ac                xTimerGenericCommand
 .text.prvProcessExpiredTimer
                0x0000000008004648       0x98 ./FreeRTOS/timers.o
 .text.prvTimerTask
                0x00000000080046e0       0x24 ./FreeRTOS/timers.o
 .text.prvProcessTimerOrBlockTask
                0x0000000008004704       0x9c ./FreeRTOS/timers.o
 .text.prvGetNextExpireTime
                0x00000000080047a0       0x48 ./FreeRTOS/timers.o
 .text.prvSampleTimeNow
                0x00000000080047e8       0x40 ./FreeRTOS/timers.o
 .text.prvInsertTimerInActiveList
                0x0000000008004828       0x84 ./FreeRTOS/timers.o
 .text.prvProcessReceivedCommands
                0x00000000080048ac      0x18c ./FreeRTOS/timers.o
 .text.prvSwitchTimerLists
                0x0000000008004a38       0xc8 ./FreeRTOS/timers.o
 .text.prvCheckForValidListAndQueue
                0x0000000008004b00       0x6c ./FreeRTOS/timers.o
 .text.pxPortInitialiseStack
                0x0000000008004b6c       0x68 ./FreeRTOS/portable/ARM_CM4F/port.o
                0x0000000008004b6c                pxPortInitialiseStack
 .text.prvTaskExitError
                0x0000000008004bd4       0x58 ./FreeRTOS/portable/ARM_CM4F/port.o
 *fill*         0x0000000008004c2c        0x4 
 .text.SVC_Handler
                0x0000000008004c30       0x28 ./FreeRTOS/portable/ARM_CM4F/port.o
                0x0000000008004c30                SVC_Handler
 .text.prvPortStartFirstTask
                0x0000000008004c58       0x28 ./FreeRTOS/portable/ARM_CM4F/port.o
 .text.xPortStartScheduler
                0x0000000008004c80      0x164 ./FreeRTOS/portable/ARM_CM4F/port.o
                0x0000000008004c80                xPortStartScheduler
 .text.vPortEnterCritical
                0x0000000008004de4       0x60 ./FreeRTOS/portable/ARM_CM4F/port.o
                0x0000000008004de4                vPortEnterCritical
 .text.vPortExitCritical
                0x0000000008004e44       0x54 ./FreeRTOS/portable/ARM_CM4F/port.o
                0x0000000008004e44                vPortExitCritical
 *fill*         0x0000000008004e98        0x8 
 .text.PendSV_Handler
                0x0000000008004ea0       0x68 ./FreeRTOS/portable/ARM_CM4F/port.o
                0x0000000008004ea0                PendSV_Handler
 .text.SysTick_Handler
                0x0000000008004f08       0x44 ./FreeRTOS/portable/ARM_CM4F/port.o
                0x0000000008004f08                SysTick_Handler
 .text.vPortSetupTimerInterrupt
                0x0000000008004f4c       0x48 ./FreeRTOS/portable/ARM_CM4F/port.o
                0x0000000008004f4c                vPortSetupTimerInterrupt
 .text.vPortEnableVFP
                0x0000000008004f94       0x14 ./FreeRTOS/portable/ARM_CM4F/port.o
 .text.vPortValidateInterruptPriority
                0x0000000008004fa8       0x80 ./FreeRTOS/portable/ARM_CM4F/port.o
                0x0000000008004fa8                vPortValidateInterruptPriority
 .text.pvPortMalloc
                0x0000000008005028      0x188 ./FreeRTOS/portable/MemMang/heap_4.o
                0x0000000008005028                pvPortMalloc
 .text.vPortFree
                0x00000000080051b0       0xb4 ./FreeRTOS/portable/MemMang/heap_4.o
                0x00000000080051b0                vPortFree
 .text.prvHeapInit
                0x0000000008005264       0xc4 ./FreeRTOS/portable/MemMang/heap_4.o
 .text.prvInsertBlockIntoFreeList
                0x0000000008005328       0xb4 ./FreeRTOS/portable/MemMang/heap_4.o
 .text.__errno  0x00000000080053dc        0xc d:/st/stm32cubeide_1.11.0/stm32cubeide/plugins/com.st.stm32cube.ide.mcu.externaltools.gnu-tools-for-stm32.10.3-2021.10.win32_1.0.100.202210260954/tools/bin/../lib/gcc/arm-none-eabi/10.3.1/../../../../arm-none-eabi/lib/thumb/v7e-m+fp/hard\libc_nano.a(lib_a-errno.o)
                0x00000000080053dc                __errno
 .text.__libc_init_array
                0x00000000080053e8       0x48 d:/st/stm32cubeide_1.11.0/stm32cubeide/plugins/com.st.stm32cube.ide.mcu.externaltools.gnu-tools-for-stm32.10.3-2021.10.win32_1.0.100.202210260954/tools/bin/../lib/gcc/arm-none-eabi/10.3.1/../../../../arm-none-eabi/lib/thumb/v7e-m+fp/hard\libc_nano.a(lib_a-init.o)
                0x00000000080053e8                __libc_init_array
 .text.memcpy   0x0000000008005430       0x1c d:/st/stm32cubeide_1.11.0/stm32cubeide/plugins/com.st.stm32cube.ide.mcu.externaltools.gnu-tools-for-stm32.10.3-2021.10.win32_1.0.100.202210260954/tools/bin/../lib/gcc/arm-none-eabi/10.3.1/../../../../arm-none-eabi/lib/thumb/v7e-m+fp/hard\libc_nano.a(lib_a-memcpy-stub.o)
                0x0000000008005430                memcpy
 .text.memset   0x000000000800544c       0x10 d:/st/stm32cubeide_1.11.0/stm32cubeide/plugins/com.st.stm32cube.ide.mcu.externaltools.gnu-tools-for-stm32.10.3-2021.10.win32_1.0.100.202210260954/tools/bin/../lib/gcc/arm-none-eabi/10.3.1/../../../../arm-none-eabi/lib/thumb/v7e-m+fp/hard\libc_nano.a(lib_a-memset.o)
                0x000000000800544c                memset
 .text.sprintf  0x000000000800545c       0x40 d:/st/stm32cubeide_1.11.0/stm32cubeide/plugins/com.st.stm32cube.ide.mcu.externaltools.gnu-tools-for-stm32.10.3-2021.10.win32_1.0.100.202210260954/tools/bin/../lib/gcc/arm-none-eabi/10.3.1/../../../../arm-none-eabi/lib/thumb/v7e-m+fp/hard\libc_nano.a(lib_a-sprintf.o)
                0x000000000800545c                siprintf
                0x000000000800545c                sprintf
 .text.__ssputs_r
                0x000000000800549c       0xb6 d:/st/stm32cubeide_1.11.0/stm32cubeide/plugins/com.st.stm32cube.ide.mcu.externaltools.gnu-tools-for-stm32.10.3-2021.10.win32_1.0.100.202210260954/tools/bin/../lib/gcc/arm-none-eabi/10.3.1/../../../../arm-none-eabi/lib/thumb/v7e-m+fp/hard\libc_nano.a(lib_a-nano-svfprintf.o)
                0x000000000800549c                __ssputs_r
 *fill*         0x0000000008005552        0x2 
 .text._svfprintf_r
                0x0000000008005554      0x200 d:/st/stm32cubeide_1.11.0/stm32cubeide/plugins/com.st.stm32cube.ide.mcu.externaltools.gnu-tools-for-stm32.10.3-2021.10.win32_1.0.100.202210260954/tools/bin/../lib/gcc/arm-none-eabi/10.3.1/../../../../arm-none-eabi/lib/thumb/v7e-m+fp/hard\libc_nano.a(lib_a-nano-svfprintf.o)
                0x0000000008005554                _svfiprintf_r
                0x0000000008005554                _svfprintf_r
 .text._printf_common
                0x0000000008005754       0xda d:/st/stm32cubeide_1.11.0/stm32cubeide/plugins/com.st.stm32cube.ide.mcu.externaltools.gnu-tools-for-stm32.10.3-2021.10.win32_1.0.100.202210260954/tools/bin/../lib/gcc/arm-none-eabi/10.3.1/../../../../arm-none-eabi/lib/thumb/v7e-m+fp/hard\libc_nano.a(lib_a-nano-vfprintf_i.o)
                0x0000000008005754                _printf_common
 *fill*         0x000000000800582e        0x2 
 .text._printf_i
                0x0000000008005830      0x24c d:/st/stm32cubeide_1.11.0/stm32cubeide/plugins/com.st.stm32cube.ide.mcu.externaltools.gnu-tools-for-stm32.10.3-2021.10.win32_1.0.100.202210260954/tools/bin/../lib/gcc/arm-none-eabi/10.3.1/../../../../arm-none-eabi/lib/thumb/v7e-m+fp/hard\libc_nano.a(lib_a-nano-vfprintf_i.o)
                0x0000000008005830                _printf_i
 .text.memmove  0x0000000008005a7c       0x34 d:/st/stm32cubeide_1.11.0/stm32cubeide/plugins/com.st.stm32cube.ide.mcu.externaltools.gnu-tools-for-stm32.10.3-2021.10.win32_1.0.100.202210260954/tools/bin/../lib/gcc/arm-none-eabi/10.3.1/../../../../arm-none-eabi/lib/thumb/v7e-m+fp/hard\libc_nano.a(lib_a-memmove.o)
                0x0000000008005a7c                memmove
 .text._free_r  0x0000000008005ab0       0x98 d:/st/stm32cubeide_1.11.0/stm32cubeide/plugins/com.st.stm32cube.ide.mcu.externaltools.gnu-tools-for-stm32.10.3-2021.10.win32_1.0.100.202210260954/tools/bin/../lib/gcc/arm-none-eabi/10.3.1/../../../../arm-none-eabi/lib/thumb/v7e-m+fp/hard\libc_nano.a(lib_a-nano-freer.o)
                0x0000000008005ab0                _free_r
 .text.sbrk_aligned
                0x0000000008005b48       0x40 d:/st/stm32cubeide_1.11.0/stm32cubeide/plugins/com.st.stm32cube.ide.mcu.externaltools.gnu-tools-for-stm32.10.3-2021.10.win32_1.0.100.202210260954/tools/bin/../lib/gcc/arm-none-eabi/10.3.1/../../../../arm-none-eabi/lib/thumb/v7e-m+fp/hard\libc_nano.a(lib_a-nano-mallocr.o)
 .text._malloc_r
                0x0000000008005b88       0xe8 d:/st/stm32cubeide_1.11.0/stm32cubeide/plugins/com.st.stm32cube.ide.mcu.externaltools.gnu-tools-for-stm32.10.3-2021.10.win32_1.0.100.202210260954/tools/bin/../lib/gcc/arm-none-eabi/10.3.1/../../../../arm-none-eabi/lib/thumb/v7e-m+fp/hard\libc_nano.a(lib_a-nano-mallocr.o)
                0x0000000008005b88                _malloc_r
 .text._realloc_r
                0x0000000008005c70       0x5e d:/st/stm32cubeide_1.11.0/stm32cubeide/plugins/com.st.stm32cube.ide.mcu.externaltools.gnu-tools-for-stm32.10.3-2021.10.win32_1.0.100.202210260954/tools/bin/../lib/gcc/arm-none-eabi/10.3.1/../../../../arm-none-eabi/lib/thumb/v7e-m+fp/hard\libc_nano.a(lib_a-nano-reallocr.o)
                0x0000000008005c70                _realloc_r
 *fill*         0x0000000008005cce        0x2 
 .text._sbrk_r  0x0000000008005cd0       0x20 d:/st/stm32cubeide_1.11.0/stm32cubeide/plugins/com.st.stm32cube.ide.mcu.externaltools.gnu-tools-for-stm32.10.3-2021.10.win32_1.0.100.202210260954/tools/bin/../lib/gcc/arm-none-eabi/10.3.1/../../../../arm-none-eabi/lib/thumb/v7e-m+fp/hard\libc_nano.a(lib_a-sbrkr.o)
                0x0000000008005cd0                _sbrk_r
 .text.__malloc_lock
                0x0000000008005cf0        0xc d:/st/stm32cubeide_1.11.0/stm32cubeide/plugins/com.st.stm32cube.ide.mcu.externaltools.gnu-tools-for-stm32.10.3-2021.10.win32_1.0.100.202210260954/tools/bin/../lib/gcc/arm-none-eabi/10.3.1/../../../../arm-none-eabi/lib/thumb/v7e-m+fp/hard\libc_nano.a(lib_a-mlock.o)
                0x0000000008005cf0                __malloc_lock
 .text.__malloc_unlock
                0x0000000008005cfc        0xc d:/st/stm32cubeide_1.11.0/stm32cubeide/plugins/com.st.stm32cube.ide.mcu.externaltools.gnu-tools-for-stm32.10.3-2021.10.win32_1.0.100.202210260954/tools/bin/../lib/gcc/arm-none-eabi/10.3.1/../../../../arm-none-eabi/lib/thumb/v7e-m+fp/hard\libc_nano.a(lib_a-mlock.o)
                0x0000000008005cfc                __malloc_unlock
 .text._malloc_usable_size_r
                0x0000000008005d08       0x10 d:/st/stm32cubeide_1.11.0/stm32cubeide/plugins/com.st.stm32cube.ide.mcu.externaltools.gnu-tools-for-stm32.10.3-2021.10.win32_1.0.100.202210260954/tools/bin/../lib/gcc/arm-none-eabi/10.3.1/../../../../arm-none-eabi/lib/thumb/v7e-m+fp/hard\libc_nano.a(lib_a-nano-msizer.o)
                0x0000000008005d08                _malloc_usable_size_r
 .text.__retarget_lock_acquire_recursive
                0x0000000008005d18        0x2 d:/st/stm32cubeide_1.11.0/stm32cubeide/plugins/com.st.stm32cube.ide.mcu.externaltools.gnu-tools-for-stm32.10.3-2021.10.win32_1.0.100.202210260954/tools/bin/../lib/gcc/arm-none-eabi/10.3.1/../../../../arm-none-eabi/lib/thumb/v7e-m+fp/hard\libc_nano.a(lib_a-lock.o)
                0x0000000008005d18                __retarget_lock_acquire_recursive
 .text.__retarget_lock_release_recursive
                0x0000000008005d1a        0x2 d:/st/stm32cubeide_1.11.0/stm32cubeide/plugins/com.st.stm32cube.ide.mcu.externaltools.gnu-tools-for-stm32.10.3-2021.10.win32_1.0.100.202210260954/tools/bin/../lib/gcc/arm-none-eabi/10.3.1/../../../../arm-none-eabi/lib/thumb/v7e-m+fp/hard\libc_nano.a(lib_a-lock.o)
                0x0000000008005d1a                __retarget_lock_release_recursive
 *(.glue_7)
 .glue_7        0x0000000008005d1c        0x0 linker stubs
 *(.glue_7t)
 .glue_7t       0x0000000008005d1c        0x0 linker stubs
 *(.eh_frame)
 .eh_frame      0x0000000008005d1c        0x0 d:/st/stm32cubeide_1.11.0/stm32cubeide/plugins/com.st.stm32cube.ide.mcu.externaltools.gnu-tools-for-stm32.10.3-2021.10.win32_1.0.100.202210260954/tools/bin/../lib/gcc/arm-none-eabi/10.3.1/thumb/v7e-m+fp/hard/crtbegin.o
 *(.init)
 .init          0x0000000008005d1c        0x4 d:/st/stm32cubeide_1.11.0/stm32cubeide/plugins/com.st.stm32cube.ide.mcu.externaltools.gnu-tools-for-stm32.10.3-2021.10.win32_1.0.100.202210260954/tools/bin/../lib/gcc/arm-none-eabi/10.3.1/thumb/v7e-m+fp/hard/crti.o
                0x0000000008005d1c                _init
 .init          0x0000000008005d20        0x8 d:/st/stm32cubeide_1.11.0/stm32cubeide/plugins/com.st.stm32cube.ide.mcu.externaltools.gnu-tools-for-stm32.10.3-2021.10.win32_1.0.100.202210260954/tools/bin/../lib/gcc/arm-none-eabi/10.3.1/thumb/v7e-m+fp/hard/crtn.o
 *(.fini)
 .fini          0x0000000008005d28        0x4 d:/st/stm32cubeide_1.11.0/stm32cubeide/plugins/com.st.stm32cube.ide.mcu.externaltools.gnu-tools-for-stm32.10.3-2021.10.win32_1.0.100.202210260954/tools/bin/../lib/gcc/arm-none-eabi/10.3.1/thumb/v7e-m+fp/hard/crti.o
                0x0000000008005d28                _fini
 .fini          0x0000000008005d2c        0x8 d:/st/stm32cubeide_1.11.0/stm32cubeide/plugins/com.st.stm32cube.ide.mcu.externaltools.gnu-tools-for-stm32.10.3-2021.10.win32_1.0.100.202210260954/tools/bin/../lib/gcc/arm-none-eabi/10.3.1/thumb/v7e-m+fp/hard/crtn.o
                0x0000000008005d34                . = ALIGN (0x4)
                0x0000000008005d34                _etext = .

.vfp11_veneer   0x0000000008005d34        0x0
 .vfp11_veneer  0x0000000008005d34        0x0 linker stubs

.v4_bx          0x0000000008005d34        0x0
 .v4_bx         0x0000000008005d34        0x0 linker stubs

.iplt           0x0000000008005d34        0x0
 .iplt          0x0000000008005d34        0x0 d:/st/stm32cubeide_1.11.0/stm32cubeide/plugins/com.st.stm32cube.ide.mcu.externaltools.gnu-tools-for-stm32.10.3-2021.10.win32_1.0.100.202210260954/tools/bin/../lib/gcc/arm-none-eabi/10.3.1/thumb/v7e-m+fp/hard/crtbegin.o

.rodata         0x0000000008005d34      0x148
                0x0000000008005d34                . = ALIGN (0x4)
 *(.rodata)
 .rodata        0x0000000008005d34       0x36 ./Core/Src/main.o
 *fill*         0x0000000008005d6a        0x2 
 .rodata        0x0000000008005d6c       0xb1 ./FreeRTOS/tasks.o
 *fill*         0x0000000008005e1d        0x3 
 .rodata        0x0000000008005e20        0xd ./FreeRTOS/timers.o
 *(.rodata*)
 *fill*         0x0000000008005e2d        0x3 
 .rodata.AHBPrescTable
                0x0000000008005e30       0x10 ./Core/Src/system_stm32f4xx.o
                0x0000000008005e30                AHBPrescTable
 .rodata.APBPrescTable
                0x0000000008005e40        0x8 ./Core/Src/system_stm32f4xx.o
                0x0000000008005e40                APBPrescTable
 .rodata._svfprintf_r.str1.1
                0x0000000008005e48       0x11 d:/st/stm32cubeide_1.11.0/stm32cubeide/plugins/com.st.stm32cube.ide.mcu.externaltools.gnu-tools-for-stm32.10.3-2021.10.win32_1.0.100.202210260954/tools/bin/../lib/gcc/arm-none-eabi/10.3.1/../../../../arm-none-eabi/lib/thumb/v7e-m+fp/hard\libc_nano.a(lib_a-nano-svfprintf.o)
 .rodata._printf_i.str1.1
                0x0000000008005e59       0x22 d:/st/stm32cubeide_1.11.0/stm32cubeide/plugins/com.st.stm32cube.ide.mcu.externaltools.gnu-tools-for-stm32.10.3-2021.10.win32_1.0.100.202210260954/tools/bin/../lib/gcc/arm-none-eabi/10.3.1/../../../../arm-none-eabi/lib/thumb/v7e-m+fp/hard\libc_nano.a(lib_a-nano-vfprintf_i.o)
                0x0000000008005e7c                . = ALIGN (0x4)
 *fill*         0x0000000008005e7b        0x1 

.ARM.extab      0x0000000008005e7c        0x0
                0x0000000008005e7c                . = ALIGN (0x4)
 *(.ARM.extab* .gnu.linkonce.armextab.*)
                0x0000000008005e7c                . = ALIGN (0x4)

.ARM            0x0000000008005e7c        0x8
                0x0000000008005e7c                . = ALIGN (0x4)
                0x0000000008005e7c                __exidx_start = .
 *(.ARM.exidx*)
 .ARM.exidx     0x0000000008005e7c        0x8 d:/st/stm32cubeide_1.11.0/stm32cubeide/plugins/com.st.stm32cube.ide.mcu.externaltools.gnu-tools-for-stm32.10.3-2021.10.win32_1.0.100.202210260954/tools/bin/../lib/gcc/arm-none-eabi/10.3.1/thumb/v7e-m+fp/hard\libgcc.a(_udivmoddi4.o)
                0x0000000008005e84                __exidx_end = .
                0x0000000008005e84                . = ALIGN (0x4)

.rel.dyn        0x0000000008005e84        0x0
 .rel.iplt      0x0000000008005e84        0x0 d:/st/stm32cubeide_1.11.0/stm32cubeide/plugins/com.st.stm32cube.ide.mcu.externaltools.gnu-tools-for-stm32.10.3-2021.10.win32_1.0.100.202210260954/tools/bin/../lib/gcc/arm-none-eabi/10.3.1/thumb/v7e-m+fp/hard/crtbegin.o

.preinit_array  0x0000000008005e84        0x0
                0x0000000008005e84                . = ALIGN (0x4)
                0x0000000008005e84                PROVIDE (__preinit_array_start = .)
 *(.preinit_array*)
                0x0000000008005e84                PROVIDE (__preinit_array_end = .)
                0x0000000008005e84                . = ALIGN (0x4)

.init_array     0x0000000008005e84        0x4
                0x0000000008005e84                . = ALIGN (0x4)
                0x0000000008005e84                PROVIDE (__init_array_start = .)
 *(SORT_BY_NAME(.init_array.*))
 *(.init_array*)
 .init_array    0x0000000008005e84        0x4 d:/st/stm32cubeide_1.11.0/stm32cubeide/plugins/com.st.stm32cube.ide.mcu.externaltools.gnu-tools-for-stm32.10.3-2021.10.win32_1.0.100.202210260954/tools/bin/../lib/gcc/arm-none-eabi/10.3.1/thumb/v7e-m+fp/hard/crtbegin.o
                0x0000000008005e88                PROVIDE (__init_array_end = .)
                0x0000000008005e88                . = ALIGN (0x4)

.fini_array     0x0000000008005e88        0x4
                0x0000000008005e88                . = ALIGN (0x4)
                [!provide]                        PROVIDE (__fini_array_start = .)
 *(SORT_BY_NAME(.fini_array.*))
 *(.fini_array*)
 .fini_array    0x0000000008005e88        0x4 d:/st/stm32cubeide_1.11.0/stm32cubeide/plugins/com.st.stm32cube.ide.mcu.externaltools.gnu-tools-for-stm32.10.3-2021.10.win32_1.0.100.202210260954/tools/bin/../lib/gcc/arm-none-eabi/10.3.1/thumb/v7e-m+fp/hard/crtbegin.o
                [!provide]                        PROVIDE (__fini_array_end = .)
                0x0000000008005e8c                . = ALIGN (0x4)
                0x0000000008005e8c                _sidata = LOADADDR (.data)

.data           0x0000000020000000       0x74 load address 0x0000000008005e8c
                0x0000000020000000                . = ALIGN (0x4)
                0x0000000020000000                _sdata = .
 *(.data)
 *(.data*)
 .data.SystemCoreClock
                0x0000000020000000        0x4 ./Core/Src/system_stm32f4xx.o
                0x0000000020000000                SystemCoreClock
 .data.uwTickPrio
                0x0000000020000004        0x4 ./Drivers/STM32F4xx_HAL_Driver/Src/stm32f4xx_hal.o
                0x0000000020000004                uwTickPrio
 .data.uwTickFreq
                0x0000000020000008        0x1 ./Drivers/STM32F4xx_HAL_Driver/Src/stm32f4xx_hal.o
                0x0000000020000008                uwTickFreq
 *fill*         0x0000000020000009        0x3 
 .data.uxCriticalNesting
                0x000000002000000c        0x4 ./FreeRTOS/portable/ARM_CM4F/port.o
 .data._impure_ptr
                0x0000000020000010        0x4 d:/st/stm32cubeide_1.11.0/stm32cubeide/plugins/com.st.stm32cube.ide.mcu.externaltools.gnu-tools-for-stm32.10.3-2021.10.win32_1.0.100.202210260954/tools/bin/../lib/gcc/arm-none-eabi/10.3.1/../../../../arm-none-eabi/lib/thumb/v7e-m+fp/hard\libc_nano.a(lib_a-impure.o)
                0x0000000020000010                _impure_ptr
 .data.impure_data
                0x0000000020000014       0x60 d:/st/stm32cubeide_1.11.0/stm32cubeide/plugins/com.st.stm32cube.ide.mcu.externaltools.gnu-tools-for-stm32.10.3-2021.10.win32_1.0.100.202210260954/tools/bin/../lib/gcc/arm-none-eabi/10.3.1/../../../../arm-none-eabi/lib/thumb/v7e-m+fp/hard\libc_nano.a(lib_a-impure.o)
 *(.RamFunc)
 *(.RamFunc*)
                0x0000000020000074                . = ALIGN (0x4)
                0x0000000020000074                _edata = .
                0x0000000008005f00                _siccmram = LOADADDR (.ccmram)

.igot.plt       0x0000000020000074        0x0 load address 0x0000000008005f00
 .igot.plt      0x0000000020000074        0x0 d:/st/stm32cubeide_1.11.0/stm32cubeide/plugins/com.st.stm32cube.ide.mcu.externaltools.gnu-tools-for-stm32.10.3-2021.10.win32_1.0.100.202210260954/tools/bin/../lib/gcc/arm-none-eabi/10.3.1/thumb/v7e-m+fp/hard/crtbegin.o

.ccmram         0x0000000010000000        0x0 load address 0x0000000008005f00
                0x0000000010000000                . = ALIGN (0x4)
                0x0000000010000000                _sccmram = .
 *(.ccmram)
 *(.ccmram*)
                0x0000000010000000                . = ALIGN (0x4)
                0x0000000010000000                _eccmram = .
                0x0000000010000000                . = ALIGN (0x4)

.bss            0x0000000020000074    0x12f38
                0x0000000020000074                _sbss = .
                0x0000000020000074                __bss_start__ = _sbss
 *(.bss)
 .bss           0x0000000020000074       0x1c d:/st/stm32cubeide_1.11.0/stm32cubeide/plugins/com.st.stm32cube.ide.mcu.externaltools.gnu-tools-for-stm32.10.3-2021.10.win32_1.0.100.202210260954/tools/bin/../lib/gcc/arm-none-eabi/10.3.1/thumb/v7e-m+fp/hard/crtbegin.o
 *(.bss*)
 .bss.huart2    0x0000000020000090       0x44 ./Core/Src/main.o
                0x0000000020000090                huart2
 .bss.xS1Handle
                0x00000000200000d4        0x4 ./Core/Src/main.o
                0x00000000200000d4                xS1Handle
 .bss.xS2Handle
                0x00000000200000d8        0x4 ./Core/Src/main.o
                0x00000000200000d8                xS2Handle
 .bss.xS3Handle
                0x00000000200000dc        0x4 ./Core/Src/main.o
                0x00000000200000dc                xS3Handle
 .bss.xS4Handle
                0x00000000200000e0        0x4 ./Core/Src/main.o
                0x00000000200000e0                xS4Handle
 .bss.htim7     0x00000000200000e4       0x48 ./Core/Src/stm32f4xx_hal_timebase_tim.o
                0x00000000200000e4                htim7
 .bss.__sbrk_heap_end
                0x000000002000012c        0x4 ./Core/Src/sysmem.o
 .bss.uwTick    0x0000000020000130        0x4 ./Drivers/STM32F4xx_HAL_Driver/Src/stm32f4xx_hal.o
                0x0000000020000130                uwTick
 .bss.xQueueRegistry
                0x0000000020000134       0x40 ./FreeRTOS/queue.o
                0x0000000020000134                xQueueRegistry
 .bss.pxCurrentTCB
                0x0000000020000174        0x4 ./FreeRTOS/tasks.o
                0x0000000020000174                pxCurrentTCB
 .bss.pxReadyTasksLists
                0x0000000020000178      0x12c ./FreeRTOS/tasks.o
 .bss.xDelayedTaskList1
                0x00000000200002a4       0x14 ./FreeRTOS/tasks.o
 .bss.xDelayedTaskList2
                0x00000000200002b8       0x14 ./FreeRTOS/tasks.o
 .bss.pxDelayedTaskList
                0x00000000200002cc        0x4 ./FreeRTOS/tasks.o
 .bss.pxOverflowDelayedTaskList
                0x00000000200002d0        0x4 ./FreeRTOS/tasks.o
 .bss.xPendingReadyList
                0x00000000200002d4       0x14 ./FreeRTOS/tasks.o
 .bss.xTasksWaitingTermination
                0x00000000200002e8       0x14 ./FreeRTOS/tasks.o
 .bss.uxDeletedTasksWaitingCleanUp
                0x00000000200002fc        0x4 ./FreeRTOS/tasks.o
 .bss.xSuspendedTaskList
                0x0000000020000300       0x14 ./FreeRTOS/tasks.o
 .bss.uxCurrentNumberOfTasks
                0x0000000020000314        0x4 ./FreeRTOS/tasks.o
 .bss.xTickCount
                0x0000000020000318        0x4 ./FreeRTOS/tasks.o
 .bss.uxTopReadyPriority
                0x000000002000031c        0x4 ./FreeRTOS/tasks.o
 .bss.xSchedulerRunning
                0x0000000020000320        0x4 ./FreeRTOS/tasks.o
 .bss.uxPendedTicks
                0x0000000020000324        0x4 ./FreeRTOS/tasks.o
 .bss.xYieldPending
                0x0000000020000328        0x4 ./FreeRTOS/tasks.o
 .bss.xNumOfOverflows
                0x000000002000032c        0x4 ./FreeRTOS/tasks.o
 .bss.uxTaskNumber
                0x0000000020000330        0x4 ./FreeRTOS/tasks.o
 .bss.xNextTaskUnblockTime
                0x0000000020000334        0x4 ./FreeRTOS/tasks.o
 .bss.xIdleTaskHandle
                0x0000000020000338        0x4 ./FreeRTOS/tasks.o
 .bss.uxSchedulerSuspended
                0x000000002000033c        0x4 ./FreeRTOS/tasks.o
 .bss.xActiveTimerList1
                0x0000000020000340       0x14 ./FreeRTOS/timers.o
 .bss.xActiveTimerList2
                0x0000000020000354       0x14 ./FreeRTOS/timers.o
 .bss.pxCurrentTimerList
                0x0000000020000368        0x4 ./FreeRTOS/timers.o
 .bss.pxOverflowTimerList
                0x000000002000036c        0x4 ./FreeRTOS/timers.o
 .bss.xTimerQueue
                0x0000000020000370        0x4 ./FreeRTOS/timers.o
 .bss.xTimerTaskHandle
                0x0000000020000374        0x4 ./FreeRTOS/timers.o
 .bss.xLastTime.0
                0x0000000020000378        0x4 ./FreeRTOS/timers.o
 .bss.ucMaxSysCallPriority
                0x000000002000037c        0x1 ./FreeRTOS/portable/ARM_CM4F/port.o
 *fill*         0x000000002000037d        0x3 
 .bss.ulMaxPRIGROUPValue
                0x0000000020000380        0x4 ./FreeRTOS/portable/ARM_CM4F/port.o
 .bss.ucHeap    0x0000000020000384    0x12c00 ./FreeRTOS/portable/MemMang/heap_4.o
 .bss.xStart    0x0000000020012f84        0x8 ./FreeRTOS/portable/MemMang/heap_4.o
 .bss.pxEnd     0x0000000020012f8c        0x4 ./FreeRTOS/portable/MemMang/heap_4.o
 .bss.xFreeBytesRemaining
                0x0000000020012f90        0x4 ./FreeRTOS/portable/MemMang/heap_4.o
 .bss.xMinimumEverFreeBytesRemaining
                0x0000000020012f94        0x4 ./FreeRTOS/portable/MemMang/heap_4.o
 .bss.xBlockAllocatedBit
                0x0000000020012f98        0x4 ./FreeRTOS/portable/MemMang/heap_4.o
 .bss.__malloc_free_list
                0x0000000020012f9c        0x4 d:/st/stm32cubeide_1.11.0/stm32cubeide/plugins/com.st.stm32cube.ide.mcu.externaltools.gnu-tools-for-stm32.10.3-2021.10.win32_1.0.100.202210260954/tools/bin/../lib/gcc/arm-none-eabi/10.3.1/../../../../arm-none-eabi/lib/thumb/v7e-m+fp/hard\libc_nano.a(lib_a-nano-mallocr.o)
                0x0000000020012f9c                __malloc_free_list
 .bss.__malloc_sbrk_start
                0x0000000020012fa0        0x4 d:/st/stm32cubeide_1.11.0/stm32cubeide/plugins/com.st.stm32cube.ide.mcu.externaltools.gnu-tools-for-stm32.10.3-2021.10.win32_1.0.100.202210260954/tools/bin/../lib/gcc/arm-none-eabi/10.3.1/../../../../arm-none-eabi/lib/thumb/v7e-m+fp/hard\libc_nano.a(lib_a-nano-mallocr.o)
                0x0000000020012fa0                __malloc_sbrk_start
 .bss.errno     0x0000000020012fa4        0x4 d:/st/stm32cubeide_1.11.0/stm32cubeide/plugins/com.st.stm32cube.ide.mcu.externaltools.gnu-tools-for-stm32.10.3-2021.10.win32_1.0.100.202210260954/tools/bin/../lib/gcc/arm-none-eabi/10.3.1/../../../../arm-none-eabi/lib/thumb/v7e-m+fp/hard\libc_nano.a(lib_a-reent.o)
                0x0000000020012fa4                errno
 .bss.__lock___malloc_recursive_mutex
                0x0000000020012fa8        0x1 d:/st/stm32cubeide_1.11.0/stm32cubeide/plugins/com.st.stm32cube.ide.mcu.externaltools.gnu-tools-for-stm32.10.3-2021.10.win32_1.0.100.202210260954/tools/bin/../lib/gcc/arm-none-eabi/10.3.1/../../../../arm-none-eabi/lib/thumb/v7e-m+fp/hard\libc_nano.a(lib_a-lock.o)
                0x0000000020012fa8                __lock___malloc_recursive_mutex
 *(COMMON)
                0x0000000020012fac                . = ALIGN (0x4)
 *fill*         0x0000000020012fa9        0x3 
                0x0000000020012fac                _ebss = .
                0x0000000020012fac                __bss_end__ = _ebss

._user_heap_stack
                0x0000000020012fac      0x604
                0x0000000020012fb0                . = ALIGN (0x8)
 *fill*         0x0000000020012fac        0x4 
                [!provide]                        PROVIDE (end = .)
                0x0000000020012fb0                PROVIDE (_end = .)
                0x00000000200131b0                . = (. + _Min_Heap_Size)
 *fill*         0x0000000020012fb0      0x200 
                0x00000000200135b0                . = (. + _Min_Stack_Size)
 *fill*         0x00000000200131b0      0x400 
                0x00000000200135b0                . = ALIGN (0x8)

/DISCARD/
 libc.a(*)
 libm.a(*)
 libgcc.a(*)

.ARM.attributes
                0x0000000000000000       0x30
 *(.ARM.attributes)
 .ARM.attributes
                0x0000000000000000       0x1e d:/st/stm32cubeide_1.11.0/stm32cubeide/plugins/com.st.stm32cube.ide.mcu.externaltools.gnu-tools-for-stm32.10.3-2021.10.win32_1.0.100.202210260954/tools/bin/../lib/gcc/arm-none-eabi/10.3.1/thumb/v7e-m+fp/hard/crti.o
 .ARM.attributes
                0x000000000000001e       0x34 d:/st/stm32cubeide_1.11.0/stm32cubeide/plugins/com.st.stm32cube.ide.mcu.externaltools.gnu-tools-for-stm32.10.3-2021.10.win32_1.0.100.202210260954/tools/bin/../lib/gcc/arm-none-eabi/10.3.1/thumb/v7e-m+fp/hard/crtbegin.o
 .ARM.attributes
                0x0000000000000052       0x34 ./Core/Src/main.o
 .ARM.attributes
                0x0000000000000086       0x34 ./Core/Src/stm32f4xx_hal_msp.o
 .ARM.attributes
                0x00000000000000ba       0x34 ./Core/Src/stm32f4xx_hal_timebase_tim.o
 .ARM.attributes
                0x00000000000000ee       0x34 ./Core/Src/stm32f4xx_it.o
 .ARM.attributes
                0x0000000000000122       0x34 ./Core/Src/sysmem.o
 .ARM.attributes
                0x0000000000000156       0x34 ./Core/Src/system_stm32f4xx.o
 .ARM.attributes
                0x000000000000018a       0x21 ./Core/Startup/startup_stm32f407vgtx.o
 .ARM.attributes
                0x00000000000001ab       0x34 ./Drivers/STM32F4xx_HAL_Driver/Src/stm32f4xx_hal.o
 .ARM.attributes
                0x00000000000001df       0x34 ./Drivers/STM32F4xx_HAL_Driver/Src/stm32f4xx_hal_cortex.o
 .ARM.attributes
                0x0000000000000213       0x34 ./Drivers/STM32F4xx_HAL_Driver/Src/stm32f4xx_hal_gpio.o
 .ARM.attributes
                0x0000000000000247       0x34 ./Drivers/STM32F4xx_HAL_Driver/Src/stm32f4xx_hal_rcc.o
 .ARM.attributes
                0x000000000000027b       0x34 ./Drivers/STM32F4xx_HAL_Driver/Src/stm32f4xx_hal_tim.o
 .ARM.attributes
                0x00000000000002af       0x34 ./Drivers/STM32F4xx_HAL_Driver/Src/stm32f4xx_hal_tim_ex.o
 .ARM.attributes
                0x00000000000002e3       0x34 ./Drivers/STM32F4xx_HAL_Driver/Src/stm32f4xx_hal_uart.o
 .ARM.attributes
                0x0000000000000317       0x34 ./FreeRTOS/list.o
 .ARM.attributes
                0x000000000000034b       0x34 ./FreeRTOS/queue.o
 .ARM.attributes
                0x000000000000037f       0x34 ./FreeRTOS/tasks.o
 .ARM.attributes
                0x00000000000003b3       0x34 ./FreeRTOS/timers.o
 .ARM.attributes
                0x00000000000003e7       0x34 ./FreeRTOS/portable/ARM_CM4F/port.o
 .ARM.attributes
                0x000000000000041b       0x34 ./FreeRTOS/portable/MemMang/heap_4.o
 .ARM.attributes
                0x000000000000044f       0x34 d:/st/stm32cubeide_1.11.0/stm32cubeide/plugins/com.st.stm32cube.ide.mcu.externaltools.gnu-tools-for-stm32.10.3-2021.10.win32_1.0.100.202210260954/tools/bin/../lib/gcc/arm-none-eabi/10.3.1/../../../../arm-none-eabi/lib/thumb/v7e-m+fp/hard\libc_nano.a(lib_a-errno.o)
 .ARM.attributes
                0x0000000000000483       0x34 d:/st/stm32cubeide_1.11.0/stm32cubeide/plugins/com.st.stm32cube.ide.mcu.externaltools.gnu-tools-for-stm32.10.3-2021.10.win32_1.0.100.202210260954/tools/bin/../lib/gcc/arm-none-eabi/10.3.1/../../../../arm-none-eabi/lib/thumb/v7e-m+fp/hard\libc_nano.a(lib_a-impure.o)
 .ARM.attributes
                0x00000000000004b7       0x34 d:/st/stm32cubeide_1.11.0/stm32cubeide/plugins/com.st.stm32cube.ide.mcu.externaltools.gnu-tools-for-stm32.10.3-2021.10.win32_1.0.100.202210260954/tools/bin/../lib/gcc/arm-none-eabi/10.3.1/../../../../arm-none-eabi/lib/thumb/v7e-m+fp/hard\libc_nano.a(lib_a-init.o)
 .ARM.attributes
                0x00000000000004eb       0x34 d:/st/stm32cubeide_1.11.0/stm32cubeide/plugins/com.st.stm32cube.ide.mcu.externaltools.gnu-tools-for-stm32.10.3-2021.10.win32_1.0.100.202210260954/tools/bin/../lib/gcc/arm-none-eabi/10.3.1/../../../../arm-none-eabi/lib/thumb/v7e-m+fp/hard\libc_nano.a(lib_a-memcpy-stub.o)
 .ARM.attributes
                0x000000000000051f       0x34 d:/st/stm32cubeide_1.11.0/stm32cubeide/plugins/com.st.stm32cube.ide.mcu.externaltools.gnu-tools-for-stm32.10.3-2021.10.win32_1.0.100.202210260954/tools/bin/../lib/gcc/arm-none-eabi/10.3.1/../../../../arm-none-eabi/lib/thumb/v7e-m+fp/hard\libc_nano.a(lib_a-memset.o)
 .ARM.attributes
                0x0000000000000553       0x34 d:/st/stm32cubeide_1.11.0/stm32cubeide/plugins/com.st.stm32cube.ide.mcu.externaltools.gnu-tools-for-stm32.10.3-2021.10.win32_1.0.100.202210260954/tools/bin/../lib/gcc/arm-none-eabi/10.3.1/../../../../arm-none-eabi/lib/thumb/v7e-m+fp/hard\libc_nano.a(lib_a-sprintf.o)
 .ARM.attributes
                0x0000000000000587       0x17 d:/st/stm32cubeide_1.11.0/stm32cubeide/plugins/com.st.stm32cube.ide.mcu.externaltools.gnu-tools-for-stm32.10.3-2021.10.win32_1.0.100.202210260954/tools/bin/../lib/gcc/arm-none-eabi/10.3.1/../../../../arm-none-eabi/lib/thumb/v7e-m+fp/hard\libc_nano.a(lib_a-strlen.o)
 .ARM.attributes
                0x000000000000059e       0x34 d:/st/stm32cubeide_1.11.0/stm32cubeide/plugins/com.st.stm32cube.ide.mcu.externaltools.gnu-tools-for-stm32.10.3-2021.10.win32_1.0.100.202210260954/tools/bin/../lib/gcc/arm-none-eabi/10.3.1/../../../../arm-none-eabi/lib/thumb/v7e-m+fp/hard\libc_nano.a(lib_a-nano-svfprintf.o)
 .ARM.attributes
                0x00000000000005d2       0x34 d:/st/stm32cubeide_1.11.0/stm32cubeide/plugins/com.st.stm32cube.ide.mcu.externaltools.gnu-tools-for-stm32.10.3-2021.10.win32_1.0.100.202210260954/tools/bin/../lib/gcc/arm-none-eabi/10.3.1/../../../../arm-none-eabi/lib/thumb/v7e-m+fp/hard\libc_nano.a(lib_a-nano-vfprintf_i.o)
 .ARM.attributes
                0x0000000000000606       0x1c d:/st/stm32cubeide_1.11.0/stm32cubeide/plugins/com.st.stm32cube.ide.mcu.externaltools.gnu-tools-for-stm32.10.3-2021.10.win32_1.0.100.202210260954/tools/bin/../lib/gcc/arm-none-eabi/10.3.1/../../../../arm-none-eabi/lib/thumb/v7e-m+fp/hard\libc_nano.a(lib_a-memchr.o)
 .ARM.attributes
                0x0000000000000622       0x34 d:/st/stm32cubeide_1.11.0/stm32cubeide/plugins/com.st.stm32cube.ide.mcu.externaltools.gnu-tools-for-stm32.10.3-2021.10.win32_1.0.100.202210260954/tools/bin/../lib/gcc/arm-none-eabi/10.3.1/../../../../arm-none-eabi/lib/thumb/v7e-m+fp/hard\libc_nano.a(lib_a-memmove.o)
 .ARM.attributes
                0x0000000000000656       0x34 d:/st/stm32cubeide_1.11.0/stm32cubeide/plugins/com.st.stm32cube.ide.mcu.externaltools.gnu-tools-for-stm32.10.3-2021.10.win32_1.0.100.202210260954/tools/bin/../lib/gcc/arm-none-eabi/10.3.1/../../../../arm-none-eabi/lib/thumb/v7e-m+fp/hard\libc_nano.a(lib_a-nano-freer.o)
 .ARM.attributes
                0x000000000000068a       0x34 d:/st/stm32cubeide_1.11.0/stm32cubeide/plugins/com.st.stm32cube.ide.mcu.externaltools.gnu-tools-for-stm32.10.3-2021.10.win32_1.0.100.202210260954/tools/bin/../lib/gcc/arm-none-eabi/10.3.1/../../../../arm-none-eabi/lib/thumb/v7e-m+fp/hard\libc_nano.a(lib_a-nano-mallocr.o)
 .ARM.attributes
                0x00000000000006be       0x34 d:/st/stm32cubeide_1.11.0/stm32cubeide/plugins/com.st.stm32cube.ide.mcu.externaltools.gnu-tools-for-stm32.10.3-2021.10.win32_1.0.100.202210260954/tools/bin/../lib/gcc/arm-none-eabi/10.3.1/../../../../arm-none-eabi/lib/thumb/v7e-m+fp/hard\libc_nano.a(lib_a-nano-reallocr.o)
 .ARM.attributes
                0x00000000000006f2       0x34 d:/st/stm32cubeide_1.11.0/stm32cubeide/plugins/com.st.stm32cube.ide.mcu.externaltools.gnu-tools-for-stm32.10.3-2021.10.win32_1.0.100.202210260954/tools/bin/../lib/gcc/arm-none-eabi/10.3.1/../../../../arm-none-eabi/lib/thumb/v7e-m+fp/hard\libc_nano.a(lib_a-sbrkr.o)
 .ARM.attributes
                0x0000000000000726       0x34 d:/st/stm32cubeide_1.11.0/stm32cubeide/plugins/com.st.stm32cube.ide.mcu.externaltools.gnu-tools-for-stm32.10.3-2021.10.win32_1.0.100.202210260954/tools/bin/../lib/gcc/arm-none-eabi/10.3.1/../../../../arm-none-eabi/lib/thumb/v7e-m+fp/hard\libc_nano.a(lib_a-mlock.o)
 .ARM.attributes
                0x000000000000075a       0x34 d:/st/stm32cubeide_1.11.0/stm32cubeide/plugins/com.st.stm32cube.ide.mcu.externaltools.gnu-tools-for-stm32.10.3-2021.10.win32_1.0.100.202210260954/tools/bin/../lib/gcc/arm-none-eabi/10.3.1/../../../../arm-none-eabi/lib/thumb/v7e-m+fp/hard\libc_nano.a(lib_a-nano-msizer.o)
 .ARM.attributes
                0x000000000000078e       0x34 d:/st/stm32cubeide_1.11.0/stm32cubeide/plugins/com.st.stm32cube.ide.mcu.externaltools.gnu-tools-for-stm32.10.3-2021.10.win32_1.0.100.202210260954/tools/bin/../lib/gcc/arm-none-eabi/10.3.1/../../../../arm-none-eabi/lib/thumb/v7e-m+fp/hard\libc_nano.a(lib_a-reent.o)
 .ARM.attributes
                0x00000000000007c2       0x34 d:/st/stm32cubeide_1.11.0/stm32cubeide/plugins/com.st.stm32cube.ide.mcu.externaltools.gnu-tools-for-stm32.10.3-2021.10.win32_1.0.100.202210260954/tools/bin/../lib/gcc/arm-none-eabi/10.3.1/../../../../arm-none-eabi/lib/thumb/v7e-m+fp/hard\libc_nano.a(lib_a-lock.o)
 .ARM.attributes
                0x00000000000007f6       0x1e d:/st/stm32cubeide_1.11.0/stm32cubeide/plugins/com.st.stm32cube.ide.mcu.externaltools.gnu-tools-for-stm32.10.3-2021.10.win32_1.0.100.202210260954/tools/bin/../lib/gcc/arm-none-eabi/10.3.1/thumb/v7e-m+fp/hard\libgcc.a(_aeabi_uldivmod.o)
 .ARM.attributes
                0x0000000000000814       0x34 d:/st/stm32cubeide_1.11.0/stm32cubeide/plugins/com.st.stm32cube.ide.mcu.externaltools.gnu-tools-for-stm32.10.3-2021.10.win32_1.0.100.202210260954/tools/bin/../lib/gcc/arm-none-eabi/10.3.1/thumb/v7e-m+fp/hard\libgcc.a(_udivmoddi4.o)
 .ARM.attributes
                0x0000000000000848       0x1e d:/st/stm32cubeide_1.11.0/stm32cubeide/plugins/com.st.stm32cube.ide.mcu.externaltools.gnu-tools-for-stm32.10.3-2021.10.win32_1.0.100.202210260954/tools/bin/../lib/gcc/arm-none-eabi/10.3.1/thumb/v7e-m+fp/hard\libgcc.a(_dvmd_tls.o)
 .ARM.attributes
                0x0000000000000866       0x1e d:/st/stm32cubeide_1.11.0/stm32cubeide/plugins/com.st.stm32cube.ide.mcu.externaltools.gnu-tools-for-stm32.10.3-2021.10.win32_1.0.100.202210260954/tools/bin/../lib/gcc/arm-none-eabi/10.3.1/thumb/v7e-m+fp/hard/crtn.o
OUTPUT(lab0.elf elf32-littlearm)
LOAD linker stubs
LOAD d:/st/stm32cubeide_1.11.0/stm32cubeide/plugins/com.st.stm32cube.ide.mcu.externaltools.gnu-tools-for-stm32.10.3-2021.10.win32_1.0.100.202210260954/tools/bin/../lib/gcc/arm-none-eabi/10.3.1/../../../../arm-none-eabi/lib/thumb/v7e-m+fp/hard\libc.a
LOAD d:/st/stm32cubeide_1.11.0/stm32cubeide/plugins/com.st.stm32cube.ide.mcu.externaltools.gnu-tools-for-stm32.10.3-2021.10.win32_1.0.100.202210260954/tools/bin/../lib/gcc/arm-none-eabi/10.3.1/../../../../arm-none-eabi/lib/thumb/v7e-m+fp/hard\libm.a
LOAD d:/st/stm32cubeide_1.11.0/stm32cubeide/plugins/com.st.stm32cube.ide.mcu.externaltools.gnu-tools-for-stm32.10.3-2021.10.win32_1.0.100.202210260954/tools/bin/../lib/gcc/arm-none-eabi/10.3.1/thumb/v7e-m+fp/hard\libgcc.a

.debug_info     0x0000000000000000    0x12d3c
 .debug_info    0x0000000000000000     0x148f ./Core/Src/main.o
 .debug_info    0x000000000000148f      0x96b ./Core/Src/stm32f4xx_hal_msp.o
 .debug_info    0x0000000000001dfa      0xc4b ./Core/Src/stm32f4xx_hal_timebase_tim.o
 .debug_info    0x0000000000002a45      0x734 ./Core/Src/stm32f4xx_it.o
 .debug_info    0x0000000000003179      0x171 ./Core/Src/sysmem.o
 .debug_info    0x00000000000032ea      0x523 ./Core/Src/system_stm32f4xx.o
 .debug_info    0x000000000000380d       0x22 ./Core/Startup/startup_stm32f407vgtx.o
 .debug_info    0x000000000000382f      0x97c ./Drivers/STM32F4xx_HAL_Driver/Src/stm32f4xx_hal.o
 .debug_info    0x00000000000041ab      0xe1b ./Drivers/STM32F4xx_HAL_Driver/Src/stm32f4xx_hal_cortex.o
 .debug_info    0x0000000000004fc6      0x76a ./Drivers/STM32F4xx_HAL_Driver/Src/stm32f4xx_hal_gpio.o
 .debug_info    0x0000000000005730      0x966 ./Drivers/STM32F4xx_HAL_Driver/Src/stm32f4xx_hal_rcc.o
 .debug_info    0x0000000000006096     0x2bbe ./Drivers/STM32F4xx_HAL_Driver/Src/stm32f4xx_hal_tim.o
 .debug_info    0x0000000000008c54     0x15e0 ./Drivers/STM32F4xx_HAL_Driver/Src/stm32f4xx_hal_tim_ex.o
 .debug_info    0x000000000000a234     0x31bc ./Drivers/STM32F4xx_HAL_Driver/Src/stm32f4xx_hal_uart.o
 .debug_info    0x000000000000d3f0      0x2d1 ./FreeRTOS/list.o
 .debug_info    0x000000000000d6c1     0x184e ./FreeRTOS/queue.o
 .debug_info    0x000000000000ef0f     0x26a7 ./FreeRTOS/tasks.o
 .debug_info    0x00000000000115b6      0xe77 ./FreeRTOS/timers.o
 .debug_info    0x000000000001242d      0x525 ./FreeRTOS/portable/ARM_CM4F/port.o
 .debug_info    0x0000000000012952      0x3ea ./FreeRTOS/portable/MemMang/heap_4.o

.debug_abbrev   0x0000000000000000     0x2a7b
 .debug_abbrev  0x0000000000000000      0x30c ./Core/Src/main.o
 .debug_abbrev  0x000000000000030c      0x19b ./Core/Src/stm32f4xx_hal_msp.o
 .debug_abbrev  0x00000000000004a7      0x1e6 ./Core/Src/stm32f4xx_hal_timebase_tim.o
 .debug_abbrev  0x000000000000068d      0x186 ./Core/Src/stm32f4xx_it.o
 .debug_abbrev  0x0000000000000813       0xbb ./Core/Src/sysmem.o
 .debug_abbrev  0x00000000000008ce      0x116 ./Core/Src/system_stm32f4xx.o
 .debug_abbrev  0x00000000000009e4       0x12 ./Core/Startup/startup_stm32f407vgtx.o
 .debug_abbrev  0x00000000000009f6      0x20d ./Drivers/STM32F4xx_HAL_Driver/Src/stm32f4xx_hal.o
 .debug_abbrev  0x0000000000000c03      0x316 ./Drivers/STM32F4xx_HAL_Driver/Src/stm32f4xx_hal_cortex.o
 .debug_abbrev  0x0000000000000f19      0x1c4 ./Drivers/STM32F4xx_HAL_Driver/Src/stm32f4xx_hal_gpio.o
 .debug_abbrev  0x00000000000010dd      0x2aa ./Drivers/STM32F4xx_HAL_Driver/Src/stm32f4xx_hal_rcc.o
 .debug_abbrev  0x0000000000001387      0x25d ./Drivers/STM32F4xx_HAL_Driver/Src/stm32f4xx_hal_tim.o
 .debug_abbrev  0x00000000000015e4      0x265 ./Drivers/STM32F4xx_HAL_Driver/Src/stm32f4xx_hal_tim_ex.o
 .debug_abbrev  0x0000000000001849      0x2f4 ./Drivers/STM32F4xx_HAL_Driver/Src/stm32f4xx_hal_uart.o
 .debug_abbrev  0x0000000000001b3d       0xf2 ./FreeRTOS/list.o
 .debug_abbrev  0x0000000000001c2f      0x341 ./FreeRTOS/queue.o
 .debug_abbrev  0x0000000000001f70      0x3db ./FreeRTOS/tasks.o
 .debug_abbrev  0x000000000000234b      0x2d8 ./FreeRTOS/timers.o
 .debug_abbrev  0x0000000000002623      0x259 ./FreeRTOS/portable/ARM_CM4F/port.o
 .debug_abbrev  0x000000000000287c      0x1ff ./FreeRTOS/portable/MemMang/heap_4.o

.debug_aranges  0x0000000000000000     0x10b0
 .debug_aranges
                0x0000000000000000       0x68 ./Core/Src/main.o
 .debug_aranges
                0x0000000000000068       0x30 ./Core/Src/stm32f4xx_hal_msp.o
 .debug_aranges
                0x0000000000000098       0x30 ./Core/Src/stm32f4xx_hal_timebase_tim.o
 .debug_aranges
                0x00000000000000c8       0x58 ./Core/Src/stm32f4xx_it.o
 .debug_aranges
                0x0000000000000120       0x20 ./Core/Src/sysmem.o
 .debug_aranges
                0x0000000000000140       0x28 ./Core/Src/system_stm32f4xx.o
 .debug_aranges
                0x0000000000000168       0x28 ./Core/Startup/startup_stm32f407vgtx.o
 .debug_aranges
                0x0000000000000190       0xf0 ./Drivers/STM32F4xx_HAL_Driver/Src/stm32f4xx_hal.o
 .debug_aranges
                0x0000000000000280      0x118 ./Drivers/STM32F4xx_HAL_Driver/Src/stm32f4xx_hal_cortex.o
 .debug_aranges
                0x0000000000000398       0x58 ./Drivers/STM32F4xx_HAL_Driver/Src/stm32f4xx_hal_gpio.o
 .debug_aranges
                0x00000000000003f0       0x88 ./Drivers/STM32F4xx_HAL_Driver/Src/stm32f4xx_hal_rcc.o
 .debug_aranges
                0x0000000000000478      0x3d0 ./Drivers/STM32F4xx_HAL_Driver/Src/stm32f4xx_hal_tim.o
 .debug_aranges
                0x0000000000000848      0x168 ./Drivers/STM32F4xx_HAL_Driver/Src/stm32f4xx_hal_tim_ex.o
 .debug_aranges
                0x00000000000009b0      0x200 ./Drivers/STM32F4xx_HAL_Driver/Src/stm32f4xx_hal_uart.o
 .debug_aranges
                0x0000000000000bb0       0x40 ./FreeRTOS/list.o
 .debug_aranges
                0x0000000000000bf0      0x130 ./FreeRTOS/queue.o
 .debug_aranges
                0x0000000000000d20      0x1f0 ./FreeRTOS/tasks.o
 .debug_aranges
                0x0000000000000f10       0xd0 ./FreeRTOS/timers.o
 .debug_aranges
                0x0000000000000fe0       0x80 ./FreeRTOS/portable/ARM_CM4F/port.o
 .debug_aranges
                0x0000000000001060       0x50 ./FreeRTOS/portable/MemMang/heap_4.o

.debug_ranges   0x0000000000000000      0xfa8
 .debug_ranges  0x0000000000000000       0x58 ./Core/Src/main.o
 .debug_ranges  0x0000000000000058       0x20 ./Core/Src/stm32f4xx_hal_msp.o
 .debug_ranges  0x0000000000000078       0x20 ./Core/Src/stm32f4xx_hal_timebase_tim.o
 .debug_ranges  0x0000000000000098       0x48 ./Core/Src/stm32f4xx_it.o
 .debug_ranges  0x00000000000000e0       0x10 ./Core/Src/sysmem.o
 .debug_ranges  0x00000000000000f0       0x18 ./Core/Src/system_stm32f4xx.o
 .debug_ranges  0x0000000000000108       0x20 ./Core/Startup/startup_stm32f407vgtx.o
 .debug_ranges  0x0000000000000128       0xe0 ./Drivers/STM32F4xx_HAL_Driver/Src/stm32f4xx_hal.o
 .debug_ranges  0x0000000000000208      0x108 ./Drivers/STM32F4xx_HAL_Driver/Src/stm32f4xx_hal_cortex.o
 .debug_ranges  0x0000000000000310       0x48 ./Drivers/STM32F4xx_HAL_Driver/Src/stm32f4xx_hal_gpio.o
 .debug_ranges  0x0000000000000358       0x78 ./Drivers/STM32F4xx_HAL_Driver/Src/stm32f4xx_hal_rcc.o
 .debug_ranges  0x00000000000003d0      0x3c0 ./Drivers/STM32F4xx_HAL_Driver/Src/stm32f4xx_hal_tim.o
 .debug_ranges  0x0000000000000790      0x158 ./Drivers/STM32F4xx_HAL_Driver/Src/stm32f4xx_hal_tim_ex.o
 .debug_ranges  0x00000000000008e8      0x220 ./Drivers/STM32F4xx_HAL_Driver/Src/stm32f4xx_hal_uart.o
 .debug_ranges  0x0000000000000b08       0x30 ./FreeRTOS/list.o
 .debug_ranges  0x0000000000000b38      0x120 ./FreeRTOS/queue.o
 .debug_ranges  0x0000000000000c58      0x1e0 ./FreeRTOS/tasks.o
 .debug_ranges  0x0000000000000e38       0xc0 ./FreeRTOS/timers.o
 .debug_ranges  0x0000000000000ef8       0x70 ./FreeRTOS/portable/ARM_CM4F/port.o
 .debug_ranges  0x0000000000000f68       0x40 ./FreeRTOS/portable/MemMang/heap_4.o

.debug_macro    0x0000000000000000    0x223e0
 .debug_macro   0x0000000000000000      0x264 ./Core/Src/main.o
 .debug_macro   0x0000000000000264      0xa78 ./Core/Src/main.o
 .debug_macro   0x0000000000000cdc      0x29b ./Core/Src/main.o
 .debug_macro   0x0000000000000f77       0x2e ./Core/Src/main.o
 .debug_macro   0x0000000000000fa5       0x2f ./Core/Src/main.o
 .debug_macro   0x0000000000000fd4       0x22 ./Core/Src/main.o
 .debug_macro   0x0000000000000ff6       0x8e ./Core/Src/main.o
 .debug_macro   0x0000000000001084       0x51 ./Core/Src/main.o
 .debug_macro   0x00000000000010d5      0x103 ./Core/Src/main.o
 .debug_macro   0x00000000000011d8       0x6a ./Core/Src/main.o
 .debug_macro   0x0000000000001242      0x1df ./Core/Src/main.o
 .debug_macro   0x0000000000001421       0x1c ./Core/Src/main.o
 .debug_macro   0x000000000000143d       0x22 ./Core/Src/main.o
 .debug_macro   0x000000000000145f       0xd9 ./Core/Src/main.o
 .debug_macro   0x0000000000001538     0x102d ./Core/Src/main.o
 .debug_macro   0x0000000000002565      0x11f ./Core/Src/main.o
 .debug_macro   0x0000000000002684    0x15e82 ./Core/Src/main.o
 .debug_macro   0x0000000000018506       0x6d ./Core/Src/main.o
 .debug_macro   0x0000000000018573     0x367e ./Core/Src/main.o
 .debug_macro   0x000000000001bbf1      0x174 ./Core/Src/main.o
 .debug_macro   0x000000000001bd65       0x5c ./Core/Src/main.o
 .debug_macro   0x000000000001bdc1      0x96b ./Core/Src/main.o
 .debug_macro   0x000000000001c72c      0x9fe ./Core/Src/main.o
 .debug_macro   0x000000000001d12a      0x115 ./Core/Src/main.o
 .debug_macro   0x000000000001d23f      0x13e ./Core/Src/main.o
 .debug_macro   0x000000000001d37d       0xa5 ./Core/Src/main.o
 .debug_macro   0x000000000001d422      0x174 ./Core/Src/main.o
 .debug_macro   0x000000000001d596      0x287 ./Core/Src/main.o
 .debug_macro   0x000000000001d81d       0x5f ./Core/Src/main.o
 .debug_macro   0x000000000001d87c      0x236 ./Core/Src/main.o
 .debug_macro   0x000000000001dab2      0x12c ./Core/Src/main.o
 .debug_macro   0x000000000001dbde      0x21e ./Core/Src/main.o
 .debug_macro   0x000000000001ddfc       0x2e ./Core/Src/main.o
 .debug_macro   0x000000000001de2a      0x11a ./Core/Src/main.o
 .debug_macro   0x000000000001df44       0x7e ./Core/Src/main.o
 .debug_macro   0x000000000001dfc2       0x89 ./Core/Src/main.o
 .debug_macro   0x000000000001e04b      0x8e6 ./Core/Src/main.o
 .debug_macro   0x000000000001e931       0x47 ./Core/Src/main.o
 .debug_macro   0x000000000001e978      0x295 ./Core/Src/main.o
 .debug_macro   0x000000000001ec0d      0x12d ./Core/Src/main.o
 .debug_macro   0x000000000001ed3a      0x184 ./Core/Src/main.o
 .debug_macro   0x000000000001eebe      0x10c ./Core/Src/main.o
 .debug_macro   0x000000000001efca      0x15a ./Core/Src/main.o
 .debug_macro   0x000000000001f124       0xe4 ./Core/Src/main.o
 .debug_macro   0x000000000001f208       0x1c ./Core/Src/main.o
 .debug_macro   0x000000000001f224       0x26 ./Core/Src/main.o
 .debug_macro   0x000000000001f24a      0x4cc ./Core/Src/main.o
 .debug_macro   0x000000000001f716       0xb5 ./Core/Src/main.o
 .debug_macro   0x000000000001f7cb       0xaa ./Core/Src/main.o
 .debug_macro   0x000000000001f875       0x80 ./Core/Src/main.o
 .debug_macro   0x000000000001f8f5      0x1dd ./Core/Src/stm32f4xx_hal_msp.o
 .debug_macro   0x000000000001fad2      0x1ce ./Core/Src/stm32f4xx_hal_timebase_tim.o
 .debug_macro   0x000000000001fca0      0x1f3 ./Core/Src/stm32f4xx_it.o
 .debug_macro   0x000000000001fe93       0xff ./Core/Src/sysmem.o
 .debug_macro   0x000000000001ff92      0x23b ./Core/Src/sysmem.o
 .debug_macro   0x00000000000201cd      0x1ce ./Core/Src/system_stm32f4xx.o
 .debug_macro   0x000000000002039b      0x22e ./Drivers/STM32F4xx_HAL_Driver/Src/stm32f4xx_hal.o
 .debug_macro   0x00000000000205c9      0x1ce ./Drivers/STM32F4xx_HAL_Driver/Src/stm32f4xx_hal_cortex.o
 .debug_macro   0x0000000000020797      0x1d4 ./Drivers/STM32F4xx_HAL_Driver/Src/stm32f4xx_hal_gpio.o
 .debug_macro   0x000000000002096b      0x1f2 ./Drivers/STM32F4xx_HAL_Driver/Src/stm32f4xx_hal_rcc.o
 .debug_macro   0x0000000000020b5d      0x1cf ./Drivers/STM32F4xx_HAL_Driver/Src/stm32f4xx_hal_tim.o
 .debug_macro   0x0000000000020d2c      0x1ce ./Drivers/STM32F4xx_HAL_Driver/Src/stm32f4xx_hal_tim_ex.o
 .debug_macro   0x0000000000020efa      0x1cf ./Drivers/STM32F4xx_HAL_Driver/Src/stm32f4xx_hal_uart.o
 .debug_macro   0x00000000000210c9      0x18d ./FreeRTOS/list.o
 .debug_macro   0x0000000000021256      0x37c ./FreeRTOS/queue.o
 .debug_macro   0x00000000000215d2       0x16 ./FreeRTOS/queue.o
 .debug_macro   0x00000000000215e8       0x20 ./FreeRTOS/queue.o
 .debug_macro   0x0000000000021608      0x3df ./FreeRTOS/tasks.o
 .debug_macro   0x00000000000219e7       0x10 ./FreeRTOS/tasks.o
 .debug_macro   0x00000000000219f7      0x342 ./FreeRTOS/timers.o
 .debug_macro   0x0000000000021d39       0x97 ./FreeRTOS/timers.o
 .debug_macro   0x0000000000021dd0      0x2fc ./FreeRTOS/portable/ARM_CM4F/port.o
 .debug_macro   0x00000000000220cc      0x314 ./FreeRTOS/portable/MemMang/heap_4.o

.debug_line     0x0000000000000000    0x138f4
 .debug_line    0x0000000000000000      0xa1a ./Core/Src/main.o
 .debug_line    0x0000000000000a1a      0x710 ./Core/Src/stm32f4xx_hal_msp.o
 .debug_line    0x000000000000112a      0x73d ./Core/Src/stm32f4xx_hal_timebase_tim.o
 .debug_line    0x0000000000001867      0x77a ./Core/Src/stm32f4xx_it.o
 .debug_line    0x0000000000001fe1      0x4f4 ./Core/Src/sysmem.o
 .debug_line    0x00000000000024d5      0x745 ./Core/Src/system_stm32f4xx.o
 .debug_line    0x0000000000002c1a       0x88 ./Core/Startup/startup_stm32f407vgtx.o
 .debug_line    0x0000000000002ca2      0x9ab ./Drivers/STM32F4xx_HAL_Driver/Src/stm32f4xx_hal.o
 .debug_line    0x000000000000364d      0xc5a ./Drivers/STM32F4xx_HAL_Driver/Src/stm32f4xx_hal_cortex.o
 .debug_line    0x00000000000042a7      0xb1f ./Drivers/STM32F4xx_HAL_Driver/Src/stm32f4xx_hal_gpio.o
 .debug_line    0x0000000000004dc6      0xd27 ./Drivers/STM32F4xx_HAL_Driver/Src/stm32f4xx_hal_rcc.o
 .debug_line    0x0000000000005aed     0x369f ./Drivers/STM32F4xx_HAL_Driver/Src/stm32f4xx_hal_tim.o
 .debug_line    0x000000000000918c     0x19a8 ./Drivers/STM32F4xx_HAL_Driver/Src/stm32f4xx_hal_tim_ex.o
 .debug_line    0x000000000000ab34     0x2a50 ./Drivers/STM32F4xx_HAL_Driver/Src/stm32f4xx_hal_uart.o
 .debug_line    0x000000000000d584      0x6c2 ./FreeRTOS/list.o
 .debug_line    0x000000000000dc46     0x17eb ./FreeRTOS/queue.o
 .debug_line    0x000000000000f431     0x1f56 ./FreeRTOS/tasks.o
 .debug_line    0x0000000000011387      0xef9 ./FreeRTOS/timers.o
 .debug_line    0x0000000000012280      0xad7 ./FreeRTOS/portable/ARM_CM4F/port.o
 .debug_line    0x0000000000012d57      0xb9d ./FreeRTOS/portable/MemMang/heap_4.o

.debug_str      0x0000000000000000    0xd1f13
 .debug_str     0x0000000000000000    0xc8f51 ./Core/Src/main.o
                                      0xc92f0 (size before relaxing)
 .debug_str     0x00000000000c8f51       0x66 ./Core/Src/stm32f4xx_hal_msp.o
                                      0xc4287 (size before relaxing)
 .debug_str     0x00000000000c8fb7      0x107 ./Core/Src/stm32f4xx_hal_timebase_tim.o
                                      0xc42f7 (size before relaxing)
 .debug_str     0x00000000000c90be       0xdf ./Core/Src/stm32f4xx_it.o
                                      0xc4289 (size before relaxing)
 .debug_str     0x00000000000c919d     0x1cf5 ./Core/Src/sysmem.o
                                       0x5d91 (size before relaxing)
 .debug_str     0x00000000000cae92       0xdb ./Core/Src/system_stm32f4xx.o
                                      0xc3800 (size before relaxing)
 .debug_str     0x00000000000caf6d       0x36 ./Core/Startup/startup_stm32f407vgtx.o
                                         0x53 (size before relaxing)
 .debug_str     0x00000000000cafa3      0x5d3 ./Drivers/STM32F4xx_HAL_Driver/Src/stm32f4xx_hal.o
                                      0xc4384 (size before relaxing)
 .debug_str     0x00000000000cb576      0x33a ./Drivers/STM32F4xx_HAL_Driver/Src/stm32f4xx_hal_cortex.o
                                      0xc40b7 (size before relaxing)
 .debug_str     0x00000000000cb8b0       0xf5 ./Drivers/STM32F4xx_HAL_Driver/Src/stm32f4xx_hal_gpio.o
                                      0xc397b (size before relaxing)
 .debug_str     0x00000000000cb9a5      0x1fd ./Drivers/STM32F4xx_HAL_Driver/Src/stm32f4xx_hal_rcc.o
                                      0xc3c34 (size before relaxing)
 .debug_str     0x00000000000cbba2      0xe69 ./Drivers/STM32F4xx_HAL_Driver/Src/stm32f4xx_hal_tim.o
                                      0xc4b7a (size before relaxing)
 .debug_str     0x00000000000cca0b      0x503 ./Drivers/STM32F4xx_HAL_Driver/Src/stm32f4xx_hal_tim_ex.o
                                      0xc4396 (size before relaxing)
 .debug_str     0x00000000000ccf0e      0x61c ./Drivers/STM32F4xx_HAL_Driver/Src/stm32f4xx_hal_uart.o
                                      0xc41d3 (size before relaxing)
 .debug_str     0x00000000000cd52a     0x1664 ./FreeRTOS/list.o
                                       0xa697 (size before relaxing)
 .debug_str     0x00000000000ceb8e      0xadf ./FreeRTOS/queue.o
                                      0xcb61e (size before relaxing)
 .debug_str     0x00000000000cf66d     0x1a44 ./FreeRTOS/tasks.o
                                      0xcc6db (size before relaxing)
 .debug_str     0x00000000000d10b1      0x4e7 ./FreeRTOS/timers.o
                                      0xcb9cf (size before relaxing)
 .debug_str     0x00000000000d1598      0x760 ./FreeRTOS/portable/ARM_CM4F/port.o
                                      0xc7ce3 (size before relaxing)
 .debug_str     0x00000000000d1cf8      0x21b ./FreeRTOS/portable/MemMang/heap_4.o
                                      0xca572 (size before relaxing)

.comment        0x0000000000000000       0x50
 .comment       0x0000000000000000       0x50 ./Core/Src/main.o
                                         0x51 (size before relaxing)
 .comment       0x0000000000000050       0x51 ./Core/Src/stm32f4xx_hal_msp.o
 .comment       0x0000000000000050       0x51 ./Core/Src/stm32f4xx_hal_timebase_tim.o
 .comment       0x0000000000000050       0x51 ./Core/Src/stm32f4xx_it.o
 .comment       0x0000000000000050       0x51 ./Core/Src/sysmem.o
 .comment       0x0000000000000050       0x51 ./Core/Src/system_stm32f4xx.o
 .comment       0x0000000000000050       0x51 ./Drivers/STM32F4xx_HAL_Driver/Src/stm32f4xx_hal.o
 .comment       0x0000000000000050       0x51 ./Drivers/STM32F4xx_HAL_Driver/Src/stm32f4xx_hal_cortex.o
 .comment       0x0000000000000050       0x51 ./Drivers/STM32F4xx_HAL_Driver/Src/stm32f4xx_hal_gpio.o
 .comment       0x0000000000000050       0x51 ./Drivers/STM32F4xx_HAL_Driver/Src/stm32f4xx_hal_rcc.o
 .comment       0x0000000000000050       0x51 ./Drivers/STM32F4xx_HAL_Driver/Src/stm32f4xx_hal_tim.o
 .comment       0x0000000000000050       0x51 ./Drivers/STM32F4xx_HAL_Driver/Src/stm32f4xx_hal_tim_ex.o
 .comment       0x0000000000000050       0x51 ./Drivers/STM32F4xx_HAL_Driver/Src/stm32f4xx_hal_uart.o
 .comment       0x0000000000000050       0x51 ./FreeRTOS/list.o
 .comment       0x0000000000000050       0x51 ./FreeRTOS/queue.o
 .comment       0x0000000000000050       0x51 ./FreeRTOS/tasks.o
 .comment       0x0000000000000050       0x51 ./FreeRTOS/timers.o
 .comment       0x0000000000000050       0x51 ./FreeRTOS/portable/ARM_CM4F/port.o
 .comment       0x0000000000000050       0x51 ./FreeRTOS/portable/MemMang/heap_4.o

.debug_frame    0x0000000000000000     0x4988
 .debug_frame   0x0000000000000000      0x154 ./Core/Src/main.o
 .debug_frame   0x0000000000000154       0x80 ./Core/Src/stm32f4xx_hal_msp.o
 .debug_frame   0x00000000000001d4       0x74 ./Core/Src/stm32f4xx_hal_timebase_tim.o
 .debug_frame   0x0000000000000248       0xe0 ./Core/Src/stm32f4xx_it.o
 .debug_frame   0x0000000000000328       0x34 ./Core/Src/sysmem.o
 .debug_frame   0x000000000000035c       0x58 ./Core/Src/system_stm32f4xx.o
 .debug_frame   0x00000000000003b4      0x374 ./Drivers/STM32F4xx_HAL_Driver/Src/stm32f4xx_hal.o
 .debug_frame   0x0000000000000728      0x498 ./Drivers/STM32F4xx_HAL_Driver/Src/stm32f4xx_hal_cortex.o
 .debug_frame   0x0000000000000bc0      0x14c ./Drivers/STM32F4xx_HAL_Driver/Src/stm32f4xx_hal_gpio.o
 .debug_frame   0x0000000000000d0c      0x1f4 ./Drivers/STM32F4xx_HAL_Driver/Src/stm32f4xx_hal_rcc.o
 .debug_frame   0x0000000000000f00     0x11c4 ./Drivers/STM32F4xx_HAL_Driver/Src/stm32f4xx_hal_tim.o
 .debug_frame   0x00000000000020c4      0x638 ./Drivers/STM32F4xx_HAL_Driver/Src/stm32f4xx_hal_tim_ex.o
 .debug_frame   0x00000000000026fc      0x92c ./Drivers/STM32F4xx_HAL_Driver/Src/stm32f4xx_hal_uart.o
 .debug_frame   0x0000000000003028       0xd8 ./FreeRTOS/list.o
 .debug_frame   0x0000000000003100      0x530 ./FreeRTOS/queue.o
 .debug_frame   0x0000000000003630      0x880 ./FreeRTOS/tasks.o
 .debug_frame   0x0000000000003eb0      0x368 ./FreeRTOS/timers.o
 .debug_frame   0x0000000000004218      0x1a8 ./FreeRTOS/portable/ARM_CM4F/port.o
 .debug_frame   0x00000000000043c0      0x108 ./FreeRTOS/portable/MemMang/heap_4.o
 .debug_frame   0x00000000000044c8       0x20 d:/st/stm32cubeide_1.11.0/stm32cubeide/plugins/com.st.stm32cube.ide.mcu.externaltools.gnu-tools-for-stm32.10.3-2021.10.win32_1.0.100.202210260954/tools/bin/../lib/gcc/arm-none-eabi/10.3.1/../../../../arm-none-eabi/lib/thumb/v7e-m+fp/hard\libc_nano.a(lib_a-errno.o)
 .debug_frame   0x00000000000044e8       0x2c d:/st/stm32cubeide_1.11.0/stm32cubeide/plugins/com.st.stm32cube.ide.mcu.externaltools.gnu-tools-for-stm32.10.3-2021.10.win32_1.0.100.202210260954/tools/bin/../lib/gcc/arm-none-eabi/10.3.1/../../../../arm-none-eabi/lib/thumb/v7e-m+fp/hard\libc_nano.a(lib_a-init.o)
 .debug_frame   0x0000000000004514       0x28 d:/st/stm32cubeide_1.11.0/stm32cubeide/plugins/com.st.stm32cube.ide.mcu.externaltools.gnu-tools-for-stm32.10.3-2021.10.win32_1.0.100.202210260954/tools/bin/../lib/gcc/arm-none-eabi/10.3.1/../../../../arm-none-eabi/lib/thumb/v7e-m+fp/hard\libc_nano.a(lib_a-memcpy-stub.o)
 .debug_frame   0x000000000000453c       0x20 d:/st/stm32cubeide_1.11.0/stm32cubeide/plugins/com.st.stm32cube.ide.mcu.externaltools.gnu-tools-for-stm32.10.3-2021.10.win32_1.0.100.202210260954/tools/bin/../lib/gcc/arm-none-eabi/10.3.1/../../../../arm-none-eabi/lib/thumb/v7e-m+fp/hard\libc_nano.a(lib_a-memset.o)
 .debug_frame   0x000000000000455c       0x6c d:/st/stm32cubeide_1.11.0/stm32cubeide/plugins/com.st.stm32cube.ide.mcu.externaltools.gnu-tools-for-stm32.10.3-2021.10.win32_1.0.100.202210260954/tools/bin/../lib/gcc/arm-none-eabi/10.3.1/../../../../arm-none-eabi/lib/thumb/v7e-m+fp/hard\libc_nano.a(lib_a-sprintf.o)
 .debug_frame   0x00000000000045c8       0x90 d:/st/stm32cubeide_1.11.0/stm32cubeide/plugins/com.st.stm32cube.ide.mcu.externaltools.gnu-tools-for-stm32.10.3-2021.10.win32_1.0.100.202210260954/tools/bin/../lib/gcc/arm-none-eabi/10.3.1/../../../../arm-none-eabi/lib/thumb/v7e-m+fp/hard\libc_nano.a(lib_a-nano-svfprintf.o)
 .debug_frame   0x0000000000004658       0x60 d:/st/stm32cubeide_1.11.0/stm32cubeide/plugins/com.st.stm32cube.ide.mcu.externaltools.gnu-tools-for-stm32.10.3-2021.10.win32_1.0.100.202210260954/tools/bin/../lib/gcc/arm-none-eabi/10.3.1/../../../../arm-none-eabi/lib/thumb/v7e-m+fp/hard\libc_nano.a(lib_a-nano-vfprintf_i.o)
 .debug_frame   0x00000000000046b8       0x28 d:/st/stm32cubeide_1.11.0/stm32cubeide/plugins/com.st.stm32cube.ide.mcu.externaltools.gnu-tools-for-stm32.10.3-2021.10.win32_1.0.100.202210260954/tools/bin/../lib/gcc/arm-none-eabi/10.3.1/../../../../arm-none-eabi/lib/thumb/v7e-m+fp/hard\libc_nano.a(lib_a-memmove.o)
 .debug_frame   0x00000000000046e0       0x38 d:/st/stm32cubeide_1.11.0/stm32cubeide/plugins/com.st.stm32cube.ide.mcu.externaltools.gnu-tools-for-stm32.10.3-2021.10.win32_1.0.100.202210260954/tools/bin/../lib/gcc/arm-none-eabi/10.3.1/../../../../arm-none-eabi/lib/thumb/v7e-m+fp/hard\libc_nano.a(lib_a-nano-freer.o)
 .debug_frame   0x0000000000004718       0x4c d:/st/stm32cubeide_1.11.0/stm32cubeide/plugins/com.st.stm32cube.ide.mcu.externaltools.gnu-tools-for-stm32.10.3-2021.10.win32_1.0.100.202210260954/tools/bin/../lib/gcc/arm-none-eabi/10.3.1/../../../../arm-none-eabi/lib/thumb/v7e-m+fp/hard\libc_nano.a(lib_a-nano-mallocr.o)
 .debug_frame   0x0000000000004764       0x3c d:/st/stm32cubeide_1.11.0/stm32cubeide/plugins/com.st.stm32cube.ide.mcu.externaltools.gnu-tools-for-stm32.10.3-2021.10.win32_1.0.100.202210260954/tools/bin/../lib/gcc/arm-none-eabi/10.3.1/../../../../arm-none-eabi/lib/thumb/v7e-m+fp/hard\libc_nano.a(lib_a-nano-reallocr.o)