../Core/Src/main.c:72:6:TaskMonitor_App	16	static
../Core/Src/main.c:79:6:Red_LED_app	24	static
../Core/Src/main.c:88:6:Green_LED_App	24	static
../Core/Src/main.c:96:6:Delay_App	24	static
../Core/Src/main.c:116:5:main	16	static
../Core/Src/main.c:193:6:SystemClock_Config	88	static
../Core/Src/main.c:240:13:MX_USART2_UART_Init	8	static
../Core/Src/main.c:273:13:MX_GPIO_Init	56	static
../Core/Src/main.c:422:6:HAL_TIM_PeriodElapsedCallback	16	static
../Core/Src/main.c:439:6:Error_Handler	4	static,ignoring_inline_asm
